*** Using Compiler 'V5.06 update 7 (build 960)', folder: 'D:\Keil_v5\Core\ARM\ARM_Compiler_5.06u7\Bin'
Rebuild target 'Ping_Hen'
assembling startup_stm32f103xb.s...
compiling main.c...
compiling stm32f1xx_hal.c...
compiling usart.c...
compiling stm32f1xx_it.c...
compiling stm32f1xx_hal_rcc_ex.c...
compiling stm32f1xx_hal_gpio_ex.c...
compiling stm32f1xx_hal_rcc.c...
compiling stm32f1xx_hal_pwr.c...
compiling stm32f1xx_hal_dma.c...
compiling stm32f1xx_hal_msp.c...
compiling gpio.c...
../Core/Src/gpio.c(82): error: At end of source:  #5: cannot open source input file "ping_hen\gpio.crf": Invalid argument
../Core/Src/gpio.c: 0 warnings, 1 error
compiling i2c.c...
compiling system_stm32f1xx.c...
compiling BSP_Emm_V5.c...
compiling Emm_V5.c...
compiling dma.c...
compiling Printf_DMA.c...
compiling ssd1306_fonts.c...
compiling stm32f1xx_hal_exti.c...
compiling stm32f1xx_hal_cortex.c...
compiling ssd1306_tests.c...
compiling stm32f1xx_hal_gpio.c...
compiling stm32f1xx_hal_flash.c...
compiling mpu6050.c...
compiling ssd1306.c...
compiling stm32f1xx_hal_flash_ex.c...
compiling stm32f1xx_hal_uart.c...
compiling stm32f1xx_hal_i2c.c...
"Ping_Hen\Ping_Hen.axf" - 1 Error(s), 0 Warning(s).
Target not created.
Build Time Elapsed:  00:00:02
