Component: ARM Compiler 5.06 update 7 (build 960) Tool: armlink [4d3601]

==============================================================================

Section Cross References

    startup_stm32f103xb.o(RESET) refers to startup_stm32f103xb.o(STACK) for __initial_sp
    startup_stm32f103xb.o(RESET) refers to startup_stm32f103xb.o(.text) for Reset_Handler
    startup_stm32f103xb.o(RESET) refers to stm32f1xx_it.o(i.NMI_Handler) for NMI_Handler
    startup_stm32f103xb.o(RESET) refers to stm32f1xx_it.o(i.HardFault_Handler) for HardFault_Handler
    startup_stm32f103xb.o(RESET) refers to stm32f1xx_it.o(i.MemManage_Handler) for MemManage_Handler
    startup_stm32f103xb.o(RESET) refers to stm32f1xx_it.o(i.BusFault_Handler) for BusFault_Handler
    startup_stm32f103xb.o(RESET) refers to stm32f1xx_it.o(i.UsageFault_Handler) for UsageFault_Handler
    startup_stm32f103xb.o(RESET) refers to stm32f1xx_it.o(i.SVC_Handler) for SVC_Handler
    startup_stm32f103xb.o(RESET) refers to stm32f1xx_it.o(i.DebugMon_Handler) for DebugMon_Handler
    startup_stm32f103xb.o(RESET) refers to stm32f1xx_it.o(i.PendSV_Handler) for PendSV_Handler
    startup_stm32f103xb.o(RESET) refers to stm32f1xx_it.o(i.SysTick_Handler) for SysTick_Handler
    startup_stm32f103xb.o(RESET) refers to stm32f1xx_it.o(i.DMA1_Channel4_IRQHandler) for DMA1_Channel4_IRQHandler
    startup_stm32f103xb.o(RESET) refers to stm32f1xx_it.o(i.DMA1_Channel5_IRQHandler) for DMA1_Channel5_IRQHandler
    startup_stm32f103xb.o(RESET) refers to stm32f1xx_it.o(i.DMA1_Channel6_IRQHandler) for DMA1_Channel6_IRQHandler
    startup_stm32f103xb.o(RESET) refers to stm32f1xx_it.o(i.I2C1_EV_IRQHandler) for I2C1_EV_IRQHandler
    startup_stm32f103xb.o(RESET) refers to stm32f1xx_it.o(i.I2C1_ER_IRQHandler) for I2C1_ER_IRQHandler
    startup_stm32f103xb.o(RESET) refers to stm32f1xx_it.o(i.USART1_IRQHandler) for USART1_IRQHandler
    startup_stm32f103xb.o(.text) refers to system_stm32f1xx.o(i.SystemInit) for SystemInit
    startup_stm32f103xb.o(.text) refers to entry.o(.ARM.Collect$$$$00000000) for __main
    main.o(i.SystemClock_Config) refers to memseta.o(.text) for __aeabi_memclr4
    main.o(i.SystemClock_Config) refers to stm32f1xx_hal_rcc.o(i.HAL_RCC_OscConfig) for HAL_RCC_OscConfig
    main.o(i.SystemClock_Config) refers to stm32f1xx_hal_rcc.o(i.HAL_RCC_ClockConfig) for HAL_RCC_ClockConfig
    main.o(i.main) refers to stm32f1xx_hal.o(i.HAL_Init) for HAL_Init
    main.o(i.main) refers to main.o(i.SystemClock_Config) for SystemClock_Config
    main.o(i.main) refers to gpio.o(i.MX_GPIO_Init) for MX_GPIO_Init
    main.o(i.main) refers to dma.o(i.MX_DMA_Init) for MX_DMA_Init
    main.o(i.main) refers to i2c.o(i.MX_I2C1_Init) for MX_I2C1_Init
    main.o(i.main) refers to usart.o(i.MX_USART1_UART_Init) for MX_USART1_UART_Init
    main.o(i.main) refers to i2c.o(i.MX_I2C2_Init) for MX_I2C2_Init
    main.o(i.main) refers to ssd1306.o(i.ssd1306_Init) for ssd1306_Init
    main.o(i.main) refers to ssd1306.o(i.ssd1306_Fill) for ssd1306_Fill
    main.o(i.main) refers to stm32f1xx_hal.o(i.HAL_Delay) for HAL_Delay
    main.o(i.main) refers to user_task.o(i.User_Task_key) for User_Task_key
    gpio.o(i.MX_GPIO_Init) refers to stm32f1xx_hal_gpio.o(i.HAL_GPIO_WritePin) for HAL_GPIO_WritePin
    gpio.o(i.MX_GPIO_Init) refers to stm32f1xx_hal_gpio.o(i.HAL_GPIO_Init) for HAL_GPIO_Init
    dma.o(i.MX_DMA_Init) refers to stm32f1xx_hal_cortex.o(i.HAL_NVIC_SetPriority) for HAL_NVIC_SetPriority
    dma.o(i.MX_DMA_Init) refers to stm32f1xx_hal_cortex.o(i.HAL_NVIC_EnableIRQ) for HAL_NVIC_EnableIRQ
    i2c.o(i.HAL_I2C_MspDeInit) refers to stm32f1xx_hal_gpio.o(i.HAL_GPIO_DeInit) for HAL_GPIO_DeInit
    i2c.o(i.HAL_I2C_MspDeInit) refers to stm32f1xx_hal_dma.o(i.HAL_DMA_DeInit) for HAL_DMA_DeInit
    i2c.o(i.HAL_I2C_MspDeInit) refers to stm32f1xx_hal_cortex.o(i.HAL_NVIC_DisableIRQ) for HAL_NVIC_DisableIRQ
    i2c.o(i.HAL_I2C_MspInit) refers to stm32f1xx_hal_gpio.o(i.HAL_GPIO_Init) for HAL_GPIO_Init
    i2c.o(i.HAL_I2C_MspInit) refers to stm32f1xx_hal_dma.o(i.HAL_DMA_Init) for HAL_DMA_Init
    i2c.o(i.HAL_I2C_MspInit) refers to main.o(i.Error_Handler) for Error_Handler
    i2c.o(i.HAL_I2C_MspInit) refers to stm32f1xx_hal_cortex.o(i.HAL_NVIC_SetPriority) for HAL_NVIC_SetPriority
    i2c.o(i.HAL_I2C_MspInit) refers to stm32f1xx_hal_cortex.o(i.HAL_NVIC_EnableIRQ) for HAL_NVIC_EnableIRQ
    i2c.o(i.HAL_I2C_MspInit) refers to i2c.o(.bss) for .bss
    i2c.o(i.MX_I2C1_Init) refers to stm32f1xx_hal_i2c.o(i.HAL_I2C_Init) for HAL_I2C_Init
    i2c.o(i.MX_I2C1_Init) refers to main.o(i.Error_Handler) for Error_Handler
    i2c.o(i.MX_I2C1_Init) refers to i2c.o(.bss) for .bss
    i2c.o(i.MX_I2C2_Init) refers to stm32f1xx_hal_i2c.o(i.HAL_I2C_Init) for HAL_I2C_Init
    i2c.o(i.MX_I2C2_Init) refers to main.o(i.Error_Handler) for Error_Handler
    i2c.o(i.MX_I2C2_Init) refers to i2c.o(.bss) for .bss
    usart.o(i.HAL_UART_MspDeInit) refers to stm32f1xx_hal_gpio.o(i.HAL_GPIO_DeInit) for HAL_GPIO_DeInit
[...]
    Removing stm32f1xx_hal_uart.o(i.HAL_UART_AbortTransmit_IT), (104 bytes).
    Removing stm32f1xx_hal_uart.o(i.HAL_UART_Abort_IT), (244 bytes).
    Removing stm32f1xx_hal_uart.o(i.HAL_UART_DMAPause), (120 bytes).
    Removing stm32f1xx_hal_uart.o(i.HAL_UART_DMAResume), (114 bytes).
    Removing stm32f1xx_hal_uart.o(i.HAL_UART_DMAStop), (112 bytes).
    Removing stm32f1xx_hal_uart.o(i.HAL_UART_DeInit), (54 bytes).
    Removing stm32f1xx_hal_uart.o(i.HAL_UART_GetError), (4 bytes).
    Removing stm32f1xx_hal_uart.o(i.HAL_UART_GetState), (10 bytes).
    Removing stm32f1xx_hal_uart.o(i.HAL_UART_MspDeInit), (2 bytes).
    Removing stm32f1xx_hal_uart.o(i.HAL_UART_MspInit), (2 bytes).
    Removing stm32f1xx_hal_uart.o(i.HAL_UART_Receive), (176 bytes).
    Removing stm32f1xx_hal_uart.o(i.HAL_UART_Receive_DMA), (28 bytes).
    Removing stm32f1xx_hal_uart.o(i.HAL_UART_Receive_IT), (28 bytes).
    Removing stm32f1xx_hal_uart.o(i.HAL_UART_RxHalfCpltCallback), (2 bytes).
    Removing stm32f1xx_hal_uart.o(i.HAL_UART_Transmit), (160 bytes).
    Removing stm32f1xx_hal_uart.o(i.HAL_UART_Transmit_IT), (50 bytes).
    Removing stm32f1xx_hal_uart.o(i.UART_DMAReceiveCplt), (134 bytes).
    Removing stm32f1xx_hal_uart.o(i.UART_DMARxAbortCallback), (44 bytes).
    Removing stm32f1xx_hal_uart.o(i.UART_DMARxHalfCplt), (30 bytes).
    Removing stm32f1xx_hal_uart.o(i.UART_DMARxOnlyAbortCallback), (22 bytes).
    Removing stm32f1xx_hal_uart.o(i.UART_DMATxAbortCallback), (44 bytes).
    Removing stm32f1xx_hal_uart.o(i.UART_DMATxOnlyAbortCallback), (20 bytes).
    Removing stm32f1xx_hal_uart.o(i.UART_Start_Receive_DMA), (144 bytes).
    Removing stm32f1xx_hal_uart.o(i.UART_Start_Receive_IT), (54 bytes).
    Removing stm32f1xx_hal_uart.o(i.UART_WaitOnFlagUntilTimeout), (114 bytes).
    Removing system_stm32f1xx.o(.rev16_text), (4 bytes).
    Removing system_stm32f1xx.o(.revsh_text), (4 bytes).
    Removing system_stm32f1xx.o(.rrx_text), (6 bytes).
    Removing system_stm32f1xx.o(i.SystemCoreClockUpdate), (104 bytes).
    Removing ssd1306.o(.rev16_text), (4 bytes).
    Removing ssd1306.o(.revsh_text), (4 bytes).
    Removing ssd1306.o(.rrx_text), (6 bytes).
    Removing ssd1306.o(i.ssd1306_DegToRad), (12 bytes).
    Removing ssd1306.o(i.ssd1306_DrawArc), (242 bytes).
    Removing ssd1306.o(i.ssd1306_DrawArcWithRadiusLine), (364 bytes).
    Removing ssd1306.o(i.ssd1306_DrawBitmap), (110 bytes).
    Removing ssd1306.o(i.ssd1306_DrawCircle), (144 bytes).
    Removing ssd1306.o(i.ssd1306_DrawPixel), (48 bytes).
    Removing ssd1306.o(i.ssd1306_DrawRectangle), (68 bytes).
    Removing ssd1306.o(i.ssd1306_FillBuffer), (32 bytes).
    Removing ssd1306.o(i.ssd1306_FillCircle), (142 bytes).
    Removing ssd1306.o(i.ssd1306_FillRectangle), (86 bytes).
    Removing ssd1306.o(i.ssd1306_GetDisplayOn), (12 bytes).
    Removing ssd1306.o(i.ssd1306_InvertRectangle), (152 bytes).
    Removing ssd1306.o(i.ssd1306_Line), (126 bytes).
    Removing ssd1306.o(i.ssd1306_NormalizeTo0_360), (24 bytes).
    Removing ssd1306.o(i.ssd1306_Polyline), (50 bytes).
    Removing ssd1306.o(i.ssd1306_Reset), (2 bytes).
    Removing ssd1306.o(i.ssd1306_SetCursor), (12 bytes).
    Removing ssd1306.o(i.ssd1306_UpdateScreen_DMA), (60 bytes).
    Removing ssd1306.o(i.ssd1306_WriteChar), (168 bytes).
    Removing ssd1306.o(i.ssd1306_WriteString), (52 bytes).
    Removing ssd1306_fonts.o(.rev16_text), (4 bytes).
    Removing ssd1306_fonts.o(.revsh_text), (4 bytes).
    Removing ssd1306_fonts.o(.rrx_text), (6 bytes).
    Removing ssd1306_fonts.o(.constdata), (1900 bytes).
    Removing ssd1306_fonts.o(.constdata), (3420 bytes).
    Removing ssd1306_fonts.o(.constdata), (4940 bytes).
    Removing ssd1306_fonts.o(.constdata), (1520 bytes).
    Removing ssd1306_fonts.o(.constdata), (4560 bytes).
    Removing ssd1306_fonts.o(.constdata), (2850 bytes).
    Removing ssd1306_fonts.o(.constdata), (95 bytes).
    Removing ssd1306_fonts.o(.constdata), (12 bytes).
    Removing ssd1306_fonts.o(.constdata), (12 bytes).
    Removing ssd1306_fonts.o(.constdata), (12 bytes).
    Removing ssd1306_fonts.o(.constdata), (12 bytes).
    Removing ssd1306_fonts.o(.constdata), (12 bytes).
    Removing ssd1306_fonts.o(.constdata), (12 bytes).
    Removing ssd1306_tests.o(.rev16_text), (4 bytes).
    Removing ssd1306_tests.o(.revsh_text), (4 bytes).
    Removing ssd1306_tests.o(.rrx_text), (6 bytes).
    Removing ssd1306_tests.o(i.ssd1306_TestAll), (168 bytes).
    Removing ssd1306_tests.o(i.ssd1306_TestArc), (48 bytes).
    Removing ssd1306_tests.o(i.ssd1306_TestBorder), (98 bytes).
    Removing ssd1306_tests.o(i.ssd1306_TestCircle), (72 bytes).
    Removing ssd1306_tests.o(i.ssd1306_TestDrawBitmap), (116 bytes).
    Removing ssd1306_tests.o(i.ssd1306_TestFPS), (296 bytes).
    Removing ssd1306_tests.o(i.ssd1306_TestFonts1), (172 bytes).
    Removing ssd1306_tests.o(i.ssd1306_TestFonts2), (104 bytes).
    Removing ssd1306_tests.o(i.ssd1306_TestFonts3), (132 bytes).
    Removing ssd1306_tests.o(i.ssd1306_TestLine), (40 bytes).
    Removing ssd1306_tests.o(i.ssd1306_TestPolyline), (32 bytes).
    Removing ssd1306_tests.o(i.ssd1306_TestRectangle), (52 bytes).
    Removing ssd1306_tests.o(i.ssd1306_TestRectangleFill), (70 bytes).
    Removing ssd1306_tests.o(i.ssd1306_TestRectangleInvert), (184 bytes).
    Removing ssd1306_tests.o(.constdata), (1550 bytes).
    Removing printf_dma.o(.rev16_text), (4 bytes).
    Removing printf_dma.o(.revsh_text), (4 bytes).
    Removing printf_dma.o(.rrx_text), (6 bytes).
    Removing printf_dma.o(i.printf_dma), (56 bytes).
    Removing printf_dma.o(.bss), (256 bytes).
    Removing mpu6050.o(.rev16_text), (4 bytes).
    Removing mpu6050.o(.revsh_text), (4 bytes).
    Removing mpu6050.o(.rrx_text), (6 bytes).
    Removing mpu6050.o(i.Kalman_getAngle), (396 bytes).
    Removing mpu6050.o(i.MPU6050_CalibrateGyro), (288 bytes).
    Removing mpu6050.o(i.MPU6050_Init), (196 bytes).
    Removing mpu6050.o(i.MPU6050_Read_Accel), (110 bytes).
    Removing mpu6050.o(i.MPU6050_Read_All), (664 bytes).
    Removing mpu6050.o(i.MPU6050_Read_Gyro), (156 bytes).
    Removing mpu6050.o(i.MPU6050_Read_Temp), (60 bytes).
    Removing mpu6050.o(.constdata), (2 bytes).
    Removing mpu6050.o(.constdata), (8 bytes).
    Removing mpu6050.o(.data), (176 bytes).
    Removing emm_v5.o(.rev16_text), (4 bytes).
    Removing emm_v5.o(.revsh_text), (4 bytes).
    Removing emm_v5.o(.rrx_text), (6 bytes).
    Removing emm_v5.o(i.Emm_V5_Auto_Return_Sys_Params_Timed), (152 bytes).
    Removing emm_v5.o(i.Emm_V5_En_Control), (40 bytes).
    Removing emm_v5.o(i.Emm_V5_MMCL_Auto_Return_Sys_Params_Timed), (192 bytes).
    Removing emm_v5.o(i.Emm_V5_MMCL_En_Control), (80 bytes).
    Removing emm_v5.o(i.Emm_V5_MMCL_Origin_Interrupt), (72 bytes).
    Removing emm_v5.o(i.Emm_V5_MMCL_Origin_Modify_Params), (184 bytes).
    Removing emm_v5.o(i.Emm_V5_MMCL_Origin_Set_O), (76 bytes).
    Removing emm_v5.o(i.Emm_V5_MMCL_Origin_Trigger_Return), (76 bytes).
    Removing emm_v5.o(i.Emm_V5_MMCL_Pos_Control), (120 bytes).
    Removing emm_v5.o(i.Emm_V5_MMCL_QPos_Control), (88 bytes).
    Removing emm_v5.o(i.Emm_V5_MMCL_Read_Sys_Params), (168 bytes).
    Removing emm_v5.o(i.Emm_V5_MMCL_Reset_Clog_Pro), (72 bytes).
    Removing emm_v5.o(i.Emm_V5_MMCL_Reset_CurPos_To_Zero), (72 bytes).
    Removing emm_v5.o(i.Emm_V5_MMCL_Reset_Motor), (72 bytes).
    Removing emm_v5.o(i.Emm_V5_MMCL_Restore_Motor), (72 bytes).
    Removing emm_v5.o(i.Emm_V5_MMCL_Set_QPos_Params), (92 bytes).
    Removing emm_v5.o(i.Emm_V5_MMCL_Stop_Now), (76 bytes).
    Removing emm_v5.o(i.Emm_V5_MMCL_Synchronous_motion), (72 bytes).
    Removing emm_v5.o(i.Emm_V5_MMCL_Trig_Encoder_Cal), (72 bytes).
    Removing emm_v5.o(i.Emm_V5_MMCL_Vel_Control), (92 bytes).
    Removing emm_v5.o(i.Emm_V5_Modify_Ctrl_Mode), (40 bytes).
    Removing emm_v5.o(i.Emm_V5_Modify_DMX512_Params), (104 bytes).
    Removing emm_v5.o(i.Emm_V5_Modify_FOC_mA), (44 bytes).
    Removing emm_v5.o(i.Emm_V5_Modify_Firmware_Type), (40 bytes).
    Removing emm_v5.o(i.Emm_V5_Modify_Heart_Protect), (52 bytes).
    Removing emm_v5.o(i.Emm_V5_Modify_Integral_Limit), (52 bytes).
    Removing emm_v5.o(i.Emm_V5_Modify_Lock_Btn), (40 bytes).
    Removing emm_v5.o(i.Emm_V5_Modify_MicroStep), (40 bytes).
    Removing emm_v5.o(i.Emm_V5_Modify_Motor_Dir), (40 bytes).
    Removing emm_v5.o(i.Emm_V5_Modify_Motor_ID), (40 bytes).
    Removing emm_v5.o(i.Emm_V5_Modify_Motor_Type), (48 bytes).
    Removing emm_v5.o(i.Emm_V5_Modify_OM_mA), (44 bytes).
    Removing emm_v5.o(i.Emm_V5_Modify_Otocp), (60 bytes).
    Removing emm_v5.o(i.Emm_V5_Modify_PDFlag), (32 bytes).
    Removing emm_v5.o(i.Emm_V5_Modify_PID_Params), (84 bytes).
    Removing emm_v5.o(i.Emm_V5_Modify_Pos_Window), (44 bytes).
    Removing emm_v5.o(i.Emm_V5_Modify_S_Vel), (40 bytes).
    Removing emm_v5.o(i.Emm_V5_Multi_Motor_Cmd), (92 bytes).
    Removing emm_v5.o(i.Emm_V5_Origin_Interrupt), (32 bytes).
    Removing emm_v5.o(i.Emm_V5_Origin_Modify_Params), (116 bytes).
    Removing emm_v5.o(i.Emm_V5_Origin_Read_Params), (28 bytes).
    Removing emm_v5.o(i.Emm_V5_Origin_Set_O), (36 bytes).
    Removing emm_v5.o(i.Emm_V5_Origin_Trigger_Return), (36 bytes).
    Removing emm_v5.o(i.Emm_V5_QPos_Control), (44 bytes).
    Removing emm_v5.o(i.Emm_V5_Read_DMX512_Params), (32 bytes).
    Removing emm_v5.o(i.Emm_V5_Read_Heart_Protect), (28 bytes).
    Removing emm_v5.o(i.Emm_V5_Read_Integral_Limit), (28 bytes).
    Removing emm_v5.o(i.Emm_V5_Read_Motor_Conf_Params), (32 bytes).
    Removing emm_v5.o(i.Emm_V5_Read_Opt_Param_Sta), (28 bytes).
    Removing emm_v5.o(i.Emm_V5_Read_Otocp), (28 bytes).
    Removing emm_v5.o(i.Emm_V5_Read_PID_Params), (28 bytes).
    Removing emm_v5.o(i.Emm_V5_Read_Pos_Window), (28 bytes).
    Removing emm_v5.o(i.Emm_V5_Read_Sys_Params), (132 bytes).
    Removing emm_v5.o(i.Emm_V5_Read_System_State_Params), (32 bytes).
    Removing emm_v5.o(i.Emm_V5_Reset_Clog_Pro), (32 bytes).
    Removing emm_v5.o(i.Emm_V5_Reset_CurPos_To_Zero), (32 bytes).
    Removing emm_v5.o(i.Emm_V5_Reset_Motor), (32 bytes).
    Removing emm_v5.o(i.Emm_V5_Restore_Motor), (32 bytes).
    Removing emm_v5.o(i.Emm_V5_Set_QPos_Params), (48 bytes).
    Removing emm_v5.o(i.Emm_V5_Stop_Now), (36 bytes).
    Removing emm_v5.o(i.Emm_V5_Synchronous_motion), (32 bytes).
    Removing emm_v5.o(i.Emm_V5_Trig_Encoder_Cal), (32 bytes).
    Removing emm_v5.o(i.Emm_V5_Vel_Control), (48 bytes).
    Removing emm_v5.o(i.X_V2_MMCL_Origin_Modify_SL_RP), (68 bytes).
    Removing emm_v5.o(i.X_V2_MMCL_Origin_Read_SL_RP), (56 bytes).
    Removing emm_v5.o(i.X_V2_Origin_Modify_SL_RP), (44 bytes).
    Removing emm_v5.o(i.X_V2_Origin_Read_SL_RP), (28 bytes).
    Removing emm_v5.o(.data), (2 bytes).
    Removing bsp_emm_v5.o(.rev16_text), (4 bytes).
    Removing bsp_emm_v5.o(.revsh_text), (4 bytes).
    Removing bsp_emm_v5.o(.rrx_text), (6 bytes).
    Removing user_task.o(.rev16_text), (4 bytes).
    Removing user_task.o(.revsh_text), (4 bytes).
    Removing user_task.o(.rrx_text), (6 bytes).
    Removing fadd.o(.text), (176 bytes).
    Removing fmul.o(.text), (100 bytes).
    Removing fdiv.o(.text), (124 bytes).
    Removing dadd.o(.text), (334 bytes).
    Removing dmul.o(.text), (228 bytes).
    Removing ddiv.o(.text), (222 bytes).
    Removing dscalb.o(.text), (46 bytes).
    Removing fflti.o(.text), (18 bytes).
    Removing ffltui.o(.text), (10 bytes).
    Removing dflti.o(.text), (34 bytes).
    Removing dfltui.o(.text), (26 bytes).
    Removing dfltl.o(.text), (40 bytes).
    Removing ffixi.o(.text), (50 bytes).
    Removing dfixi.o(.text), (62 bytes).
    Removing f2d.o(.text), (38 bytes).
    Removing cdcmple.o(.text), (48 bytes).
    Removing cdrcmple.o(.text), (48 bytes).
    Removing fepilogue.o(.text), (110 bytes).
    Removing frnd.o(.text), (60 bytes).
    Removing depilogue.o(.text), (186 bytes).
    Removing dsqrt.o(.text), (162 bytes).
    Removing dfixul.o(.text), (48 bytes).
    Removing fscalb.o(.text), (24 bytes).

442 unused section(s) (total 53378 bytes) removed from the image.

==============================================================================

Image Symbol Table

    Local Symbols

    Symbol Name                              Value     Ov Type        Size  Object(Section)

    ../Core/Src/dma.c                        0x00000000   Number         0  dma.o ABSOLUTE
    ../Core/Src/gpio.c                       0x00000000   Number         0  gpio.o ABSOLUTE
    ../Core/Src/i2c.c                        0x00000000   Number         0  i2c.o ABSOLUTE
    ../Core/Src/main.c                       0x00000000   Number         0  main.o ABSOLUTE
    ../Core/Src/stm32f1xx_hal_msp.c          0x00000000   Number         0  stm32f1xx_hal_msp.o ABSOLUTE
    ../Core/Src/stm32f1xx_it.c               0x00000000   Number         0  stm32f1xx_it.o ABSOLUTE
    ../Core/Src/system_stm32f1xx.c           0x00000000   Number         0  system_stm32f1xx.o ABSOLUTE
    ../Core/Src/usart.c                      0x00000000   Number         0  usart.o ABSOLUTE
    ../Drivers/STM32F1xx_HAL_Driver/Src/stm32f1xx_hal.c 0x00000000   Number         0  stm32f1xx_hal.o ABSOLUTE
    ../Drivers/STM32F1xx_HAL_Driver/Src/stm32f1xx_hal_cortex.c 0x00000000   Number         0  stm32f1xx_hal_cortex.o ABSOLUTE
    ../Drivers/STM32F1xx_HAL_Driver/Src/stm32f1xx_hal_dma.c 0x00000000   Number         0  stm32f1xx_hal_dma.o ABSOLUTE
    ../Drivers/STM32F1xx_HAL_Driver/Src/stm32f1xx_hal_exti.c 0x00000000   Number         0  stm32f1xx_hal_exti.o ABSOLUTE
    ../Drivers/STM32F1xx_HAL_Driver/Src/stm32f1xx_hal_flash.c 0x00000000   Number         0  stm32f1xx_hal_flash.o ABSOLUTE
    ../Drivers/STM32F1xx_HAL_Driver/Src/stm32f1xx_hal_flash_ex.c 0x00000000   Number         0  stm32f1xx_hal_flash_ex.o ABSOLUTE
    ../Drivers/STM32F1xx_HAL_Driver/Src/stm32f1xx_hal_gpio.c 0x00000000   Number         0  stm32f1xx_hal_gpio.o ABSOLUTE
    ../Drivers/STM32F1xx_HAL_Driver/Src/stm32f1xx_hal_gpio_ex.c 0x00000000   Number         0  stm32f1xx_hal_gpio_ex.o ABSOLUTE
    ../Drivers/STM32F1xx_HAL_Driver/Src/stm32f1xx_hal_i2c.c 0x00000000   Number         0  stm32f1xx_hal_i2c.o ABSOLUTE
    ../Drivers/STM32F1xx_HAL_Driver/Src/stm32f1xx_hal_pwr.c 0x00000000   Number         0  stm32f1xx_hal_pwr.o ABSOLUTE
    ../Drivers/STM32F1xx_HAL_Driver/Src/stm32f1xx_hal_rcc.c 0x00000000   Number         0  stm32f1xx_hal_rcc.o ABSOLUTE
    ../Drivers/STM32F1xx_HAL_Driver/Src/stm32f1xx_hal_rcc_ex.c 0x00000000   Number         0  stm32f1xx_hal_rcc_ex.o ABSOLUTE
    ../Drivers/STM32F1xx_HAL_Driver/Src/stm32f1xx_hal_uart.c 0x00000000   Number         0  stm32f1xx_hal_uart.o ABSOLUTE
    ../clib/microlib/division.c              0x00000000   Number         0  uidiv.o ABSOLUTE
    ../clib/microlib/division.c              0x00000000   Number         0  uldiv.o ABSOLUTE
    ../clib/microlib/errno.c                 0x00000000   Number         0  errno.o ABSOLUTE
    ../clib/microlib/init/entry.s            0x00000000   Number         0  entry11b.o ABSOLUTE
    ../clib/microlib/init/entry.s            0x00000000   Number         0  entry12a.o ABSOLUTE
    ../clib/microlib/init/entry.s            0x00000000   Number         0  entry12b.o ABSOLUTE
    ../clib/microlib/init/entry.s            0x00000000   Number         0  entry.o ABSOLUTE
    ../clib/microlib/init/entry.s            0x00000000   Number         0  entry9a.o ABSOLUTE
    ../clib/microlib/init/entry.s            0x00000000   Number         0  entry9b.o ABSOLUTE
    ../clib/microlib/init/entry.s            0x00000000   Number         0  entry10a.o ABSOLUTE
    ../clib/microlib/init/entry.s            0x00000000   Number         0  entry10b.o ABSOLUTE
    ../clib/microlib/init/entry.s            0x00000000   Number         0  entry2.o ABSOLUTE
    ../clib/microlib/init/entry.s            0x00000000   Number         0  entry7a.o ABSOLUTE
    ../clib/microlib/init/entry.s            0x00000000   Number         0  entry7b.o ABSOLUTE
    ../clib/microlib/init/entry.s            0x00000000   Number         0  entry8a.o ABSOLUTE
    ../clib/microlib/init/entry.s            0x00000000   Number         0  entry5.o ABSOLUTE
    ../clib/microlib/init/entry.s            0x00000000   Number         0  entry11a.o ABSOLUTE
    ../clib/microlib/init/entry.s            0x00000000   Number         0  entry8b.o ABSOLUTE
    ../clib/microlib/longlong.c              0x00000000   Number         0  llsshr.o ABSOLUTE
    ../clib/microlib/longlong.c              0x00000000   Number         0  llshl.o ABSOLUTE
    ../clib/microlib/longlong.c              0x00000000   Number         0  llushr.o ABSOLUTE
    ../clib/microlib/printf/printf.c         0x00000000   Number         0  printf7.o ABSOLUTE
    ../clib/microlib/printf/printf.c         0x00000000   Number         0  printfa.o ABSOLUTE
    ../clib/microlib/printf/printf.c         0x00000000   Number         0  printf8.o ABSOLUTE
    ../clib/microlib/printf/printf.c         0x00000000   Number         0  printfb.o ABSOLUTE
    ../clib/microlib/printf/printf.c         0x00000000   Number         0  printf0.o ABSOLUTE
    ../clib/microlib/printf/printf.c         0x00000000   Number         0  printf4.o ABSOLUTE
    ../clib/microlib/printf/printf.c         0x00000000   Number         0  printf1.o ABSOLUTE
    ../clib/microlib/printf/printf.c         0x00000000   Number         0  printf2.o ABSOLUTE
    ../clib/microlib/printf/printf.c         0x00000000   Number         0  printf3.o ABSOLUTE
    ../clib/microlib/printf/printf.c         0x00000000   Number         0  printf5.o ABSOLUTE
    ../clib/microlib/printf/printf.c         0x00000000   Number         0  printf6.o ABSOLUTE
    ../clib/microlib/printf/stubs.s          0x00000000   Number         0  stubs.o ABSOLUTE
    ../clib/microlib/stdio/fputc.c           0x00000000   Number         0  fputc.o ABSOLUTE
    ../clib/microlib/stdio/semi.s            0x00000000   Number         0  semi.o ABSOLUTE
    ../clib/microlib/stdio/streams.c         0x00000000   Number         0  stdout.o ABSOLUTE
    ../clib/microlib/string/memcpy.c         0x00000000   Number         0  memmoveb.o ABSOLUTE
    ../clib/microlib/string/memcpy.c         0x00000000   Number         0  memcpya.o ABSOLUTE
    ../clib/microlib/string/memcpy.c         0x00000000   Number         0  memcpyb.o ABSOLUTE
    ../clib/microlib/string/memcpy.c         0x00000000   Number         0  memmovea.o ABSOLUTE
    ../clib/microlib/string/memset.c         0x00000000   Number         0  memseta.o ABSOLUTE
    ../clib/microlib/stubs.s                 0x00000000   Number         0  iusesemip.o ABSOLUTE
    ../clib/microlib/stubs.s                 0x00000000   Number         0  iusefp.o ABSOLUTE
    ../fplib/microlib/f2d.c                  0x00000000   Number         0  f2d.o ABSOLUTE
    ../fplib/microlib/fpadd.c                0x00000000   Number         0  fadd.o ABSOLUTE
    ../fplib/microlib/fpadd.c                0x00000000   Number         0  dadd.o ABSOLUTE
    ../fplib/microlib/fpdiv.c                0x00000000   Number         0  fdiv.o ABSOLUTE
    ../fplib/microlib/fpdiv.c                0x00000000   Number         0  ddiv.o ABSOLUTE
    ../fplib/microlib/fpepilogue.c           0x00000000   Number         0  depilogue.o ABSOLUTE
    ../fplib/microlib/fpepilogue.c           0x00000000   Number         0  fepilogue.o ABSOLUTE
    ../fplib/microlib/fpfix.c                0x00000000   Number         0  dfixul.o ABSOLUTE
    ../fplib/microlib/fpfix.c                0x00000000   Number         0  ffixi.o ABSOLUTE
    ../fplib/microlib/fpfix.c                0x00000000   Number         0  dfixi.o ABSOLUTE
    ../fplib/microlib/fpflt.c                0x00000000   Number         0  dflti.o ABSOLUTE
    ../fplib/microlib/fpflt.c                0x00000000   Number         0  fflti.o ABSOLUTE
    ../fplib/microlib/fpflt.c                0x00000000   Number         0  ffltui.o ABSOLUTE
    ../fplib/microlib/fpflt.c                0x00000000   Number         0  dfltui.o ABSOLUTE
    ../fplib/microlib/fpflt.c                0x00000000   Number         0  dfltl.o ABSOLUTE
    ../fplib/microlib/fpmul.c                0x00000000   Number         0  fmul.o ABSOLUTE
    ../fplib/microlib/fpmul.c                0x00000000   Number         0  dmul.o ABSOLUTE
    ../fplib/microlib/fprnd.c                0x00000000   Number         0  frnd.o ABSOLUTE
    ../fplib/microlib/fpscalb.c              0x00000000   Number         0  fscalb.o ABSOLUTE
    ../fplib/microlib/fpscalb.c              0x00000000   Number         0  dscalb.o ABSOLUTE
    ../fplib/microlib/fpsqrt.c               0x00000000   Number         0  dsqrt.o ABSOLUTE
    ../mathlib/atan.c                        0x00000000   Number         0  atan.o ABSOLUTE
    ../mathlib/atan.c                        0x00000000   Number         0  atan_x.o ABSOLUTE
    ../mathlib/atan2.c                       0x00000000   Number         0  atan2.o ABSOLUTE
    ../mathlib/atan2.c                       0x00000000   Number         0  atan2_x.o ABSOLUTE
    ../mathlib/cosf.c                        0x00000000   Number         0  cosf_x.o ABSOLUTE
    ../mathlib/cosf.c                        0x00000000   Number         0  cosf.o ABSOLUTE
    ../mathlib/dunder.c                      0x00000000   Number         0  dunder.o ABSOLUTE
    ../mathlib/fpclassify.c                  0x00000000   Number         0  fpclassify.o ABSOLUTE
    ../mathlib/fpclassifyf.c                 0x00000000   Number         0  fpclassifyf.o ABSOLUTE
    ../mathlib/funder.c                      0x00000000   Number         0  funder.o ABSOLUTE
    ../mathlib/poly.c                        0x00000000   Number         0  poly.o ABSOLUTE
    ../mathlib/qnan.c                        0x00000000   Number         0  qnan.o ABSOLUTE
    ../mathlib/rredf.c                       0x00000000   Number         0  rredf.o ABSOLUTE
    ../mathlib/sinf.c                        0x00000000   Number         0  sinf_x.o ABSOLUTE
    ../mathlib/sinf.c                        0x00000000   Number         0  sinf.o ABSOLUTE
    ../mathlib/sqrt.c                        0x00000000   Number         0  sqrt.o ABSOLUTE
    ../mathlib/sqrt.c                        0x00000000   Number         0  sqrt_x.o ABSOLUTE
    ..\Core\Src\dma.c                        0x00000000   Number         0  dma.o ABSOLUTE
    ..\Core\Src\gpio.c                       0x00000000   Number         0  gpio.o ABSOLUTE
    ..\Core\Src\i2c.c                        0x00000000   Number         0  i2c.o ABSOLUTE
    ..\Core\Src\main.c                       0x00000000   Number         0  main.o ABSOLUTE
    ..\Core\Src\stm32f1xx_hal_msp.c          0x00000000   Number         0  stm32f1xx_hal_msp.o ABSOLUTE
    ..\Core\Src\stm32f1xx_it.c               0x00000000   Number         0  stm32f1xx_it.o ABSOLUTE
    ..\Core\Src\system_stm32f1xx.c           0x00000000   Number         0  system_stm32f1xx.o ABSOLUTE
    ..\Core\Src\usart.c                      0x00000000   Number         0  usart.o ABSOLUTE
    ..\Drivers\STM32F1xx_HAL_Driver\Src\stm32f1xx_hal.c 0x00000000   Number         0  stm32f1xx_hal.o ABSOLUTE
    ..\Drivers\STM32F1xx_HAL_Driver\Src\stm32f1xx_hal_cortex.c 0x00000000   Number         0  stm32f1xx_hal_cortex.o ABSOLUTE
    ..\Drivers\STM32F1xx_HAL_Driver\Src\stm32f1xx_hal_dma.c 0x00000000   Number         0  stm32f1xx_hal_dma.o ABSOLUTE
    ..\Drivers\STM32F1xx_HAL_Driver\Src\stm32f1xx_hal_exti.c 0x00000000   Number         0  stm32f1xx_hal_exti.o ABSOLUTE
    ..\Drivers\STM32F1xx_HAL_Driver\Src\stm32f1xx_hal_flash.c 0x00000000   Number         0  stm32f1xx_hal_flash.o ABSOLUTE
    ..\Drivers\STM32F1xx_HAL_Driver\Src\stm32f1xx_hal_flash_ex.c 0x00000000   Number         0  stm32f1xx_hal_flash_ex.o ABSOLUTE
    ..\Drivers\STM32F1xx_HAL_Driver\Src\stm32f1xx_hal_gpio.c 0x00000000   Number         0  stm32f1xx_hal_gpio.o ABSOLUTE
    ..\Drivers\STM32F1xx_HAL_Driver\Src\stm32f1xx_hal_gpio_ex.c 0x00000000   Number         0  stm32f1xx_hal_gpio_ex.o ABSOLUTE
    ..\Drivers\STM32F1xx_HAL_Driver\Src\stm32f1xx_hal_i2c.c 0x00000000   Number         0  stm32f1xx_hal_i2c.o ABSOLUTE
    ..\Drivers\STM32F1xx_HAL_Driver\Src\stm32f1xx_hal_pwr.c 0x00000000   Number         0  stm32f1xx_hal_pwr.o ABSOLUTE
    ..\Drivers\STM32F1xx_HAL_Driver\Src\stm32f1xx_hal_rcc.c 0x00000000   Number         0  stm32f1xx_hal_rcc.o ABSOLUTE
    ..\Drivers\STM32F1xx_HAL_Driver\Src\stm32f1xx_hal_rcc_ex.c 0x00000000   Number         0  stm32f1xx_hal_rcc_ex.o ABSOLUTE
    ..\Drivers\STM32F1xx_HAL_Driver\Src\stm32f1xx_hal_uart.c 0x00000000   Number         0  stm32f1xx_hal_uart.o ABSOLUTE
    ..\User_BSP\BSP_Emm_V5.c                 0x00000000   Number         0  bsp_emm_v5.o ABSOLUTE
    ..\User_BSP\User_Task.c                  0x00000000   Number         0  user_task.o ABSOLUTE
    ..\User_Drivers\Emm_V5.c                 0x00000000   Number         0  emm_v5.o ABSOLUTE
    ..\User_Drivers\Printf_DMA.c             0x00000000   Number         0  printf_dma.o ABSOLUTE
    ..\User_Drivers\mpu6050.c                0x00000000   Number         0  mpu6050.o ABSOLUTE
    ..\User_Drivers\ssd1306.c                0x00000000   Number         0  ssd1306.o ABSOLUTE
    ..\User_Drivers\ssd1306_fonts.c          0x00000000   Number         0  ssd1306_fonts.o ABSOLUTE
    ..\User_Drivers\ssd1306_tests.c          0x00000000   Number         0  ssd1306_tests.o ABSOLUTE
    ..\\User_BSP\\BSP_Emm_V5.c               0x00000000   Number         0  bsp_emm_v5.o ABSOLUTE
    ..\\User_BSP\\User_Task.c                0x00000000   Number         0  user_task.o ABSOLUTE
    ..\\User_Drivers\\Emm_V5.c               0x00000000   Number         0  emm_v5.o ABSOLUTE
    ..\\User_Drivers\\Printf_DMA.c           0x00000000   Number         0  printf_dma.o ABSOLUTE
    ..\\User_Drivers\\mpu6050.c              0x00000000   Number         0  mpu6050.o ABSOLUTE
    ..\\User_Drivers\\ssd1306.c              0x00000000   Number         0  ssd1306.o ABSOLUTE
    ..\\User_Drivers\\ssd1306_fonts.c        0x00000000   Number         0  ssd1306_fonts.o ABSOLUTE
    ..\\User_Drivers\\ssd1306_tests.c        0x00000000   Number         0  ssd1306_tests.o ABSOLUTE
    cdcmple.s                                0x00000000   Number         0  cdcmple.o ABSOLUTE
    cdrcmple.s                               0x00000000   Number         0  cdrcmple.o ABSOLUTE
    dc.s                                     0x00000000   Number         0  dc.o ABSOLUTE
    handlers.s                               0x00000000   Number         0  handlers.o ABSOLUTE
    init.s                                   0x00000000   Number         0  init.o ABSOLUTE
    startup_stm32f103xb.s                    0x00000000   Number         0  startup_stm32f103xb.o ABSOLUTE
    RESET                                    0x08000000   Section      236  startup_stm32f103xb.o(RESET)
    .ARM.Collect$$$$00000000                 0x080000ec   Section        0  entry.o(.ARM.Collect$$$$00000000)
    .ARM.Collect$$$$00000001                 0x080000ec   Section        4  entry2.o(.ARM.Collect$$$$00000001)
    .ARM.Collect$$$$00000004                 0x080000f0   Section        4  entry5.o(.ARM.Collect$$$$00000004)
    .ARM.Collect$$$$00000008                 0x080000f4   Section        0  entry7b.o(.ARM.Collect$$$$00000008)
    .ARM.Collect$$$$0000000A                 0x080000f4   Section        0  entry8b.o(.ARM.Collect$$$$0000000A)
    .ARM.Collect$$$$0000000B                 0x080000f4   Section        8  entry9a.o(.ARM.Collect$$$$0000000B)
    .ARM.Collect$$$$0000000E                 0x080000fc   Section        4  entry12b.o(.ARM.Collect$$$$0000000E)
    .ARM.Collect$$$$0000000F                 0x08000100   Section        0  entry10a.o(.ARM.Collect$$$$0000000F)
    .ARM.Collect$$$$00000011                 0x08000100   Section        0  entry11a.o(.ARM.Collect$$$$00000011)
    .ARM.Collect$$$$00002712                 0x08000100   Section        4  entry2.o(.ARM.Collect$$$$00002712)
    __lit__00000000                          0x08000100   Data           4  entry2.o(.ARM.Collect$$$$00002712)
    .text                                    0x08000104   Section       36  startup_stm32f103xb.o(.text)
    .text                                    0x08000128   Section        0  memseta.o(.text)
    .text                                    0x0800014c   Section       36  init.o(.text)
    i.BSP_Emm_V5_Pos_Control                 0x08000170   Section        0  bsp_emm_v5.o(i.BSP_Emm_V5_Pos_Control)
    i.BusFault_Handler                       0x08000192   Section        0  stm32f1xx_it.o(i.BusFault_Handler)
    i.DMA1_Channel4_IRQHandler               0x08000194   Section        0  stm32f1xx_it.o(i.DMA1_Channel4_IRQHandler)
    i.DMA1_Channel5_IRQHandler               0x080001a0   Section        0  stm32f1xx_it.o(i.DMA1_Channel5_IRQHandler)
    i.DMA1_Channel6_IRQHandler               0x080001ac   Section        0  stm32f1xx_it.o(i.DMA1_Channel6_IRQHandler)
    i.DMA_SetConfig                          0x080001b8   Section        0  stm32f1xx_hal_dma.o(i.DMA_SetConfig)
    DMA_SetConfig                            0x080001b9   Thumb Code    42  stm32f1xx_hal_dma.o(i.DMA_SetConfig)
    i.DebugMon_Handler                       0x080001e2   Section        0  stm32f1xx_it.o(i.DebugMon_Handler)
    i.Emm_V5_Pos_Control                     0x080001e4   Section        0  emm_v5.o(i.Emm_V5_Pos_Control)
    i.Error_Handler                          0x08000228   Section        0  main.o(i.Error_Handler)
    i.HAL_DMA_Abort                          0x0800022c   Section        0  stm32f1xx_hal_dma.o(i.HAL_DMA_Abort)
    i.HAL_DMA_Abort_IT                       0x08000274   Section        0  stm32f1xx_hal_dma.o(i.HAL_DMA_Abort_IT)
    i.HAL_DMA_GetState                       0x0800030c   Section        0  stm32f1xx_hal_dma.o(i.HAL_DMA_GetState)
    i.HAL_DMA_IRQHandler                     0x08000314   Section        0  stm32f1xx_hal_dma.o(i.HAL_DMA_IRQHandler)
    i.HAL_DMA_Init                           0x08000468   Section        0  stm32f1xx_hal_dma.o(i.HAL_DMA_Init)
    i.HAL_DMA_Start_IT                       0x080004c4   Section        0  stm32f1xx_hal_dma.o(i.HAL_DMA_Start_IT)
    i.HAL_Delay                              0x08000534   Section        0  stm32f1xx_hal.o(i.HAL_Delay)
    i.HAL_GPIO_Init                          0x08000558   Section        0  stm32f1xx_hal_gpio.o(i.HAL_GPIO_Init)
    i.HAL_GPIO_ReadPin                       0x08000738   Section        0  stm32f1xx_hal_gpio.o(i.HAL_GPIO_ReadPin)
    i.HAL_GPIO_TogglePin                     0x08000742   Section        0  stm32f1xx_hal_gpio.o(i.HAL_GPIO_TogglePin)
    i.HAL_GPIO_WritePin                      0x08000752   Section        0  stm32f1xx_hal_gpio.o(i.HAL_GPIO_WritePin)
    i.HAL_GetTick                            0x0800075c   Section        0  stm32f1xx_hal.o(i.HAL_GetTick)
    i.HAL_I2C_AbortCpltCallback              0x08000768   Section        0  stm32f1xx_hal_i2c.o(i.HAL_I2C_AbortCpltCallback)
    i.HAL_I2C_AddrCallback                   0x0800076a   Section        0  stm32f1xx_hal_i2c.o(i.HAL_I2C_AddrCallback)
    i.HAL_I2C_ER_IRQHandler                  0x0800076c   Section        0  stm32f1xx_hal_i2c.o(i.HAL_I2C_ER_IRQHandler)
    i.HAL_I2C_EV_IRQHandler                  0x08000830   Section        0  stm32f1xx_hal_i2c.o(i.HAL_I2C_EV_IRQHandler)
    i.HAL_I2C_ErrorCallback                  0x08000a60   Section        0  stm32f1xx_hal_i2c.o(i.HAL_I2C_ErrorCallback)
    i.HAL_I2C_Init                           0x08000a64   Section        0  stm32f1xx_hal_i2c.o(i.HAL_I2C_Init)
    i.HAL_I2C_ListenCpltCallback             0x08000bec   Section        0  stm32f1xx_hal_i2c.o(i.HAL_I2C_ListenCpltCallback)
    i.HAL_I2C_MasterRxCpltCallback           0x08000bee   Section        0  stm32f1xx_hal_i2c.o(i.HAL_I2C_MasterRxCpltCallback)
    i.HAL_I2C_MasterTxCpltCallback           0x08000bf0   Section        0  stm32f1xx_hal_i2c.o(i.HAL_I2C_MasterTxCpltCallback)
    i.HAL_I2C_MemRxCpltCallback              0x08000bf2   Section        0  stm32f1xx_hal_i2c.o(i.HAL_I2C_MemRxCpltCallback)
    i.HAL_I2C_MemTxCpltCallback              0x08000bf4   Section        0  ssd1306.o(i.HAL_I2C_MemTxCpltCallback)
    i.HAL_I2C_Mem_Write                      0x08000c10   Section        0  stm32f1xx_hal_i2c.o(i.HAL_I2C_Mem_Write)
    i.HAL_I2C_MspInit                        0x08000d40   Section        0  i2c.o(i.HAL_I2C_MspInit)
    i.HAL_I2C_SlaveRxCpltCallback            0x08000e40   Section        0  stm32f1xx_hal_i2c.o(i.HAL_I2C_SlaveRxCpltCallback)
    i.HAL_I2C_SlaveTxCpltCallback            0x08000e42   Section        0  stm32f1xx_hal_i2c.o(i.HAL_I2C_SlaveTxCpltCallback)
    i.HAL_IncTick                            0x08000e44   Section        0  stm32f1xx_hal.o(i.HAL_IncTick)
    i.HAL_Init                               0x08000e54   Section        0  stm32f1xx_hal.o(i.HAL_Init)
    i.HAL_InitTick                           0x08000e78   Section        0  stm32f1xx_hal.o(i.HAL_InitTick)
    i.HAL_MspInit                            0x08000eb8   Section        0  stm32f1xx_hal_msp.o(i.HAL_MspInit)
    i.HAL_NVIC_EnableIRQ                     0x08000ef4   Section        0  stm32f1xx_hal_cortex.o(i.HAL_NVIC_EnableIRQ)
    i.HAL_NVIC_SetPriority                   0x08000f10   Section        0  stm32f1xx_hal_cortex.o(i.HAL_NVIC_SetPriority)
    i.HAL_NVIC_SetPriorityGrouping           0x08000f50   Section        0  stm32f1xx_hal_cortex.o(i.HAL_NVIC_SetPriorityGrouping)
    i.HAL_RCC_ClockConfig                    0x08000f74   Section        0  stm32f1xx_hal_rcc.o(i.HAL_RCC_ClockConfig)
    i.HAL_RCC_GetPCLK1Freq                   0x080010a0   Section        0  stm32f1xx_hal_rcc.o(i.HAL_RCC_GetPCLK1Freq)
    i.HAL_RCC_GetPCLK2Freq                   0x080010c0   Section        0  stm32f1xx_hal_rcc.o(i.HAL_RCC_GetPCLK2Freq)
    i.HAL_RCC_GetSysClockFreq                0x080010e0   Section        0  stm32f1xx_hal_rcc.o(i.HAL_RCC_GetSysClockFreq)
    i.HAL_RCC_OscConfig                      0x0800112c   Section        0  stm32f1xx_hal_rcc.o(i.HAL_RCC_OscConfig)
    i.HAL_SYSTICK_Config                     0x0800144c   Section        0  stm32f1xx_hal_cortex.o(i.HAL_SYSTICK_Config)
    i.HAL_UARTEx_RxEventCallback             0x08001474   Section        0  stm32f1xx_hal_uart.o(i.HAL_UARTEx_RxEventCallback)
    i.HAL_UART_ErrorCallback                 0x08001476   Section        0  stm32f1xx_hal_uart.o(i.HAL_UART_ErrorCallback)
    i.HAL_UART_IRQHandler                    0x08001478   Section        0  stm32f1xx_hal_uart.o(i.HAL_UART_IRQHandler)
    i.HAL_UART_Init                          0x080016e4   Section        0  stm32f1xx_hal_uart.o(i.HAL_UART_Init)
    i.HAL_UART_MspInit                       0x08001748   Section        0  usart.o(i.HAL_UART_MspInit)
    i.HAL_UART_RxCpltCallback                0x08001820   Section        0  stm32f1xx_hal_uart.o(i.HAL_UART_RxCpltCallback)
    i.HAL_UART_Transmit_DMA                  0x08001824   Section        0  stm32f1xx_hal_uart.o(i.HAL_UART_Transmit_DMA)
    i.HAL_UART_TxCpltCallback                0x0800189c   Section        0  stm32f1xx_hal_uart.o(i.HAL_UART_TxCpltCallback)
    i.HAL_UART_TxHalfCpltCallback            0x0800189e   Section        0  stm32f1xx_hal_uart.o(i.HAL_UART_TxHalfCpltCallback)
    i.HardFault_Handler                      0x080018a0   Section        0  stm32f1xx_it.o(i.HardFault_Handler)
    i.I2C1_ER_IRQHandler                     0x080018a4   Section        0  stm32f1xx_it.o(i.I2C1_ER_IRQHandler)
    i.I2C1_EV_IRQHandler                     0x080018b0   Section        0  stm32f1xx_it.o(i.I2C1_EV_IRQHandler)
    i.I2C_DMAAbort                           0x080018bc   Section        0  stm32f1xx_hal_i2c.o(i.I2C_DMAAbort)
    I2C_DMAAbort                             0x080018bd   Thumb Code   182  stm32f1xx_hal_i2c.o(i.I2C_DMAAbort)
    i.I2C_Flush_DR                           0x08001978   Section        0  stm32f1xx_hal_i2c.o(i.I2C_Flush_DR)
    I2C_Flush_DR                             0x08001979   Thumb Code    16  stm32f1xx_hal_i2c.o(i.I2C_Flush_DR)
    i.I2C_ITError                            0x08001988   Section        0  stm32f1xx_hal_i2c.o(i.I2C_ITError)
    I2C_ITError                              0x08001989   Thumb Code   336  stm32f1xx_hal_i2c.o(i.I2C_ITError)
    i.I2C_IsAcknowledgeFailed                0x08001ae0   Section        0  stm32f1xx_hal_i2c.o(i.I2C_IsAcknowledgeFailed)
    I2C_IsAcknowledgeFailed                  0x08001ae1   Thumb Code    46  stm32f1xx_hal_i2c.o(i.I2C_IsAcknowledgeFailed)
    i.I2C_MasterReceive_BTF                  0x08001b0e   Section        0  stm32f1xx_hal_i2c.o(i.I2C_MasterReceive_BTF)
    I2C_MasterReceive_BTF                    0x08001b0f   Thumb Code   218  stm32f1xx_hal_i2c.o(i.I2C_MasterReceive_BTF)
    i.I2C_MasterReceive_RXNE                 0x08001be8   Section        0  stm32f1xx_hal_i2c.o(i.I2C_MasterReceive_RXNE)
    I2C_MasterReceive_RXNE                   0x08001be9   Thumb Code   238  stm32f1xx_hal_i2c.o(i.I2C_MasterReceive_RXNE)
    i.I2C_MasterTransmit_BTF                 0x08001cdc   Section        0  stm32f1xx_hal_i2c.o(i.I2C_MasterTransmit_BTF)
    I2C_MasterTransmit_BTF                   0x08001cdd   Thumb Code   130  stm32f1xx_hal_i2c.o(i.I2C_MasterTransmit_BTF)
    i.I2C_MasterTransmit_TXE                 0x08001d60   Section        0  stm32f1xx_hal_i2c.o(i.I2C_MasterTransmit_TXE)
    I2C_MasterTransmit_TXE                   0x08001d61   Thumb Code   182  stm32f1xx_hal_i2c.o(i.I2C_MasterTransmit_TXE)
    i.I2C_Master_ADDR                        0x08001e18   Section        0  stm32f1xx_hal_i2c.o(i.I2C_Master_ADDR)
    I2C_Master_ADDR                          0x08001e19   Thumb Code   340  stm32f1xx_hal_i2c.o(i.I2C_Master_ADDR)
    i.I2C_Master_SB                          0x08001f70   Section        0  stm32f1xx_hal_i2c.o(i.I2C_Master_SB)
    I2C_Master_SB                            0x08001f71   Thumb Code   140  stm32f1xx_hal_i2c.o(i.I2C_Master_SB)
    i.I2C_MemoryTransmit_TXE_BTF             0x08001ffc   Section        0  stm32f1xx_hal_i2c.o(i.I2C_MemoryTransmit_TXE_BTF)
    I2C_MemoryTransmit_TXE_BTF               0x08001ffd   Thumb Code   168  stm32f1xx_hal_i2c.o(i.I2C_MemoryTransmit_TXE_BTF)
    i.I2C_RequestMemoryWrite                 0x080020a4   Section        0  stm32f1xx_hal_i2c.o(i.I2C_RequestMemoryWrite)
    I2C_RequestMemoryWrite                   0x080020a5   Thumb Code   162  stm32f1xx_hal_i2c.o(i.I2C_RequestMemoryWrite)
    i.I2C_Slave_ADDR                         0x0800214c   Section        0  stm32f1xx_hal_i2c.o(i.I2C_Slave_ADDR)
    I2C_Slave_ADDR                           0x0800214d   Thumb Code    70  stm32f1xx_hal_i2c.o(i.I2C_Slave_ADDR)
    i.I2C_Slave_AF                           0x08002194   Section        0  stm32f1xx_hal_i2c.o(i.I2C_Slave_AF)
    I2C_Slave_AF                             0x08002195   Thumb Code   138  stm32f1xx_hal_i2c.o(i.I2C_Slave_AF)
    i.I2C_Slave_STOPF                        0x08002224   Section        0  stm32f1xx_hal_i2c.o(i.I2C_Slave_STOPF)
    I2C_Slave_STOPF                          0x08002225   Thumb Code   338  stm32f1xx_hal_i2c.o(i.I2C_Slave_STOPF)
    i.I2C_WaitOnBTFFlagUntilTimeout          0x08002380   Section        0  stm32f1xx_hal_i2c.o(i.I2C_WaitOnBTFFlagUntilTimeout)
    I2C_WaitOnBTFFlagUntilTimeout            0x08002381   Thumb Code    86  stm32f1xx_hal_i2c.o(i.I2C_WaitOnBTFFlagUntilTimeout)
    i.I2C_WaitOnFlagUntilTimeout             0x080023d8   Section        0  stm32f1xx_hal_i2c.o(i.I2C_WaitOnFlagUntilTimeout)
    I2C_WaitOnFlagUntilTimeout               0x080023d9   Thumb Code   144  stm32f1xx_hal_i2c.o(i.I2C_WaitOnFlagUntilTimeout)
    i.I2C_WaitOnMasterAddressFlagUntilTimeout 0x08002468   Section        0  stm32f1xx_hal_i2c.o(i.I2C_WaitOnMasterAddressFlagUntilTimeout)
    I2C_WaitOnMasterAddressFlagUntilTimeout  0x08002469   Thumb Code   188  stm32f1xx_hal_i2c.o(i.I2C_WaitOnMasterAddressFlagUntilTimeout)
    i.I2C_WaitOnTXEFlagUntilTimeout          0x08002524   Section        0  stm32f1xx_hal_i2c.o(i.I2C_WaitOnTXEFlagUntilTimeout)
    I2C_WaitOnTXEFlagUntilTimeout            0x08002525   Thumb Code    86  stm32f1xx_hal_i2c.o(i.I2C_WaitOnTXEFlagUntilTimeout)
    i.MX_DMA_Init                            0x0800257c   Section        0  dma.o(i.MX_DMA_Init)
    i.MX_GPIO_Init                           0x080025c8   Section        0  gpio.o(i.MX_GPIO_Init)
    i.MX_I2C1_Init                           0x08002678   Section        0  i2c.o(i.MX_I2C1_Init)
    i.MX_I2C2_Init                           0x080026b8   Section        0  i2c.o(i.MX_I2C2_Init)
    i.MX_USART1_UART_Init                    0x080026f8   Section        0  usart.o(i.MX_USART1_UART_Init)
    i.MemManage_Handler                      0x08002730   Section        0  stm32f1xx_it.o(i.MemManage_Handler)
    i.NMI_Handler                            0x08002732   Section        0  stm32f1xx_it.o(i.NMI_Handler)
    i.PendSV_Handler                         0x08002734   Section        0  stm32f1xx_it.o(i.PendSV_Handler)
    i.SVC_Handler                            0x08002736   Section        0  stm32f1xx_it.o(i.SVC_Handler)
    i.SysTick_Handler                        0x08002738   Section        0  stm32f1xx_it.o(i.SysTick_Handler)
    i.SystemClock_Config                     0x0800273c   Section        0  main.o(i.SystemClock_Config)
    i.SystemInit                             0x0800279a   Section        0  system_stm32f1xx.o(i.SystemInit)
    i.UART_DMAAbortOnError                   0x0800279c   Section        0  stm32f1xx_hal_uart.o(i.UART_DMAAbortOnError)
    UART_DMAAbortOnError                     0x0800279d   Thumb Code    16  stm32f1xx_hal_uart.o(i.UART_DMAAbortOnError)
    i.UART_DMAError                          0x080027ac   Section        0  stm32f1xx_hal_uart.o(i.UART_DMAError)
    UART_DMAError                            0x080027ad   Thumb Code    74  stm32f1xx_hal_uart.o(i.UART_DMAError)
    i.UART_DMATransmitCplt                   0x080027f6   Section        0  stm32f1xx_hal_uart.o(i.UART_DMATransmitCplt)
    UART_DMATransmitCplt                     0x080027f7   Thumb Code    66  stm32f1xx_hal_uart.o(i.UART_DMATransmitCplt)
    i.UART_DMATxHalfCplt                     0x08002838   Section        0  stm32f1xx_hal_uart.o(i.UART_DMATxHalfCplt)
    UART_DMATxHalfCplt                       0x08002839   Thumb Code    10  stm32f1xx_hal_uart.o(i.UART_DMATxHalfCplt)
    i.UART_EndRxTransfer                     0x08002842   Section        0  stm32f1xx_hal_uart.o(i.UART_EndRxTransfer)
    UART_EndRxTransfer                       0x08002843   Thumb Code    78  stm32f1xx_hal_uart.o(i.UART_EndRxTransfer)
    i.UART_EndTxTransfer                     0x08002890   Section        0  stm32f1xx_hal_uart.o(i.UART_EndTxTransfer)
    UART_EndTxTransfer                       0x08002891   Thumb Code    28  stm32f1xx_hal_uart.o(i.UART_EndTxTransfer)
    i.UART_Receive_IT                        0x080028ac   Section        0  stm32f1xx_hal_uart.o(i.UART_Receive_IT)
    UART_Receive_IT                          0x080028ad   Thumb Code   194  stm32f1xx_hal_uart.o(i.UART_Receive_IT)
    i.UART_SetConfig                         0x08002970   Section        0  stm32f1xx_hal_uart.o(i.UART_SetConfig)
    UART_SetConfig                           0x08002971   Thumb Code   178  stm32f1xx_hal_uart.o(i.UART_SetConfig)
    i.USART1_IRQHandler                      0x08002a28   Section        0  stm32f1xx_it.o(i.USART1_IRQHandler)
    i.UsageFault_Handler                     0x08002a34   Section        0  stm32f1xx_it.o(i.UsageFault_Handler)
    i.User_Task_key                          0x08002a38   Section        0  user_task.o(i.User_Task_key)
    i.__NVIC_SetPriority                     0x08002afc   Section        0  stm32f1xx_hal_cortex.o(i.__NVIC_SetPriority)
    __NVIC_SetPriority                       0x08002afd   Thumb Code    32  stm32f1xx_hal_cortex.o(i.__NVIC_SetPriority)
    i.__scatterload_copy                     0x08002b1c   Section       14  handlers.o(i.__scatterload_copy)
    i.__scatterload_null                     0x08002b2a   Section        2  handlers.o(i.__scatterload_null)
    i.__scatterload_zeroinit                 0x08002b2c   Section       14  handlers.o(i.__scatterload_zeroinit)
    i.main                                   0x08002b3a   Section        0  main.o(i.main)
    i.ssd1306_Fill                           0x08002b74   Section        0  ssd1306.o(i.ssd1306_Fill)
    i.ssd1306_Init                           0x08002b8c   Section        0  ssd1306.o(i.ssd1306_Init)
    i.ssd1306_SetContrast                    0x08002c54   Section        0  ssd1306.o(i.ssd1306_SetContrast)
    i.ssd1306_SetDisplayOn                   0x08002c68   Section        0  ssd1306.o(i.ssd1306_SetDisplayOn)
    i.ssd1306_UpdateScreen                   0x08002c80   Section        0  ssd1306.o(i.ssd1306_UpdateScreen)
    i.ssd1306_WriteCommand                   0x08002cb8   Section        0  ssd1306.o(i.ssd1306_WriteCommand)
    i.ssd1306_WriteData                      0x08002cdc   Section        0  ssd1306.o(i.ssd1306_WriteData)
    .constdata                               0x08002cfc   Section       18  stm32f1xx_hal_rcc.o(.constdata)
    aPredivFactorTable                       0x08002cfc   Data           2  stm32f1xx_hal_rcc.o(.constdata)
    aPLLMULFactorTable                       0x08002cfe   Data          16  stm32f1xx_hal_rcc.o(.constdata)
    .constdata                               0x08002d0e   Section       16  system_stm32f1xx.o(.constdata)
    .constdata                               0x08002d1e   Section        8  system_stm32f1xx.o(.constdata)
    .data                                    0x20000000   Section       12  stm32f1xx_hal.o(.data)
    .data                                    0x2000000c   Section        4  system_stm32f1xx.o(.data)
    .data                                    0x20000010   Section        8  ssd1306.o(.data)
    ssd1306_dma_busy                         0x20000010   Data           1  ssd1306.o(.data)
    SSD1306                                  0x20000012   Data           6  ssd1306.o(.data)
    .bss                                     0x20000018   Section      236  i2c.o(.bss)
    .bss                                     0x20000104   Section      208  usart.o(.bss)
    .bss                                     0x200001d4   Section     1024  ssd1306.o(.bss)
    SSD1306_Buffer                           0x200001d4   Data        1024  ssd1306.o(.bss)
    .bss                                     0x200005d4   Section     2356  emm_v5.o(.bss)
    cmd                                      0x200009d4   Data          16  emm_v5.o(.bss)
    cmd                                      0x200009e4   Data          16  emm_v5.o(.bss)
    cmd                                      0x200009f4   Data          16  emm_v5.o(.bss)
    cmd                                      0x20000a04   Data          16  emm_v5.o(.bss)
    cmd                                      0x20000a14   Data          16  emm_v5.o(.bss)
    cmd                                      0x20000a24   Data         512  emm_v5.o(.bss)
    cmd                                      0x20000c24   Data          16  emm_v5.o(.bss)
    cmd                                      0x20000c34   Data          16  emm_v5.o(.bss)
    cmd                                      0x20000c44   Data          16  emm_v5.o(.bss)
    cmd                                      0x20000c54   Data          16  emm_v5.o(.bss)
    cmd                                      0x20000c64   Data          16  emm_v5.o(.bss)
    cmd                                      0x20000c74   Data          16  emm_v5.o(.bss)
    cmd                                      0x20000c84   Data          16  emm_v5.o(.bss)
    cmd                                      0x20000c94   Data          16  emm_v5.o(.bss)
    cmd                                      0x20000ca4   Data          16  emm_v5.o(.bss)
    cmd                                      0x20000cb4   Data          16  emm_v5.o(.bss)
    cmd                                      0x20000cc4   Data          16  emm_v5.o(.bss)
    cmd                                      0x20000cd4   Data          32  emm_v5.o(.bss)
    cmd                                      0x20000cf4   Data          16  emm_v5.o(.bss)
    cmd                                      0x20000d04   Data          16  emm_v5.o(.bss)
    cmd                                      0x20000d14   Data          16  emm_v5.o(.bss)
    cmd                                      0x20000d24   Data          16  emm_v5.o(.bss)
    cmd                                      0x20000d34   Data          16  emm_v5.o(.bss)
    cmd                                      0x20000d44   Data          16  emm_v5.o(.bss)
    cmd                                      0x20000d54   Data          16  emm_v5.o(.bss)
    cmd                                      0x20000d64   Data          16  emm_v5.o(.bss)
    cmd                                      0x20000d74   Data          16  emm_v5.o(.bss)
    cmd                                      0x20000d84   Data          16  emm_v5.o(.bss)
    cmd                                      0x20000d94   Data          16  emm_v5.o(.bss)
    cmd                                      0x20000da4   Data          16  emm_v5.o(.bss)
    cmd                                      0x20000db4   Data          16  emm_v5.o(.bss)
    cmd                                      0x20000dc4   Data          16  emm_v5.o(.bss)
    cmd                                      0x20000dd4   Data          16  emm_v5.o(.bss)
    cmd                                      0x20000de4   Data          16  emm_v5.o(.bss)
    cmd                                      0x20000df4   Data          16  emm_v5.o(.bss)
    cmd                                      0x20000e04   Data          20  emm_v5.o(.bss)
    cmd                                      0x20000e18   Data          16  emm_v5.o(.bss)
    cmd                                      0x20000e28   Data          32  emm_v5.o(.bss)
    cmd                                      0x20000e48   Data          16  emm_v5.o(.bss)
    cmd                                      0x20000e58   Data          16  emm_v5.o(.bss)
    cmd                                      0x20000e68   Data          16  emm_v5.o(.bss)
    cmd                                      0x20000e78   Data          16  emm_v5.o(.bss)
    cmd                                      0x20000e88   Data          16  emm_v5.o(.bss)
    cmd                                      0x20000e98   Data          16  emm_v5.o(.bss)
    cmd                                      0x20000ea8   Data          16  emm_v5.o(.bss)
    cmd                                      0x20000eb8   Data          16  emm_v5.o(.bss)
    cmd                                      0x20000ec8   Data          16  emm_v5.o(.bss)
    cmd                                      0x20000ed8   Data          16  emm_v5.o(.bss)
    cmd                                      0x20000ee8   Data          16  emm_v5.o(.bss)
    cmd                                      0x20000ef8   Data          16  emm_v5.o(.bss)
    STACK                                    0x20000f08   Section     1024  startup_stm32f103xb.o(STACK)

    Global Symbols

    Symbol Name                              Value     Ov Type        Size  Object(Section)

    BuildAttributes$$THM_ISAv4$P$D$K$B$S$PE$A:L22UL41UL21$X:L11$S22US41US21$IEEE1$IW$USESV6$~STKCKD$USESV7$~SHL$OTIME$ROPI$IEEEX$EBA8$MICROLIB$REQ8$PRES8$EABIv2 0x00000000   Number         0  anon$$obj.o ABSOLUTE
    __ARM_use_no_argv                        0x00000000   Number         0  main.o ABSOLUTE
    _printf_a                                0x00000000   Number         0  stubs.o ABSOLUTE
    _printf_c                                0x00000000   Number         0  stubs.o ABSOLUTE
    _printf_charcount                        0x00000000   Number         0  stubs.o ABSOLUTE
    _printf_d                                0x00000000   Number         0  stubs.o ABSOLUTE
    _printf_e                                0x00000000   Number         0  stubs.o ABSOLUTE
    _printf_f                                0x00000000   Number         0  stubs.o ABSOLUTE
    _printf_flags                            0x00000000   Number         0  stubs.o ABSOLUTE
    _printf_fp_dec                           0x00000000   Number         0  stubs.o ABSOLUTE
    _printf_fp_hex                           0x00000000   Number         0  stubs.o ABSOLUTE
    _printf_g                                0x00000000   Number         0  stubs.o ABSOLUTE
    _printf_i                                0x00000000   Number         0  stubs.o ABSOLUTE
    _printf_int_dec                          0x00000000   Number         0  stubs.o ABSOLUTE
    _printf_l                                0x00000000   Number         0  stubs.o ABSOLUTE
    _printf_lc                               0x00000000   Number         0  stubs.o ABSOLUTE
    _printf_ll                               0x00000000   Number         0  stubs.o ABSOLUTE
    _printf_lld                              0x00000000   Number         0  stubs.o ABSOLUTE
    _printf_lli                              0x00000000   Number         0  stubs.o ABSOLUTE
    _printf_llo                              0x00000000   Number         0  stubs.o ABSOLUTE
    _printf_llu                              0x00000000   Number         0  stubs.o ABSOLUTE
    _printf_llx                              0x00000000   Number         0  stubs.o ABSOLUTE
    _printf_longlong_dec                     0x00000000   Number         0  stubs.o ABSOLUTE
    _printf_longlong_hex                     0x00000000   Number         0  stubs.o ABSOLUTE
    _printf_longlong_oct                     0x00000000   Number         0  stubs.o ABSOLUTE
    _printf_ls                               0x00000000   Number         0  stubs.o ABSOLUTE
    _printf_mbtowc                           0x00000000   Number         0  stubs.o ABSOLUTE
    _printf_n                                0x00000000   Number         0  stubs.o ABSOLUTE
    _printf_o                                0x00000000   Number         0  stubs.o ABSOLUTE
    _printf_p                                0x00000000   Number         0  stubs.o ABSOLUTE
    _printf_percent                          0x00000000   Number         0  stubs.o ABSOLUTE
    _printf_pre_padding                      0x00000000   Number         0  stubs.o ABSOLUTE
    _printf_return_value                     0x00000000   Number         0  stubs.o ABSOLUTE
    _printf_s                                0x00000000   Number         0  stubs.o ABSOLUTE
    _printf_sizespec                         0x00000000   Number         0  stubs.o ABSOLUTE
    _printf_str                              0x00000000   Number         0  stubs.o ABSOLUTE
    _printf_truncate_signed                  0x00000000   Number         0  stubs.o ABSOLUTE
    _printf_truncate_unsigned                0x00000000   Number         0  stubs.o ABSOLUTE
    _printf_u                                0x00000000   Number         0  stubs.o ABSOLUTE
    _printf_wc                               0x00000000   Number         0  stubs.o ABSOLUTE
    _printf_wctomb                           0x00000000   Number         0  stubs.o ABSOLUTE
    _printf_widthprec                        0x00000000   Number         0  stubs.o ABSOLUTE
    _printf_x                                0x00000000   Number         0  stubs.o ABSOLUTE
    __arm_fini_                               - Undefined Weak Reference
    __cpp_initialize__aeabi_                  - Undefined Weak Reference
    __cxa_finalize                            - Undefined Weak Reference
    __decompress                              - Undefined Weak Reference
    _clock_init                               - Undefined Weak Reference
    _microlib_exit                            - Undefined Weak Reference
    __Vectors_Size                           0x000000ec   Number         0  startup_stm32f103xb.o ABSOLUTE
    __Vectors                                0x08000000   Data           4  startup_stm32f103xb.o(RESET)
    __Vectors_End                            0x080000ec   Data           0  startup_stm32f103xb.o(RESET)
    __main                                   0x080000ed   Thumb Code     0  entry.o(.ARM.Collect$$$$00000000)
    _main_stk                                0x080000ed   Thumb Code     0  entry2.o(.ARM.Collect$$$$00000001)
    _main_scatterload                        0x080000f1   Thumb Code     0  entry5.o(.ARM.Collect$$$$00000004)
    __main_after_scatterload                 0x080000f5   Thumb Code     0  entry5.o(.ARM.Collect$$$$00000004)
    _main_clock                              0x080000f5   Thumb Code     0  entry7b.o(.ARM.Collect$$$$00000008)
    _main_cpp_init                           0x080000f5   Thumb Code     0  entry8b.o(.ARM.Collect$$$$0000000A)
    _main_init                               0x080000f5   Thumb Code     0  entry9a.o(.ARM.Collect$$$$0000000B)
    __rt_lib_shutdown_fini                   0x080000fd   Thumb Code     0  entry12b.o(.ARM.Collect$$$$0000000E)
    __rt_final_cpp                           0x08000101   Thumb Code     0  entry10a.o(.ARM.Collect$$$$0000000F)
    __rt_final_exit                          0x08000101   Thumb Code     0  entry11a.o(.ARM.Collect$$$$00000011)
    Reset_Handler                            0x08000105   Thumb Code     8  startup_stm32f103xb.o(.text)
    ADC1_2_IRQHandler                        0x0800011f   Thumb Code     0  startup_stm32f103xb.o(.text)
    CAN1_RX1_IRQHandler                      0x0800011f   Thumb Code     0  startup_stm32f103xb.o(.text)
    CAN1_SCE_IRQHandler                      0x0800011f   Thumb Code     0  startup_stm32f103xb.o(.text)
    DMA1_Channel1_IRQHandler                 0x0800011f   Thumb Code     0  startup_stm32f103xb.o(.text)
    DMA1_Channel2_IRQHandler                 0x0800011f   Thumb Code     0  startup_stm32f103xb.o(.text)
    DMA1_Channel3_IRQHandler                 0x0800011f   Thumb Code     0  startup_stm32f103xb.o(.text)
    DMA1_Channel7_IRQHandler                 0x0800011f   Thumb Code     0  startup_stm32f103xb.o(.text)
    EXTI0_IRQHandler                         0x0800011f   Thumb Code     0  startup_stm32f103xb.o(.text)
    EXTI15_10_IRQHandler                     0x0800011f   Thumb Code     0  startup_stm32f103xb.o(.text)
    EXTI1_IRQHandler                         0x0800011f   Thumb Code     0  startup_stm32f103xb.o(.text)
    EXTI2_IRQHandler                         0x0800011f   Thumb Code     0  startup_stm32f103xb.o(.text)
    EXTI3_IRQHandler                         0x0800011f   Thumb Code     0  startup_stm32f103xb.o(.text)
    EXTI4_IRQHandler                         0x0800011f   Thumb Code     0  startup_stm32f103xb.o(.text)
    EXTI9_5_IRQHandler                       0x0800011f   Thumb Code     0  startup_stm32f103xb.o(.text)
    FLASH_IRQHandler                         0x0800011f   Thumb Code     0  startup_stm32f103xb.o(.text)
    I2C2_ER_IRQHandler                       0x0800011f   Thumb Code     0  startup_stm32f103xb.o(.text)
    I2C2_EV_IRQHandler                       0x0800011f   Thumb Code     0  startup_stm32f103xb.o(.text)
    PVD_IRQHandler                           0x0800011f   Thumb Code     0  startup_stm32f103xb.o(.text)
    RCC_IRQHandler                           0x0800011f   Thumb Code     0  startup_stm32f103xb.o(.text)
    RTC_Alarm_IRQHandler                     0x0800011f   Thumb Code     0  startup_stm32f103xb.o(.text)
    RTC_IRQHandler                           0x0800011f   Thumb Code     0  startup_stm32f103xb.o(.text)
    SPI1_IRQHandler                          0x0800011f   Thumb Code     0  startup_stm32f103xb.o(.text)
    SPI2_IRQHandler                          0x0800011f   Thumb Code     0  startup_stm32f103xb.o(.text)
    TAMPER_IRQHandler                        0x0800011f   Thumb Code     0  startup_stm32f103xb.o(.text)
    TIM1_BRK_IRQHandler                      0x0800011f   Thumb Code     0  startup_stm32f103xb.o(.text)
    TIM1_CC_IRQHandler                       0x0800011f   Thumb Code     0  startup_stm32f103xb.o(.text)
    TIM1_TRG_COM_IRQHandler                  0x0800011f   Thumb Code     0  startup_stm32f103xb.o(.text)
    TIM1_UP_IRQHandler                       0x0800011f   Thumb Code     0  startup_stm32f103xb.o(.text)
    TIM2_IRQHandler                          0x0800011f   Thumb Code     0  startup_stm32f103xb.o(.text)
    TIM3_IRQHandler                          0x0800011f   Thumb Code     0  startup_stm32f103xb.o(.text)
    TIM4_IRQHandler                          0x0800011f   Thumb Code     0  startup_stm32f103xb.o(.text)
    USART2_IRQHandler                        0x0800011f   Thumb Code     0  startup_stm32f103xb.o(.text)
    USART3_IRQHandler                        0x0800011f   Thumb Code     0  startup_stm32f103xb.o(.text)
    USBWakeUp_IRQHandler                     0x0800011f   Thumb Code     0  startup_stm32f103xb.o(.text)
    USB_HP_CAN1_TX_IRQHandler                0x0800011f   Thumb Code     0  startup_stm32f103xb.o(.text)
    USB_LP_CAN1_RX0_IRQHandler               0x0800011f   Thumb Code     0  startup_stm32f103xb.o(.text)
    WWDG_IRQHandler                          0x0800011f   Thumb Code     0  startup_stm32f103xb.o(.text)
    __aeabi_memset                           0x08000129   Thumb Code    14  memseta.o(.text)
    __aeabi_memset4                          0x08000129   Thumb Code     0  memseta.o(.text)
    __aeabi_memset8                          0x08000129   Thumb Code     0  memseta.o(.text)
    __aeabi_memclr                           0x08000137   Thumb Code     4  memseta.o(.text)
    __aeabi_memclr4                          0x08000137   Thumb Code     0  memseta.o(.text)
    __aeabi_memclr8                          0x08000137   Thumb Code     0  memseta.o(.text)
    _memset$wrapper                          0x0800013b   Thumb Code    18  memseta.o(.text)
    __scatterload                            0x0800014d   Thumb Code    28  init.o(.text)
    __scatterload_rt2                        0x0800014d   Thumb Code     0  init.o(.text)
    BSP_Emm_V5_Pos_Control                   0x08000171   Thumb Code    34  bsp_emm_v5.o(i.BSP_Emm_V5_Pos_Control)
    BusFault_Handler                         0x08000193   Thumb Code     2  stm32f1xx_it.o(i.BusFault_Handler)
    DMA1_Channel4_IRQHandler                 0x08000195   Thumb Code     6  stm32f1xx_it.o(i.DMA1_Channel4_IRQHandler)
    DMA1_Channel5_IRQHandler                 0x080001a1   Thumb Code     6  stm32f1xx_it.o(i.DMA1_Channel5_IRQHandler)
    DMA1_Channel6_IRQHandler                 0x080001ad   Thumb Code     6  stm32f1xx_it.o(i.DMA1_Channel6_IRQHandler)
    DebugMon_Handler                         0x080001e3   Thumb Code     2  stm32f1xx_it.o(i.DebugMon_Handler)
    Emm_V5_Pos_Control                       0x080001e5   Thumb Code    60  emm_v5.o(i.Emm_V5_Pos_Control)
    Error_Handler                            0x08000229   Thumb Code     4  main.o(i.Error_Handler)
    HAL_DMA_Abort                            0x0800022d   Thumb Code    70  stm32f1xx_hal_dma.o(i.HAL_DMA_Abort)
    HAL_DMA_Abort_IT                         0x08000275   Thumb Code   148  stm32f1xx_hal_dma.o(i.HAL_DMA_Abort_IT)
    HAL_DMA_GetState                         0x0800030d   Thumb Code     6  stm32f1xx_hal_dma.o(i.HAL_DMA_GetState)
    HAL_DMA_IRQHandler                       0x08000315   Thumb Code   316  stm32f1xx_hal_dma.o(i.HAL_DMA_IRQHandler)
    HAL_DMA_Init                             0x08000469   Thumb Code    84  stm32f1xx_hal_dma.o(i.HAL_DMA_Init)
    HAL_DMA_Start_IT                         0x080004c5   Thumb Code   112  stm32f1xx_hal_dma.o(i.HAL_DMA_Start_IT)
    HAL_Delay                                0x08000535   Thumb Code    32  stm32f1xx_hal.o(i.HAL_Delay)
    HAL_GPIO_Init                            0x08000559   Thumb Code   446  stm32f1xx_hal_gpio.o(i.HAL_GPIO_Init)
    HAL_GPIO_ReadPin                         0x08000739   Thumb Code    10  stm32f1xx_hal_gpio.o(i.HAL_GPIO_ReadPin)
    HAL_GPIO_TogglePin                       0x08000743   Thumb Code    16  stm32f1xx_hal_gpio.o(i.HAL_GPIO_TogglePin)
    HAL_GPIO_WritePin                        0x08000753   Thumb Code    10  stm32f1xx_hal_gpio.o(i.HAL_GPIO_WritePin)
    HAL_GetTick                              0x0800075d   Thumb Code     6  stm32f1xx_hal.o(i.HAL_GetTick)
    HAL_I2C_AbortCpltCallback                0x08000769   Thumb Code     2  stm32f1xx_hal_i2c.o(i.HAL_I2C_AbortCpltCallback)
    HAL_I2C_AddrCallback                     0x0800076b   Thumb Code     2  stm32f1xx_hal_i2c.o(i.HAL_I2C_AddrCallback)
    HAL_I2C_ER_IRQHandler                    0x0800076d   Thumb Code   196  stm32f1xx_hal_i2c.o(i.HAL_I2C_ER_IRQHandler)
    HAL_I2C_EV_IRQHandler                    0x08000831   Thumb Code   560  stm32f1xx_hal_i2c.o(i.HAL_I2C_EV_IRQHandler)
    HAL_I2C_ErrorCallback                    0x08000a61   Thumb Code     2  stm32f1xx_hal_i2c.o(i.HAL_I2C_ErrorCallback)
    HAL_I2C_Init                             0x08000a65   Thumb Code   376  stm32f1xx_hal_i2c.o(i.HAL_I2C_Init)
    HAL_I2C_ListenCpltCallback               0x08000bed   Thumb Code     2  stm32f1xx_hal_i2c.o(i.HAL_I2C_ListenCpltCallback)
    HAL_I2C_MasterRxCpltCallback             0x08000bef   Thumb Code     2  stm32f1xx_hal_i2c.o(i.HAL_I2C_MasterRxCpltCallback)
    HAL_I2C_MasterTxCpltCallback             0x08000bf1   Thumb Code     2  stm32f1xx_hal_i2c.o(i.HAL_I2C_MasterTxCpltCallback)
    HAL_I2C_MemRxCpltCallback                0x08000bf3   Thumb Code     2  stm32f1xx_hal_i2c.o(i.HAL_I2C_MemRxCpltCallback)
    HAL_I2C_MemTxCpltCallback                0x08000bf5   Thumb Code    18  ssd1306.o(i.HAL_I2C_MemTxCpltCallback)
    HAL_I2C_Mem_Write                        0x08000c11   Thumb Code   294  stm32f1xx_hal_i2c.o(i.HAL_I2C_Mem_Write)
    HAL_I2C_MspInit                          0x08000d41   Thumb Code   228  i2c.o(i.HAL_I2C_MspInit)
    HAL_I2C_SlaveRxCpltCallback              0x08000e41   Thumb Code     2  stm32f1xx_hal_i2c.o(i.HAL_I2C_SlaveRxCpltCallback)
    HAL_I2C_SlaveTxCpltCallback              0x08000e43   Thumb Code     2  stm32f1xx_hal_i2c.o(i.HAL_I2C_SlaveTxCpltCallback)
    HAL_IncTick                              0x08000e45   Thumb Code    12  stm32f1xx_hal.o(i.HAL_IncTick)
    HAL_Init                                 0x08000e55   Thumb Code    32  stm32f1xx_hal.o(i.HAL_Init)
    HAL_InitTick                             0x08000e79   Thumb Code    54  stm32f1xx_hal.o(i.HAL_InitTick)
    HAL_MspInit                              0x08000eb9   Thumb Code    52  stm32f1xx_hal_msp.o(i.HAL_MspInit)
    HAL_NVIC_EnableIRQ                       0x08000ef5   Thumb Code    26  stm32f1xx_hal_cortex.o(i.HAL_NVIC_EnableIRQ)
    HAL_NVIC_SetPriority                     0x08000f11   Thumb Code    60  stm32f1xx_hal_cortex.o(i.HAL_NVIC_SetPriority)
    HAL_NVIC_SetPriorityGrouping             0x08000f51   Thumb Code    26  stm32f1xx_hal_cortex.o(i.HAL_NVIC_SetPriorityGrouping)
    HAL_RCC_ClockConfig                      0x08000f75   Thumb Code   280  stm32f1xx_hal_rcc.o(i.HAL_RCC_ClockConfig)
    HAL_RCC_GetPCLK1Freq                     0x080010a1   Thumb Code    20  stm32f1xx_hal_rcc.o(i.HAL_RCC_GetPCLK1Freq)
    HAL_RCC_GetPCLK2Freq                     0x080010c1   Thumb Code    20  stm32f1xx_hal_rcc.o(i.HAL_RCC_GetPCLK2Freq)
    HAL_RCC_GetSysClockFreq                  0x080010e1   Thumb Code    58  stm32f1xx_hal_rcc.o(i.HAL_RCC_GetSysClockFreq)
    HAL_RCC_OscConfig                        0x0800112d   Thumb Code   778  stm32f1xx_hal_rcc.o(i.HAL_RCC_OscConfig)
    HAL_SYSTICK_Config                       0x0800144d   Thumb Code    40  stm32f1xx_hal_cortex.o(i.HAL_SYSTICK_Config)
    HAL_UARTEx_RxEventCallback               0x08001475   Thumb Code     2  stm32f1xx_hal_uart.o(i.HAL_UARTEx_RxEventCallback)
    HAL_UART_ErrorCallback                   0x08001477   Thumb Code     2  stm32f1xx_hal_uart.o(i.HAL_UART_ErrorCallback)
    HAL_UART_IRQHandler                      0x08001479   Thumb Code   616  stm32f1xx_hal_uart.o(i.HAL_UART_IRQHandler)
    HAL_UART_Init                            0x080016e5   Thumb Code   100  stm32f1xx_hal_uart.o(i.HAL_UART_Init)
    HAL_UART_MspInit                         0x08001749   Thumb Code   196  usart.o(i.HAL_UART_MspInit)
    HAL_UART_RxCpltCallback                  0x08001821   Thumb Code     2  stm32f1xx_hal_uart.o(i.HAL_UART_RxCpltCallback)
    HAL_UART_Transmit_DMA                    0x08001825   Thumb Code   106  stm32f1xx_hal_uart.o(i.HAL_UART_Transmit_DMA)
    HAL_UART_TxCpltCallback                  0x0800189d   Thumb Code     2  stm32f1xx_hal_uart.o(i.HAL_UART_TxCpltCallback)
    HAL_UART_TxHalfCpltCallback              0x0800189f   Thumb Code     2  stm32f1xx_hal_uart.o(i.HAL_UART_TxHalfCpltCallback)
    HardFault_Handler                        0x080018a1   Thumb Code     2  stm32f1xx_it.o(i.HardFault_Handler)
    I2C1_ER_IRQHandler                       0x080018a5   Thumb Code     6  stm32f1xx_it.o(i.I2C1_ER_IRQHandler)
    I2C1_EV_IRQHandler                       0x080018b1   Thumb Code     6  stm32f1xx_it.o(i.I2C1_EV_IRQHandler)
    MX_DMA_Init                              0x0800257d   Thumb Code    72  dma.o(i.MX_DMA_Init)
    MX_GPIO_Init                             0x080025c9   Thumb Code   162  gpio.o(i.MX_GPIO_Init)
    MX_I2C1_Init                             0x08002679   Thumb Code    50  i2c.o(i.MX_I2C1_Init)
    MX_I2C2_Init                             0x080026b9   Thumb Code    50  i2c.o(i.MX_I2C2_Init)
    MX_USART1_UART_Init                      0x080026f9   Thumb Code    48  usart.o(i.MX_USART1_UART_Init)
    MemManage_Handler                        0x08002731   Thumb Code     2  stm32f1xx_it.o(i.MemManage_Handler)
    NMI_Handler                              0x08002733   Thumb Code     2  stm32f1xx_it.o(i.NMI_Handler)
    PendSV_Handler                           0x08002735   Thumb Code     2  stm32f1xx_it.o(i.PendSV_Handler)
    SVC_Handler                              0x08002737   Thumb Code     2  stm32f1xx_it.o(i.SVC_Handler)
    SysTick_Handler                          0x08002739   Thumb Code     4  stm32f1xx_it.o(i.SysTick_Handler)
    SystemClock_Config                       0x0800273d   Thumb Code    94  main.o(i.SystemClock_Config)
    SystemInit                               0x0800279b   Thumb Code     2  system_stm32f1xx.o(i.SystemInit)
    USART1_IRQHandler                        0x08002a29   Thumb Code     6  stm32f1xx_it.o(i.USART1_IRQHandler)
    UsageFault_Handler                       0x08002a35   Thumb Code     2  stm32f1xx_it.o(i.UsageFault_Handler)
    User_Task_key                            0x08002a39   Thumb Code   184  user_task.o(i.User_Task_key)
    __scatterload_copy                       0x08002b1d   Thumb Code    14  handlers.o(i.__scatterload_copy)
    __scatterload_null                       0x08002b2b   Thumb Code     2  handlers.o(i.__scatterload_null)
    __scatterload_zeroinit                   0x08002b2d   Thumb Code    14  handlers.o(i.__scatterload_zeroinit)
    main                                     0x08002b3b   Thumb Code    58  main.o(i.main)
    ssd1306_Fill                             0x08002b75   Thumb Code    18  ssd1306.o(i.ssd1306_Fill)
    ssd1306_Init                             0x08002b8d   Thumb Code   194  ssd1306.o(i.ssd1306_Init)
    ssd1306_SetContrast                      0x08002c55   Thumb Code    20  ssd1306.o(i.ssd1306_SetContrast)
    ssd1306_SetDisplayOn                     0x08002c69   Thumb Code    20  ssd1306.o(i.ssd1306_SetDisplayOn)
    ssd1306_UpdateScreen                     0x08002c81   Thumb Code    50  ssd1306.o(i.ssd1306_UpdateScreen)
    ssd1306_WriteCommand                     0x08002cb9   Thumb Code    32  ssd1306.o(i.ssd1306_WriteCommand)
    ssd1306_WriteData                        0x08002cdd   Thumb Code    26  ssd1306.o(i.ssd1306_WriteData)
    AHBPrescTable                            0x08002d0e   Data          16  system_stm32f1xx.o(.constdata)
    APBPrescTable                            0x08002d1e   Data           8  system_stm32f1xx.o(.constdata)
    Region$$Table$$Base                      0x08002d28   Number         0  anon$$obj.o(Region$$Table)
    Region$$Table$$Limit                     0x08002d48   Number         0  anon$$obj.o(Region$$Table)
    uwTickFreq                               0x20000000   Data           1  stm32f1xx_hal.o(.data)
    uwTickPrio                               0x20000004   Data           4  stm32f1xx_hal.o(.data)
    uwTick                                   0x20000008   Data           4  stm32f1xx_hal.o(.data)
    SystemCoreClock                          0x2000000c   Data           4  system_stm32f1xx.o(.data)
    hi2c1                                    0x20000018   Data          84  i2c.o(.bss)
    hi2c2                                    0x2000006c   Data          84  i2c.o(.bss)
    hdma_i2c1_tx                             0x200000c0   Data          68  i2c.o(.bss)
    huart1                                   0x20000104   Data          72  usart.o(.bss)
    hdma_usart1_tx                           0x2000014c   Data          68  usart.o(.bss)
    hdma_usart1_rx                           0x20000190   Data          68  usart.o(.bss)
    MMCL_cmd                                 0x200005d4   Data        1024  emm_v5.o(.bss)
    __initial_sp                             0x20001308   Data           0  startup_stm32f103xb.o(STACK)



==============================================================================

Memory Map of the image

  Image Entry point : 0x080000ed

  Load Region LR_IROM1 (Base: 0x08000000, Size: 0x00002d60, Max: 0x00010000, ABSOLUTE)

    Execution Region ER_IROM1 (Exec base: 0x08000000, Load base: 0x08000000, Size: 0x00002d48, Max: 0x00010000, ABSOLUTE)

    Exec Addr    Load Addr    Size         Type   Attr      Idx    E Section Name        Object

    0x08000000   0x08000000   0x000000ec   Data   RO            3    RESET               startup_stm32f103xb.o
    0x080000ec   0x080000ec   0x00000000   Code   RO         3310  * .ARM.Collect$$$$00000000  mc_w.l(entry.o)
    0x080000ec   0x080000ec   0x00000004   Code   RO         3658    .ARM.Collect$$$$00000001  mc_w.l(entry2.o)
    0x080000f0   0x080000f0   0x00000004   Code   RO         3661    .ARM.Collect$$$$00000004  mc_w.l(entry5.o)
    0x080000f4   0x080000f4   0x00000000   Code   RO         3663    .ARM.Collect$$$$00000008  mc_w.l(entry7b.o)
    0x080000f4   0x080000f4   0x00000000   Code   RO         3665    .ARM.Collect$$$$0000000A  mc_w.l(entry8b.o)
    0x080000f4   0x080000f4   0x00000008   Code   RO         3666    .ARM.Collect$$$$0000000B  mc_w.l(entry9a.o)
    0x080000fc   0x080000fc   0x00000004   Code   RO         3673    .ARM.Collect$$$$0000000E  mc_w.l(entry12b.o)
    0x08000100   0x08000100   0x00000000   Code   RO         3668    .ARM.Collect$$$$0000000F  mc_w.l(entry10a.o)
    0x08000100   0x08000100   0x00000000   Code   RO         3670    .ARM.Collect$$$$00000011  mc_w.l(entry11a.o)
    0x08000100   0x08000100   0x00000004   Code   RO         3659    .ARM.Collect$$$$00002712  mc_w.l(entry2.o)
    0x08000104   0x08000104   0x00000024   Code   RO            4    .text               startup_stm32f103xb.o
    0x08000128   0x08000128   0x00000024   Code   RO         3319    .text               mc_w.l(memseta.o)
    0x0800014c   0x0800014c   0x00000024   Code   RO         3703    .text               mc_w.l(init.o)
    0x08000170   0x08000170   0x00000022   Code   RO         3208    i.BSP_Emm_V5_Pos_Control  bsp_emm_v5.o
    0x08000192   0x08000192   0x00000002   Code   RO          325    i.BusFault_Handler  stm32f1xx_it.o
    0x08000194   0x08000194   0x0000000c   Code   RO          326    i.DMA1_Channel4_IRQHandler  stm32f1xx_it.o
    0x080001a0   0x080001a0   0x0000000c   Code   RO          327    i.DMA1_Channel5_IRQHandler  stm32f1xx_it.o
    0x080001ac   0x080001ac   0x0000000c   Code   RO          328    i.DMA1_Channel6_IRQHandler  stm32f1xx_it.o
    0x080001b8   0x080001b8   0x0000002a   Code   RO         1314    i.DMA_SetConfig     stm32f1xx_hal_dma.o
    0x080001e2   0x080001e2   0x00000002   Code   RO          329    i.DebugMon_Handler  stm32f1xx_it.o
    0x080001e4   0x080001e4   0x00000044   Code   RO         2818    i.Emm_V5_Pos_Control  emm_v5.o
    0x08000228   0x08000228   0x00000004   Code   RO           13    i.Error_Handler     main.o
    0x0800022c   0x0800022c   0x00000046   Code   RO         1315    i.HAL_DMA_Abort     stm32f1xx_hal_dma.o
    0x08000272   0x08000272   0x00000002   PAD
    0x08000274   0x08000274   0x00000098   Code   RO         1316    i.HAL_DMA_Abort_IT  stm32f1xx_hal_dma.o
    0x0800030c   0x0800030c   0x00000006   Code   RO         1319    i.HAL_DMA_GetState  stm32f1xx_hal_dma.o
    0x08000312   0x08000312   0x00000002   PAD
    0x08000314   0x08000314   0x00000154   Code   RO         1320    i.HAL_DMA_IRQHandler  stm32f1xx_hal_dma.o
    0x08000468   0x08000468   0x0000005c   Code   RO         1321    i.HAL_DMA_Init      stm32f1xx_hal_dma.o
    0x080004c4   0x080004c4   0x00000070   Code   RO         1325    i.HAL_DMA_Start_IT  stm32f1xx_hal_dma.o
    0x08000534   0x08000534   0x00000024   Code   RO          941    i.HAL_Delay         stm32f1xx_hal.o
    0x08000558   0x08000558   0x000001e0   Code   RO         1251    i.HAL_GPIO_Init     stm32f1xx_hal_gpio.o
    0x08000738   0x08000738   0x0000000a   Code   RO         1253    i.HAL_GPIO_ReadPin  stm32f1xx_hal_gpio.o
    0x08000742   0x08000742   0x00000010   Code   RO         1254    i.HAL_GPIO_TogglePin  stm32f1xx_hal_gpio.o
    0x08000752   0x08000752   0x0000000a   Code   RO         1255    i.HAL_GPIO_WritePin  stm32f1xx_hal_gpio.o
    0x0800075c   0x0800075c   0x0000000c   Code   RO          945    i.HAL_GetTick       stm32f1xx_hal.o
    0x08000768   0x08000768   0x00000002   Code   RO          497    i.HAL_I2C_AbortCpltCallback  stm32f1xx_hal_i2c.o
    0x0800076a   0x0800076a   0x00000002   Code   RO          498    i.HAL_I2C_AddrCallback  stm32f1xx_hal_i2c.o
    0x0800076c   0x0800076c   0x000000c4   Code   RO          501    i.HAL_I2C_ER_IRQHandler  stm32f1xx_hal_i2c.o
    0x08000830   0x08000830   0x00000230   Code   RO          502    i.HAL_I2C_EV_IRQHandler  stm32f1xx_hal_i2c.o
    0x08000a60   0x08000a60   0x00000002   Code   RO          504    i.HAL_I2C_ErrorCallback  stm32f1xx_hal_i2c.o
    0x08000a62   0x08000a62   0x00000002   PAD
    0x08000a64   0x08000a64   0x00000188   Code   RO          508    i.HAL_I2C_Init      stm32f1xx_hal_i2c.o
    0x08000bec   0x08000bec   0x00000002   Code   RO          510    i.HAL_I2C_ListenCpltCallback  stm32f1xx_hal_i2c.o
    0x08000bee   0x08000bee   0x00000002   Code   RO          511    i.HAL_I2C_MasterRxCpltCallback  stm32f1xx_hal_i2c.o
    0x08000bf0   0x08000bf0   0x00000002   Code   RO          512    i.HAL_I2C_MasterTxCpltCallback  stm32f1xx_hal_i2c.o
    0x08000bf2   0x08000bf2   0x00000002   Code   RO          524    i.HAL_I2C_MemRxCpltCallback  stm32f1xx_hal_i2c.o
    0x08000bf4   0x08000bf4   0x0000001c   Code   RO         2312    i.HAL_I2C_MemTxCpltCallback  ssd1306.o
    0x08000c10   0x08000c10   0x00000130   Code   RO          529    i.HAL_I2C_Mem_Write  stm32f1xx_hal_i2c.o
    0x08000d40   0x08000d40   0x00000100   Code   RO          233    i.HAL_I2C_MspInit   i2c.o
    0x08000e40   0x08000e40   0x00000002   Code   RO          534    i.HAL_I2C_SlaveRxCpltCallback  stm32f1xx_hal_i2c.o
    0x08000e42   0x08000e42   0x00000002   Code   RO          535    i.HAL_I2C_SlaveTxCpltCallback  stm32f1xx_hal_i2c.o
    0x08000e44   0x08000e44   0x00000010   Code   RO          951    i.HAL_IncTick       stm32f1xx_hal.o
    0x08000e54   0x08000e54   0x00000024   Code   RO          952    i.HAL_Init          stm32f1xx_hal.o
    0x08000e78   0x08000e78   0x00000040   Code   RO          953    i.HAL_InitTick      stm32f1xx_hal.o
    0x08000eb8   0x08000eb8   0x0000003c   Code   RO          437    i.HAL_MspInit       stm32f1xx_hal_msp.o
    0x08000ef4   0x08000ef4   0x0000001a   Code   RO         1411    i.HAL_NVIC_EnableIRQ  stm32f1xx_hal_cortex.o
    0x08000f0e   0x08000f0e   0x00000002   PAD
    0x08000f10   0x08000f10   0x00000040   Code   RO         1417    i.HAL_NVIC_SetPriority  stm32f1xx_hal_cortex.o
    0x08000f50   0x08000f50   0x00000024   Code   RO         1418    i.HAL_NVIC_SetPriorityGrouping  stm32f1xx_hal_cortex.o
    0x08000f74   0x08000f74   0x0000012c   Code   RO         1109    i.HAL_RCC_ClockConfig  stm32f1xx_hal_rcc.o
    0x080010a0   0x080010a0   0x00000020   Code   RO         1116    i.HAL_RCC_GetPCLK1Freq  stm32f1xx_hal_rcc.o
    0x080010c0   0x080010c0   0x00000020   Code   RO         1117    i.HAL_RCC_GetPCLK2Freq  stm32f1xx_hal_rcc.o
    0x080010e0   0x080010e0   0x0000004c   Code   RO         1118    i.HAL_RCC_GetSysClockFreq  stm32f1xx_hal_rcc.o
    0x0800112c   0x0800112c   0x00000320   Code   RO         1121    i.HAL_RCC_OscConfig  stm32f1xx_hal_rcc.o
    0x0800144c   0x0800144c   0x00000028   Code   RO         1422    i.HAL_SYSTICK_Config  stm32f1xx_hal_cortex.o
    0x08001474   0x08001474   0x00000002   Code   RO         1923    i.HAL_UARTEx_RxEventCallback  stm32f1xx_hal_uart.o
    0x08001476   0x08001476   0x00000002   Code   RO         1937    i.HAL_UART_ErrorCallback  stm32f1xx_hal_uart.o
    0x08001478   0x08001478   0x0000026c   Code   RO         1940    i.HAL_UART_IRQHandler  stm32f1xx_hal_uart.o
    0x080016e4   0x080016e4   0x00000064   Code   RO         1941    i.HAL_UART_Init     stm32f1xx_hal_uart.o
    0x08001748   0x08001748   0x000000d8   Code   RO          281    i.HAL_UART_MspInit  usart.o
    0x08001820   0x08001820   0x00000002   Code   RO         1947    i.HAL_UART_RxCpltCallback  stm32f1xx_hal_uart.o
    0x08001822   0x08001822   0x00000002   PAD
    0x08001824   0x08001824   0x00000078   Code   RO         1950    i.HAL_UART_Transmit_DMA  stm32f1xx_hal_uart.o
    0x0800189c   0x0800189c   0x00000002   Code   RO         1952    i.HAL_UART_TxCpltCallback  stm32f1xx_hal_uart.o
    0x0800189e   0x0800189e   0x00000002   Code   RO         1953    i.HAL_UART_TxHalfCpltCallback  stm32f1xx_hal_uart.o
    0x080018a0   0x080018a0   0x00000002   Code   RO          330    i.HardFault_Handler  stm32f1xx_it.o
    0x080018a2   0x080018a2   0x00000002   PAD
    0x080018a4   0x080018a4   0x0000000c   Code   RO          331    i.I2C1_ER_IRQHandler  stm32f1xx_it.o
    0x080018b0   0x080018b0   0x0000000c   Code   RO          332    i.I2C1_EV_IRQHandler  stm32f1xx_it.o
    0x080018bc   0x080018bc   0x000000bc   Code   RO          546    i.I2C_DMAAbort      stm32f1xx_hal_i2c.o
    0x08001978   0x08001978   0x00000010   Code   RO          549    i.I2C_Flush_DR      stm32f1xx_hal_i2c.o
    0x08001988   0x08001988   0x00000158   Code   RO          550    i.I2C_ITError       stm32f1xx_hal_i2c.o
    0x08001ae0   0x08001ae0   0x0000002e   Code   RO          551    i.I2C_IsAcknowledgeFailed  stm32f1xx_hal_i2c.o
    0x08001b0e   0x08001b0e   0x000000da   Code   RO          552    i.I2C_MasterReceive_BTF  stm32f1xx_hal_i2c.o
    0x08001be8   0x08001be8   0x000000f4   Code   RO          553    i.I2C_MasterReceive_RXNE  stm32f1xx_hal_i2c.o
    0x08001cdc   0x08001cdc   0x00000082   Code   RO          556    i.I2C_MasterTransmit_BTF  stm32f1xx_hal_i2c.o
    0x08001d5e   0x08001d5e   0x00000002   PAD
    0x08001d60   0x08001d60   0x000000b6   Code   RO          557    i.I2C_MasterTransmit_TXE  stm32f1xx_hal_i2c.o
    0x08001e16   0x08001e16   0x00000002   PAD
    0x08001e18   0x08001e18   0x00000158   Code   RO          558    i.I2C_Master_ADDR   stm32f1xx_hal_i2c.o
    0x08001f70   0x08001f70   0x0000008c   Code   RO          559    i.I2C_Master_SB     stm32f1xx_hal_i2c.o
    0x08001ffc   0x08001ffc   0x000000a8   Code   RO          560    i.I2C_MemoryTransmit_TXE_BTF  stm32f1xx_hal_i2c.o
    0x080020a4   0x080020a4   0x000000a8   Code   RO          562    i.I2C_RequestMemoryWrite  stm32f1xx_hal_i2c.o
    0x0800214c   0x0800214c   0x00000046   Code   RO          563    i.I2C_Slave_ADDR    stm32f1xx_hal_i2c.o
    0x08002192   0x08002192   0x00000002   PAD
    0x08002194   0x08002194   0x00000090   Code   RO          564    i.I2C_Slave_AF      stm32f1xx_hal_i2c.o
    0x08002224   0x08002224   0x0000015c   Code   RO          565    i.I2C_Slave_STOPF   stm32f1xx_hal_i2c.o
    0x08002380   0x08002380   0x00000056   Code   RO          566    i.I2C_WaitOnBTFFlagUntilTimeout  stm32f1xx_hal_i2c.o
    0x080023d6   0x080023d6   0x00000002   PAD
    0x080023d8   0x080023d8   0x00000090   Code   RO          567    i.I2C_WaitOnFlagUntilTimeout  stm32f1xx_hal_i2c.o
    0x08002468   0x08002468   0x000000bc   Code   RO          568    i.I2C_WaitOnMasterAddressFlagUntilTimeout  stm32f1xx_hal_i2c.o
    0x08002524   0x08002524   0x00000056   Code   RO          570    i.I2C_WaitOnTXEFlagUntilTimeout  stm32f1xx_hal_i2c.o
    0x0800257a   0x0800257a   0x00000002   PAD
    0x0800257c   0x0800257c   0x0000004c   Code   RO          208    i.MX_DMA_Init       dma.o
    0x080025c8   0x080025c8   0x000000b0   Code   RO          184    i.MX_GPIO_Init      gpio.o
    0x08002678   0x08002678   0x00000040   Code   RO          234    i.MX_I2C1_Init      i2c.o
    0x080026b8   0x080026b8   0x00000040   Code   RO          235    i.MX_I2C2_Init      i2c.o
    0x080026f8   0x080026f8   0x00000038   Code   RO          282    i.MX_USART1_UART_Init  usart.o
    0x08002730   0x08002730   0x00000002   Code   RO          333    i.MemManage_Handler  stm32f1xx_it.o
    0x08002732   0x08002732   0x00000002   Code   RO          334    i.NMI_Handler       stm32f1xx_it.o
    0x08002734   0x08002734   0x00000002   Code   RO          335    i.PendSV_Handler    stm32f1xx_it.o
    0x08002736   0x08002736   0x00000002   Code   RO          336    i.SVC_Handler       stm32f1xx_it.o
    0x08002738   0x08002738   0x00000004   Code   RO          337    i.SysTick_Handler   stm32f1xx_it.o
    0x0800273c   0x0800273c   0x0000005e   Code   RO           14    i.SystemClock_Config  main.o
    0x0800279a   0x0800279a   0x00000002   Code   RO         2275    i.SystemInit        system_stm32f1xx.o
    0x0800279c   0x0800279c   0x00000010   Code   RO         1954    i.UART_DMAAbortOnError  stm32f1xx_hal_uart.o
    0x080027ac   0x080027ac   0x0000004a   Code   RO         1955    i.UART_DMAError     stm32f1xx_hal_uart.o
    0x080027f6   0x080027f6   0x00000042   Code   RO         1960    i.UART_DMATransmitCplt  stm32f1xx_hal_uart.o
    0x08002838   0x08002838   0x0000000a   Code   RO         1962    i.UART_DMATxHalfCplt  stm32f1xx_hal_uart.o
    0x08002842   0x08002842   0x0000004e   Code   RO         1964    i.UART_EndRxTransfer  stm32f1xx_hal_uart.o
    0x08002890   0x08002890   0x0000001c   Code   RO         1965    i.UART_EndTxTransfer  stm32f1xx_hal_uart.o
    0x080028ac   0x080028ac   0x000000c2   Code   RO         1966    i.UART_Receive_IT   stm32f1xx_hal_uart.o
    0x0800296e   0x0800296e   0x00000002   PAD
    0x08002970   0x08002970   0x000000b8   Code   RO         1967    i.UART_SetConfig    stm32f1xx_hal_uart.o
    0x08002a28   0x08002a28   0x0000000c   Code   RO          338    i.USART1_IRQHandler  stm32f1xx_it.o
    0x08002a34   0x08002a34   0x00000002   Code   RO          339    i.UsageFault_Handler  stm32f1xx_it.o
    0x08002a36   0x08002a36   0x00000002   PAD
    0x08002a38   0x08002a38   0x000000c4   Code   RO         3232    i.User_Task_key     user_task.o
    0x08002afc   0x08002afc   0x00000020   Code   RO         1424    i.__NVIC_SetPriority  stm32f1xx_hal_cortex.o
    0x08002b1c   0x08002b1c   0x0000000e   Code   RO         3711    i.__scatterload_copy  mc_w.l(handlers.o)
    0x08002b2a   0x08002b2a   0x00000002   Code   RO         3712    i.__scatterload_null  mc_w.l(handlers.o)
    0x08002b2c   0x08002b2c   0x0000000e   Code   RO         3713    i.__scatterload_zeroinit  mc_w.l(handlers.o)
    0x08002b3a   0x08002b3a   0x0000003a   Code   RO           15    i.main              main.o
    0x08002b74   0x08002b74   0x00000018   Code   RO         2320    i.ssd1306_Fill      ssd1306.o
    0x08002b8c   0x08002b8c   0x000000c8   Code   RO         2325    i.ssd1306_Init      ssd1306.o
    0x08002c54   0x08002c54   0x00000014   Code   RO         2331    i.ssd1306_SetContrast  ssd1306.o
    0x08002c68   0x08002c68   0x00000018   Code   RO         2333    i.ssd1306_SetDisplayOn  ssd1306.o
    0x08002c80   0x08002c80   0x00000038   Code   RO         2334    i.ssd1306_UpdateScreen  ssd1306.o
    0x08002cb8   0x08002cb8   0x00000024   Code   RO         2337    i.ssd1306_WriteCommand  ssd1306.o
    0x08002cdc   0x08002cdc   0x00000020   Code   RO         2338    i.ssd1306_WriteData  ssd1306.o
    0x08002cfc   0x08002cfc   0x00000012   Data   RO         1122    .constdata          stm32f1xx_hal_rcc.o
    0x08002d0e   0x08002d0e   0x00000010   Data   RO         2276    .constdata          system_stm32f1xx.o
    0x08002d1e   0x08002d1e   0x00000008   Data   RO         2277    .constdata          system_stm32f1xx.o
    0x08002d26   0x08002d26   0x00000002   PAD
    0x08002d28   0x08002d28   0x00000020   Data   RO         3709    Region$$Table       anon$$obj.o


    Execution Region RW_IRAM1 (Exec base: 0x20000000, Load base: 0x08002d48, Size: 0x00001308, Max: 0x00005000, ABSOLUTE)

    Exec Addr    Load Addr    Size         Type   Attr      Idx    E Section Name        Object

    0x20000000   0x08002d48   0x0000000c   Data   RW          959    .data               stm32f1xx_hal.o
    0x2000000c   0x08002d54   0x00000004   Data   RW         2278    .data               system_stm32f1xx.o
    0x20000010   0x08002d58   0x00000008   Data   RW         2341    .data               ssd1306.o
    0x20000018        -       0x000000ec   Zero   RW          236    .bss                i2c.o
    0x20000104        -       0x000000d0   Zero   RW          284    .bss                usart.o
    0x200001d4        -       0x00000400   Zero   RW         2340    .bss                ssd1306.o
    0x200005d4        -       0x00000934   Zero   RW         2843    .bss                emm_v5.o
    0x20000f08        -       0x00000400   Zero   RW            1    STACK               startup_stm32f103xb.o


==============================================================================

Image component sizes


      Code (inc. data)   RO Data    RW Data    ZI Data      Debug   Object Name

        34          0          0          0          0        701   bsp_emm_v5.o
        76          4          0          0          0        730   dma.o
        68          8          0          0       2356      26867   emm_v5.o
       176         14          0          0          0        895   gpio.o
       384         56          0          0        236       2339   i2c.o
       156          0          0          0          0     403836   main.o
       420         42          0          8       1024       6139   ssd1306.o
        36          8        236          0       1024        780   startup_stm32f103xb.o
       164         28          0         12          0       5729   stm32f1xx_hal.o
       198         14          0          0          0      28835   stm32f1xx_hal_cortex.o
       814         36          0          0          0       5373   stm32f1xx_hal_dma.o
       516         34          0          0          0       4020   stm32f1xx_hal_gpio.o
      4724         72          0          0          0      27685   stm32f1xx_hal_i2c.o
        60          8          0          0          0        830   stm32f1xx_hal_msp.o
      1240         84         18          0          0       4992   stm32f1xx_hal_rcc.o
      1500         24          0          0          0      11258   stm32f1xx_hal_uart.o
        92         36          0          0          0       6213   stm32f1xx_it.o
         2          0         24          4          0       1055   system_stm32f1xx.o
       272         28          0          0        208       1934   usart.o
       196         12          0          0          0        556   user_task.o

    ----------------------------------------------------------------------
     11154        508        312         24       4848     540767   Object Totals
         0          0         32          0          0          0   (incl. Generated)
        26          0          2          0          0          0   (incl. Padding)

    ----------------------------------------------------------------------

      Code (inc. data)   RO Data    RW Data    ZI Data      Debug   Library Member Name

         0          0          0          0          0          0   entry.o
         0          0          0          0          0          0   entry10a.o
         0          0          0          0          0          0   entry11a.o
         4          0          0          0          0          0   entry12b.o
         8          4          0          0          0          0   entry2.o
         4          0          0          0          0          0   entry5.o
         0          0          0          0          0          0   entry7b.o
         0          0          0          0          0          0   entry8b.o
         8          4          0          0          0          0   entry9a.o
        30          0          0          0          0          0   handlers.o
        36          8          0          0          0         68   init.o
        36          0          0          0          0        108   memseta.o

    ----------------------------------------------------------------------
       126         16          0          0          0        176   Library Totals
         0          0          0          0          0          0   (incl. Padding)

    ----------------------------------------------------------------------

      Code (inc. data)   RO Data    RW Data    ZI Data      Debug   Library Name

       126         16          0          0          0        176   mc_w.l

    ----------------------------------------------------------------------
       126         16          0          0          0        176   Library Totals

    ----------------------------------------------------------------------

==============================================================================


      Code (inc. data)   RO Data    RW Data    ZI Data      Debug   

     11280        524        312         24       4848     535583   Grand Totals
     11280        524        312         24       4848     535583   ELF Image Totals
     11280        524        312         24          0          0   ROM Totals

==============================================================================

    Total RO  Size (Code + RO Data)                11592 (  11.32kB)
    Total RW  Size (RW Data + ZI Data)              4872 (   4.76kB)
    Total ROM Size (Code + RO Data + RW Data)      11616 (  11.34kB)

==============================================================================

