<html>
<body>
<pre>
<h1>�Vision Build Log</h1>
<h2>Tool Versions:</h2>
IDE-Version: ��Vision V5.37.0.0
Copyright (C) 2022 ARM Ltd and ARM Germany GmbH. All rights reserved.
License Information: lfl min_lfl, min, LIC=EPPLD-8S12M-QII5M-X6EZ6-QI6F9-8N5GW
 
Tool Versions:
Toolchain:       MDK-ARM Professional  Version: 5.37.0.0
Toolchain Path:  D:\Keil_v5\Core\ARM\ARM_Compiler_5.06u7\Bin
C Compiler:      Armcc.exe V5.06 update 7 (build 960)
Assembler:       Armasm.exe V5.06 update 7 (build 960)
Linker/Locator:  ArmLink.exe V5.06 update 7 (build 960)
Library Manager: ArmAr.exe V5.06 update 7 (build 960)
Hex Converter:   FromElf.exe V5.06 update 7 (build 960)
CPU DLL:         SARMCM3.DLL V5.37.0.0
Dialog DLL:      DCM.DLL V1.17.5.0
Target DLL:      STLink\ST-LINKIII-KEIL_SWO.dll V3.0.9.0
Dialog DLL:      TCM.DLL V1.56.1.0
 
<h2>Project:</h2>
C:\A1_stm32_good_ider\Ping_Hen\MDK-ARM\Ping_Hen.uvprojx
Project File Date:  08/26/2026

<h2>Output:</h2>
*** Using Compiler 'V5.06 update 7 (build 960)', folder: 'D:\Keil_v5\Core\ARM\ARM_Compiler_5.06u7\Bin'
Rebuild target 'Ping_Hen'
compiling stm32f1xx_hal_pwr.c...
compiling gpio.c...
compiling User_Task.c...
..\User_BSP\User_Task.c(133): warning:  #870-D: invalid multibyte character sequence
  	printf_dma("转化后x轴加速度%f g 转化后x轴角速度%f �?/s \r\n", mpu6050_date.Ax, mpu6050_date.Gx);
..\User_BSP\User_Task.c(134): warning:  #870-D: invalid multibyte character sequence
  	printf_dma("转化后y轴加速度%f g 转化后y轴角速度%f �?/s \r\n", mpu6050_date.Ay, mpu6050_date.Gy);
..\User_BSP\User_Task.c(135): warning:  #870-D: invalid multibyte character sequence
  	printf_dma("转化后z轴加速度%f g 转化后z轴角速度%f �?/s \r\n", mpu6050_date.Az, mpu6050_date.Gz);
..\User_BSP\User_Task.c(137): warning:  #870-D: invalid multibyte character sequence
  	printf_dma("当前x轴姿态角%f �? \r\n", mpu6050_date.KalmanAngleX);
..\User_BSP\User_Task.c(138): warning:  #870-D: invalid multibyte character sequence
  	printf_dma("当前y轴姿态角%f �? \r\n", mpu6050_date.KalmanAngleY);
..\User_BSP\User_Task.c: 5 warnings, 0 errors
compiling main.c...
assembling startup_stm32f103xb.s...
compiling dma.c...
compiling i2c.c...
compiling stm32f1xx_hal.c...
compiling stm32f1xx_hal_msp.c...
compiling BSP_Emm_V5.c...
compiling stm32f1xx_hal_i2c.c...
compiling ssd1306_fonts.c...
compiling stm32f1xx_it.c...
compiling stm32f1xx_hal_flash.c...
compiling stm32f1xx_hal_gpio_ex.c...
compiling stm32f1xx_hal_cortex.c...
compiling PID_Cnotrol.c...
compiling tim.c...
compiling ssd1306.c...
compiling system_stm32f1xx.c...
compiling stm32f1xx_hal_tim_ex.c...
compiling stm32f1xx_hal_exti.c...
compiling stm32f1xx_hal_flash_ex.c...
compiling stm32f1xx_hal_dma.c...
compiling Printf_DMA.c...
compiling ssd1306_tests.c...
compiling usart.c...
compiling stm32f1xx_hal_rcc_ex.c...
compiling stm32f1xx_hal_gpio.c...
compiling stm32f1xx_hal_rcc.c...
compiling mpu6050.c...
compiling stm32f1xx_hal_uart.c...
compiling Emm_V5.c...
compiling stm32f1xx_hal_tim.c...
linking...
Program Size: Code=21788 RO-data=476 RW-data=252 ZI-data=5372  
FromELF: creating hex file...
"Ping_Hen\Ping_Hen.axf" - 0 Error(s), 5 Warning(s).

<h2>Software Packages used:</h2>

Package Vendor: ARM
                http://www.keil.com/pack/ARM.CMSIS.5.9.0.pack
                ARM.CMSIS.5.9.0
                CMSIS (Common Microcontroller Software Interface Standard)
   * Component: CORE Version: 5.6.0

Package Vendor: Keil
                https://www.keil.com/pack/Keil.STM32F1xx_DFP.2.4.1.pack
                Keil.STM32F1xx_DFP.2.4.1
                STMicroelectronics STM32F1 Series Device Support, Drivers and Examples

<h2>Collection of Component include folders:</h2>
  ./RTE/_Ping_Hen
  D:/Keil_v5/Pack/ARM/CMSIS/5.9.0/CMSIS/Core/Include
  D:/Keil_v5/Pack/Keil/STM32F1xx_DFP/2.4.1/Device/Include

<h2>Collection of Component Files used:</h2>

   * Component: ARM::CMSIS:CORE:5.6.0
      Include file:  CMSIS/Core/Include/tz_context.h
Build Time Elapsed:  00:00:04
</pre>
</body>
</html>
