Component: ARM Compiler 5.06 update 7 (build 960) Tool: armlink [4d3601]

==============================================================================

Section Cross References

    startup_stm32f103xb.o(RESET) refers to startup_stm32f103xb.o(STACK) for __initial_sp
    startup_stm32f103xb.o(RESET) refers to startup_stm32f103xb.o(.text) for Reset_Handler
    startup_stm32f103xb.o(RESET) refers to stm32f1xx_it.o(i.NMI_Handler) for NMI_Handler
    startup_stm32f103xb.o(RESET) refers to stm32f1xx_it.o(i.HardFault_Handler) for HardFault_Handler
    startup_stm32f103xb.o(RESET) refers to stm32f1xx_it.o(i.MemManage_Handler) for MemManage_Handler
    startup_stm32f103xb.o(RESET) refers to stm32f1xx_it.o(i.BusFault_Handler) for BusFault_Handler
    startup_stm32f103xb.o(RESET) refers to stm32f1xx_it.o(i.UsageFault_Handler) for UsageFault_Handler
    startup_stm32f103xb.o(RESET) refers to stm32f1xx_it.o(i.SVC_Handler) for SVC_Handler
    startup_stm32f103xb.o(RESET) refers to stm32f1xx_it.o(i.DebugMon_Handler) for DebugMon_Handler
    startup_stm32f103xb.o(RESET) refers to stm32f1xx_it.o(i.PendSV_Handler) for PendSV_Handler
    startup_stm32f103xb.o(RESET) refers to stm32f1xx_it.o(i.SysTick_Handler) for SysTick_Handler
    startup_stm32f103xb.o(RESET) refers to stm32f1xx_it.o(i.DMA1_Channel4_IRQHandler) for DMA1_Channel4_IRQHandler
    startup_stm32f103xb.o(RESET) refers to stm32f1xx_it.o(i.DMA1_Channel5_IRQHandler) for DMA1_Channel5_IRQHandler
    startup_stm32f103xb.o(RESET) refers to stm32f1xx_it.o(i.DMA1_Channel6_IRQHandler) for DMA1_Channel6_IRQHandler
    startup_stm32f103xb.o(RESET) refers to stm32f1xx_it.o(i.TIM1_UP_IRQHandler) for TIM1_UP_IRQHandler
    startup_stm32f103xb.o(RESET) refers to stm32f1xx_it.o(i.TIM2_IRQHandler) for TIM2_IRQHandler
    startup_stm32f103xb.o(RESET) refers to stm32f1xx_it.o(i.I2C1_EV_IRQHandler) for I2C1_EV_IRQHandler
    startup_stm32f103xb.o(RESET) refers to stm32f1xx_it.o(i.I2C1_ER_IRQHandler) for I2C1_ER_IRQHandler
    startup_stm32f103xb.o(RESET) refers to stm32f1xx_it.o(i.USART1_IRQHandler) for USART1_IRQHandler
    startup_stm32f103xb.o(.text) refers to system_stm32f1xx.o(i.SystemInit) for SystemInit
    startup_stm32f103xb.o(.text) refers to entry.o(.ARM.Collect$$$$00000000) for __main
    main.o(i.HAL_TIM_PeriodElapsedCallback) refers to user_task.o(i.User_Task_MPU6050_Update) for User_Task_MPU6050_Update
    main.o(i.HAL_TIM_PeriodElapsedCallback) refers to user_task.o(i.User_Task_Control) for User_Task_Control
    main.o(i.SystemClock_Config) refers to memseta.o(.text) for __aeabi_memclr4
    main.o(i.SystemClock_Config) refers to stm32f1xx_hal_rcc.o(i.HAL_RCC_OscConfig) for HAL_RCC_OscConfig
    main.o(i.SystemClock_Config) refers to stm32f1xx_hal_rcc.o(i.HAL_RCC_ClockConfig) for HAL_RCC_ClockConfig
    main.o(i.main) refers to stm32f1xx_hal.o(i.HAL_Init) for HAL_Init
    main.o(i.main) refers to main.o(i.SystemClock_Config) for SystemClock_Config
    main.o(i.main) refers to gpio.o(i.MX_GPIO_Init) for MX_GPIO_Init
    main.o(i.main) refers to dma.o(i.MX_DMA_Init) for MX_DMA_Init
    main.o(i.main) refers to i2c.o(i.MX_I2C1_Init) for MX_I2C1_Init
    main.o(i.main) refers to usart.o(i.MX_USART1_UART_Init) for MX_USART1_UART_Init
    main.o(i.main) refers to i2c.o(i.MX_I2C2_Init) for MX_I2C2_Init
    main.o(i.main) refers to tim.o(i.MX_TIM1_Init) for MX_TIM1_Init
    main.o(i.main) refers to tim.o(i.MX_TIM2_Init) for MX_TIM2_Init
    main.o(i.main) refers to user_task.o(i.User_Task_Init) for User_Task_Init
    main.o(i.main) refers to stm32f1xx_hal_tim.o(i.HAL_TIM_Base_Start_IT) for HAL_TIM_Base_Start_IT
    main.o(i.main) refers to stm32f1xx_hal_gpio.o(i.HAL_GPIO_TogglePin) for HAL_GPIO_TogglePin
    main.o(i.main) refers to user_task.o(i.User_Task_Param_Update) for User_Task_Param_Update
    main.o(i.main) refers to user_task.o(i.User_Task_OLED_Update) for User_Task_OLED_Update
    main.o(i.main) refers to user_task.o(i.User_Task_key) for User_Task_key
    main.o(i.main) refers to stm32f1xx_hal.o(i.HAL_Delay) for HAL_Delay
    main.o(i.main) refers to tim.o(.bss) for htim1
    gpio.o(i.MX_GPIO_Init) refers to stm32f1xx_hal_gpio.o(i.HAL_GPIO_WritePin) for HAL_GPIO_WritePin
    gpio.o(i.MX_GPIO_Init) refers to stm32f1xx_hal_gpio.o(i.HAL_GPIO_Init) for HAL_GPIO_Init
    dma.o(i.MX_DMA_Init) refers to stm32f1xx_hal_cortex.o(i.HAL_NVIC_SetPriority) for HAL_NVIC_SetPriority
    dma.o(i.MX_DMA_Init) refers to stm32f1xx_hal_cortex.o(i.HAL_NVIC_EnableIRQ) for HAL_NVIC_EnableIRQ
    i2c.o(i.HAL_I2C_MspDeInit) refers to stm32f1xx_hal_gpio.o(i.HAL_GPIO_DeInit) for HAL_GPIO_DeInit
    i2c.o(i.HAL_I2C_MspDeInit) refers to stm32f1xx_hal_dma.o(i.HAL_DMA_DeInit) for HAL_DMA_DeInit
    i2c.o(i.HAL_I2C_MspDeInit) refers to stm32f1xx_hal_cortex.o(i.HAL_NVIC_DisableIRQ) for HAL_NVIC_DisableIRQ
    i2c.o(i.HAL_I2C_MspInit) refers to stm32f1xx_hal_gpio.o(i.HAL_GPIO_Init) for HAL_GPIO_Init
    i2c.o(i.HAL_I2C_MspInit) refers to stm32f1xx_hal_dma.o(i.HAL_DMA_Init) for HAL_DMA_Init
[...]
    I2C_Master_SB                            0x08003455   Thumb Code   140  stm32f1xx_hal_i2c.o(i.I2C_Master_SB)
    i.I2C_MemoryTransmit_TXE_BTF             0x080034e0   Section        0  stm32f1xx_hal_i2c.o(i.I2C_MemoryTransmit_TXE_BTF)
    I2C_MemoryTransmit_TXE_BTF               0x080034e1   Thumb Code   168  stm32f1xx_hal_i2c.o(i.I2C_MemoryTransmit_TXE_BTF)
    i.I2C_RequestMemoryRead                  0x08003588   Section        0  stm32f1xx_hal_i2c.o(i.I2C_RequestMemoryRead)
    I2C_RequestMemoryRead                    0x08003589   Thumb Code   246  stm32f1xx_hal_i2c.o(i.I2C_RequestMemoryRead)
    i.I2C_RequestMemoryWrite                 0x08003684   Section        0  stm32f1xx_hal_i2c.o(i.I2C_RequestMemoryWrite)
    I2C_RequestMemoryWrite                   0x08003685   Thumb Code   162  stm32f1xx_hal_i2c.o(i.I2C_RequestMemoryWrite)
    i.I2C_Slave_ADDR                         0x0800372c   Section        0  stm32f1xx_hal_i2c.o(i.I2C_Slave_ADDR)
    I2C_Slave_ADDR                           0x0800372d   Thumb Code    70  stm32f1xx_hal_i2c.o(i.I2C_Slave_ADDR)
    i.I2C_Slave_AF                           0x08003774   Section        0  stm32f1xx_hal_i2c.o(i.I2C_Slave_AF)
    I2C_Slave_AF                             0x08003775   Thumb Code   138  stm32f1xx_hal_i2c.o(i.I2C_Slave_AF)
    i.I2C_Slave_STOPF                        0x08003804   Section        0  stm32f1xx_hal_i2c.o(i.I2C_Slave_STOPF)
    I2C_Slave_STOPF                          0x08003805   Thumb Code   338  stm32f1xx_hal_i2c.o(i.I2C_Slave_STOPF)
    i.I2C_WaitOnBTFFlagUntilTimeout          0x08003960   Section        0  stm32f1xx_hal_i2c.o(i.I2C_WaitOnBTFFlagUntilTimeout)
    I2C_WaitOnBTFFlagUntilTimeout            0x08003961   Thumb Code    86  stm32f1xx_hal_i2c.o(i.I2C_WaitOnBTFFlagUntilTimeout)
    i.I2C_WaitOnFlagUntilTimeout             0x080039b8   Section        0  stm32f1xx_hal_i2c.o(i.I2C_WaitOnFlagUntilTimeout)
    I2C_WaitOnFlagUntilTimeout               0x080039b9   Thumb Code   144  stm32f1xx_hal_i2c.o(i.I2C_WaitOnFlagUntilTimeout)
    i.I2C_WaitOnMasterAddressFlagUntilTimeout 0x08003a48   Section        0  stm32f1xx_hal_i2c.o(i.I2C_WaitOnMasterAddressFlagUntilTimeout)
    I2C_WaitOnMasterAddressFlagUntilTimeout  0x08003a49   Thumb Code   188  stm32f1xx_hal_i2c.o(i.I2C_WaitOnMasterAddressFlagUntilTimeout)
    i.I2C_WaitOnRXNEFlagUntilTimeout         0x08003b04   Section        0  stm32f1xx_hal_i2c.o(i.I2C_WaitOnRXNEFlagUntilTimeout)
    I2C_WaitOnRXNEFlagUntilTimeout           0x08003b05   Thumb Code   112  stm32f1xx_hal_i2c.o(i.I2C_WaitOnRXNEFlagUntilTimeout)
    i.I2C_WaitOnTXEFlagUntilTimeout          0x08003b74   Section        0  stm32f1xx_hal_i2c.o(i.I2C_WaitOnTXEFlagUntilTimeout)
    I2C_WaitOnTXEFlagUntilTimeout            0x08003b75   Thumb Code    86  stm32f1xx_hal_i2c.o(i.I2C_WaitOnTXEFlagUntilTimeout)
    i.Kalman_getAngle                        0x08003bca   Section        0  mpu6050.o(i.Kalman_getAngle)
    i.MPU6050_CalibrateGyro                  0x08003d58   Section        0  mpu6050.o(i.MPU6050_CalibrateGyro)
    i.MPU6050_Init                           0x08003e78   Section        0  mpu6050.o(i.MPU6050_Init)
    i.MPU6050_Read_All                       0x08003f3c   Section        0  mpu6050.o(i.MPU6050_Read_All)
    i.MX_DMA_Init                            0x080041d8   Section        0  dma.o(i.MX_DMA_Init)
    i.MX_GPIO_Init                           0x08004224   Section        0  gpio.o(i.MX_GPIO_Init)
    i.MX_I2C1_Init                           0x080042d4   Section        0  i2c.o(i.MX_I2C1_Init)
    i.MX_I2C2_Init                           0x08004314   Section        0  i2c.o(i.MX_I2C2_Init)
    i.MX_TIM1_Init                           0x08004354   Section        0  tim.o(i.MX_TIM1_Init)
    i.MX_TIM2_Init                           0x080043bc   Section        0  tim.o(i.MX_TIM2_Init)
    i.MX_USART1_UART_Init                    0x08004420   Section        0  usart.o(i.MX_USART1_UART_Init)
    i.MemManage_Handler                      0x08004458   Section        0  stm32f1xx_it.o(i.MemManage_Handler)
    i.NMI_Handler                            0x0800445a   Section        0  stm32f1xx_it.o(i.NMI_Handler)
    i.PendSV_Handler                         0x0800445c   Section        0  stm32f1xx_it.o(i.PendSV_Handler)
    i.SVC_Handler                            0x0800445e   Section        0  stm32f1xx_it.o(i.SVC_Handler)
    i.SysTick_Handler                        0x08004460   Section        0  stm32f1xx_it.o(i.SysTick_Handler)
    i.SystemClock_Config                     0x08004464   Section        0  main.o(i.SystemClock_Config)
    i.SystemInit                             0x080044c2   Section        0  system_stm32f1xx.o(i.SystemInit)
    i.TIM1_UP_IRQHandler                     0x080044c4   Section        0  stm32f1xx_it.o(i.TIM1_UP_IRQHandler)
    i.TIM2_IRQHandler                        0x080044d0   Section        0  stm32f1xx_it.o(i.TIM2_IRQHandler)
    i.TIM_Base_SetConfig                     0x080044dc   Section        0  stm32f1xx_hal_tim.o(i.TIM_Base_SetConfig)
    i.TIM_ETR_SetConfig                      0x08004554   Section        0  stm32f1xx_hal_tim.o(i.TIM_ETR_SetConfig)
    i.TIM_ITRx_SetConfig                     0x08004568   Section        0  stm32f1xx_hal_tim.o(i.TIM_ITRx_SetConfig)
    TIM_ITRx_SetConfig                       0x08004569   Thumb Code    16  stm32f1xx_hal_tim.o(i.TIM_ITRx_SetConfig)
    i.TIM_TI1_ConfigInputStage               0x08004578   Section        0  stm32f1xx_hal_tim.o(i.TIM_TI1_ConfigInputStage)
    TIM_TI1_ConfigInputStage                 0x08004579   Thumb Code    34  stm32f1xx_hal_tim.o(i.TIM_TI1_ConfigInputStage)
    i.TIM_TI2_ConfigInputStage               0x0800459a   Section        0  stm32f1xx_hal_tim.o(i.TIM_TI2_ConfigInputStage)
    TIM_TI2_ConfigInputStage                 0x0800459b   Thumb Code    36  stm32f1xx_hal_tim.o(i.TIM_TI2_ConfigInputStage)
    i.UART_DMAAbortOnError                   0x080045be   Section        0  stm32f1xx_hal_uart.o(i.UART_DMAAbortOnError)
    UART_DMAAbortOnError                     0x080045bf   Thumb Code    16  stm32f1xx_hal_uart.o(i.UART_DMAAbortOnError)
    i.UART_DMAError                          0x080045ce   Section        0  stm32f1xx_hal_uart.o(i.UART_DMAError)
    UART_DMAError                            0x080045cf   Thumb Code    74  stm32f1xx_hal_uart.o(i.UART_DMAError)
    i.UART_DMATransmitCplt                   0x08004618   Section        0  stm32f1xx_hal_uart.o(i.UART_DMATransmitCplt)
    UART_DMATransmitCplt                     0x08004619   Thumb Code    66  stm32f1xx_hal_uart.o(i.UART_DMATransmitCplt)
    i.UART_DMATxHalfCplt                     0x0800465a   Section        0  stm32f1xx_hal_uart.o(i.UART_DMATxHalfCplt)
    UART_DMATxHalfCplt                       0x0800465b   Thumb Code    10  stm32f1xx_hal_uart.o(i.UART_DMATxHalfCplt)
    i.UART_EndRxTransfer                     0x08004664   Section        0  stm32f1xx_hal_uart.o(i.UART_EndRxTransfer)
    UART_EndRxTransfer                       0x08004665   Thumb Code    78  stm32f1xx_hal_uart.o(i.UART_EndRxTransfer)
    i.UART_EndTxTransfer                     0x080046b2   Section        0  stm32f1xx_hal_uart.o(i.UART_EndTxTransfer)
    UART_EndTxTransfer                       0x080046b3   Thumb Code    28  stm32f1xx_hal_uart.o(i.UART_EndTxTransfer)
    i.UART_Receive_IT                        0x080046ce   Section        0  stm32f1xx_hal_uart.o(i.UART_Receive_IT)
    UART_Receive_IT                          0x080046cf   Thumb Code   194  stm32f1xx_hal_uart.o(i.UART_Receive_IT)
    i.UART_SetConfig                         0x08004790   Section        0  stm32f1xx_hal_uart.o(i.UART_SetConfig)
    UART_SetConfig                           0x08004791   Thumb Code   178  stm32f1xx_hal_uart.o(i.UART_SetConfig)
    i.USART1_IRQHandler                      0x08004848   Section        0  stm32f1xx_it.o(i.USART1_IRQHandler)
    i.UsageFault_Handler                     0x08004854   Section        0  stm32f1xx_it.o(i.UsageFault_Handler)
    i.User_Task_Control                      0x08004858   Section        0  user_task.o(i.User_Task_Control)
    i.User_Task_Init                         0x080048cc   Section        0  user_task.o(i.User_Task_Init)
    i.User_Task_MPU6050_Init                 0x08004910   Section        0  user_task.o(i.User_Task_MPU6050_Init)
    i.User_Task_MPU6050_Update               0x080049b4   Section        0  user_task.o(i.User_Task_MPU6050_Update)
    i.User_Task_OLED_Init                    0x08004a40   Section        0  user_task.o(i.User_Task_OLED_Init)
    i.User_Task_OLED_Update                  0x08004a50   Section        0  user_task.o(i.User_Task_OLED_Update)
    i.User_Task_Param_Update                 0x08004abc   Section        0  user_task.o(i.User_Task_Param_Update)
    i.User_Task_key                          0x08004ad8   Section        0  user_task.o(i.User_Task_key)
    i.__0sprintf                             0x08004bb0   Section        0  printfa.o(i.__0sprintf)
    i.__0vsnprintf                           0x08004bd8   Section        0  printfa.o(i.__0vsnprintf)
    i.__ARM_fpclassify                       0x08004c0c   Section        0  fpclassify.o(i.__ARM_fpclassify)
    i.__ARM_fpclassifyf                      0x08004c34   Section        0  fpclassifyf.o(i.__ARM_fpclassifyf)
    i.__NVIC_SetPriority                     0x08004c5a   Section        0  stm32f1xx_hal_cortex.o(i.__NVIC_SetPriority)
    __NVIC_SetPriority                       0x08004c5b   Thumb Code    32  stm32f1xx_hal_cortex.o(i.__NVIC_SetPriority)
    i.__kernel_poly                          0x08004c7a   Section        0  poly.o(i.__kernel_poly)
    i.__mathlib_dbl_infnan                   0x08004d24   Section        0  dunder.o(i.__mathlib_dbl_infnan)
    i.__mathlib_dbl_infnan2                  0x08004d2a   Section        0  dunder.o(i.__mathlib_dbl_infnan2)
    i.__mathlib_dbl_underflow                0x08004d30   Section        0  dunder.o(i.__mathlib_dbl_underflow)
    i.__mathlib_flt_infnan2                  0x08004d40   Section        0  funder.o(i.__mathlib_flt_infnan2)
    i.__mathlib_flt_underflow                0x08004d44   Section        0  funder.o(i.__mathlib_flt_underflow)
    i.__scatterload_copy                     0x08004d4e   Section       14  handlers.o(i.__scatterload_copy)
    i.__scatterload_null                     0x08004d5c   Section        2  handlers.o(i.__scatterload_null)
    i.__scatterload_zeroinit                 0x08004d5e   Section       14  handlers.o(i.__scatterload_zeroinit)
    i.__set_errno                            0x08004d6c   Section        0  errno.o(i.__set_errno)
    i._fp_digits                             0x08004d78   Section        0  printfa.o(i._fp_digits)
    _fp_digits                               0x08004d79   Thumb Code   366  printfa.o(i._fp_digits)
    i._printf_core                           0x08004efc   Section        0  printfa.o(i._printf_core)
    _printf_core                             0x08004efd   Thumb Code  1704  printfa.o(i._printf_core)
    i._printf_post_padding                   0x080055b0   Section        0  printfa.o(i._printf_post_padding)
    _printf_post_padding                     0x080055b1   Thumb Code    36  printfa.o(i._printf_post_padding)
    i._printf_pre_padding                    0x080055d4   Section        0  printfa.o(i._printf_pre_padding)
    _printf_pre_padding                      0x080055d5   Thumb Code    46  printfa.o(i._printf_pre_padding)
    i._snputc                                0x08005602   Section        0  printfa.o(i._snputc)
    _snputc                                  0x08005603   Thumb Code    22  printfa.o(i._snputc)
    i._sputc                                 0x08005618   Section        0  printfa.o(i._sputc)
    _sputc                                   0x08005619   Thumb Code    10  printfa.o(i._sputc)
    i.atan                                   0x08005624   Section        0  atan.o(i.atan)
    i.atan2                                  0x08005844   Section        0  atan2.o(i.atan2)
    i.atan2f                                 0x080059e0   Section        0  atan2f.o(i.atan2f)
    i.main                                   0x08005c84   Section        0  main.o(i.main)
    i.printf_dma                             0x08005ce4   Section        0  printf_dma.o(i.printf_dma)
    i.sqrt                                   0x08005d1c   Section        0  sqrt.o(i.sqrt)
    i.ssd1306_DrawPixel                      0x08005d68   Section        0  ssd1306.o(i.ssd1306_DrawPixel)
    i.ssd1306_Fill                           0x08005d98   Section        0  ssd1306.o(i.ssd1306_Fill)
    i.ssd1306_Init                           0x08005db0   Section        0  ssd1306.o(i.ssd1306_Init)
    i.ssd1306_SetContrast                    0x08005e78   Section        0  ssd1306.o(i.ssd1306_SetContrast)
    i.ssd1306_SetCursor                      0x08005e8c   Section        0  ssd1306.o(i.ssd1306_SetCursor)
    i.ssd1306_SetDisplayOn                   0x08005e98   Section        0  ssd1306.o(i.ssd1306_SetDisplayOn)
    i.ssd1306_UpdateScreen                   0x08005eb0   Section        0  ssd1306.o(i.ssd1306_UpdateScreen)
    i.ssd1306_UpdateScreen_DMA               0x08005ee8   Section        0  ssd1306.o(i.ssd1306_UpdateScreen_DMA)
    i.ssd1306_WriteChar                      0x08005f24   Section        0  ssd1306.o(i.ssd1306_WriteChar)
    i.ssd1306_WriteCommand                   0x08005fcc   Section        0  ssd1306.o(i.ssd1306_WriteCommand)
    i.ssd1306_WriteData                      0x08005ff0   Section        0  ssd1306.o(i.ssd1306_WriteData)
    i.ssd1306_WriteString                    0x08006010   Section        0  ssd1306.o(i.ssd1306_WriteString)
    .constdata                               0x08006044   Section       18  stm32f1xx_hal_rcc.o(.constdata)
    aPredivFactorTable                       0x08006044   Data           2  stm32f1xx_hal_rcc.o(.constdata)
    aPLLMULFactorTable                       0x08006046   Data          16  stm32f1xx_hal_rcc.o(.constdata)
    .constdata                               0x08006056   Section       16  system_stm32f1xx.o(.constdata)
    .constdata                               0x08006066   Section        8  system_stm32f1xx.o(.constdata)
    .constdata                               0x08006070   Section       56  user_task.o(.constdata)
    linkage_cal_table                        0x08006070   Data          56  user_task.o(.constdata)
    .constdata                               0x080060a8   Section     1900  ssd1306_fonts.o(.constdata)
    Font7x10                                 0x080060a8   Data        1900  ssd1306_fonts.o(.constdata)
    .constdata                               0x08006814   Section       12  ssd1306_fonts.o(.constdata)
    .constdata                               0x08006820   Section      152  atan.o(.constdata)
    atanhi                                   0x08006820   Data          32  atan.o(.constdata)
    atanlo                                   0x08006840   Data          32  atan.o(.constdata)
    aTodd                                    0x08006860   Data          40  atan.o(.constdata)
    aTeven                                   0x08006888   Data          48  atan.o(.constdata)
    .constdata                               0x080068b8   Section        8  qnan.o(.constdata)
    .data                                    0x20000000   Section       12  stm32f1xx_hal.o(.data)
    .data                                    0x2000000c   Section        4  system_stm32f1xx.o(.data)
    .data                                    0x20000010   Section       44  user_task.o(.data)
    control_target_valid                     0x20000011   Data           1  user_task.o(.data)
    control_command_sent                     0x20000012   Data           1  user_task.o(.data)
    mpu_ready                                0x20000014   Data           1  user_task.o(.data)
    control_target_pulse                     0x20000034   Data           4  user_task.o(.data)
    control_last_sent_pulse                  0x20000038   Data           4  user_task.o(.data)
    .data                                    0x2000003c   Section        8  ssd1306.o(.data)
    ssd1306_dma_busy                         0x2000003c   Data           1  ssd1306.o(.data)
    SSD1306                                  0x2000003e   Data           6  ssd1306.o(.data)
    .data                                    0x20000048   Section      176  mpu6050.o(.data)
    filter_initialized                       0x20000048   Data           1  mpu6050.o(.data)
    gyro_bias_x                              0x20000050   Data           8  mpu6050.o(.data)
    gyro_bias_y                              0x20000058   Data           8  mpu6050.o(.data)
    gyro_bias_z                              0x20000060   Data           8  mpu6050.o(.data)
    .data                                    0x200000f8   Section        4  errno.o(.data)
    _errno                                   0x200000f8   Data           4  errno.o(.data)
    .bss                                     0x200000fc   Section      236  i2c.o(.bss)
    .bss                                     0x200001e8   Section      144  tim.o(.bss)
    .bss                                     0x20000278   Section      208  usart.o(.bss)
    .bss                                     0x20000348   Section      160  user_task.o(.bss)
    control_ay_filter                        0x20000348   Data          12  user_task.o(.bss)
    control_az_filter                        0x20000354   Data          12  user_task.o(.bss)
    control_motion                           0x20000360   Data          12  user_task.o(.bss)
    mpu6050_date                             0x20000370   Data          88  user_task.o(.bss)
    str_buff                                 0x200003c8   Data          32  user_task.o(.bss)
    .bss                                     0x200003e8   Section     1024  ssd1306.o(.bss)
    SSD1306_Buffer                           0x200003e8   Data        1024  ssd1306.o(.bss)
    .bss                                     0x200007e8   Section      256  printf_dma.o(.bss)
    UartTxBuf                                0x200007e8   Data         256  printf_dma.o(.bss)
    .bss                                     0x200008e8   Section     2356  emm_v5.o(.bss)
    cmd                                      0x20000ce8   Data          16  emm_v5.o(.bss)
    cmd                                      0x20000cf8   Data          16  emm_v5.o(.bss)
    cmd                                      0x20000d08   Data          16  emm_v5.o(.bss)
    cmd                                      0x20000d18   Data          16  emm_v5.o(.bss)
    cmd                                      0x20000d28   Data          16  emm_v5.o(.bss)
    cmd                                      0x20000d38   Data         512  emm_v5.o(.bss)
    cmd                                      0x20000f38   Data          16  emm_v5.o(.bss)
    cmd                                      0x20000f48   Data          16  emm_v5.o(.bss)
    cmd                                      0x20000f58   Data          16  emm_v5.o(.bss)
    cmd                                      0x20000f68   Data          16  emm_v5.o(.bss)
    cmd                                      0x20000f78   Data          16  emm_v5.o(.bss)
    cmd                                      0x20000f88   Data          16  emm_v5.o(.bss)
    cmd                                      0x20000f98   Data          16  emm_v5.o(.bss)
    cmd                                      0x20000fa8   Data          16  emm_v5.o(.bss)
    cmd                                      0x20000fb8   Data          16  emm_v5.o(.bss)
    cmd                                      0x20000fc8   Data          16  emm_v5.o(.bss)
    cmd                                      0x20000fd8   Data          16  emm_v5.o(.bss)
    cmd                                      0x20000fe8   Data          32  emm_v5.o(.bss)
    cmd                                      0x20001008   Data          16  emm_v5.o(.bss)
    cmd                                      0x20001018   Data          16  emm_v5.o(.bss)
    cmd                                      0x20001028   Data          16  emm_v5.o(.bss)
    cmd                                      0x20001038   Data          16  emm_v5.o(.bss)
    cmd                                      0x20001048   Data          16  emm_v5.o(.bss)
    cmd                                      0x20001058   Data          16  emm_v5.o(.bss)
    cmd                                      0x20001068   Data          16  emm_v5.o(.bss)
    cmd                                      0x20001078   Data          16  emm_v5.o(.bss)
    cmd                                      0x20001088   Data          16  emm_v5.o(.bss)
    cmd                                      0x20001098   Data          16  emm_v5.o(.bss)
    cmd                                      0x200010a8   Data          16  emm_v5.o(.bss)
    cmd                                      0x200010b8   Data          16  emm_v5.o(.bss)
    cmd                                      0x200010c8   Data          16  emm_v5.o(.bss)
    cmd                                      0x200010d8   Data          16  emm_v5.o(.bss)
    cmd                                      0x200010e8   Data          16  emm_v5.o(.bss)
    cmd                                      0x200010f8   Data          16  emm_v5.o(.bss)
    cmd                                      0x20001108   Data          16  emm_v5.o(.bss)
    cmd                                      0x20001118   Data          20  emm_v5.o(.bss)
    cmd                                      0x2000112c   Data          16  emm_v5.o(.bss)
    cmd                                      0x2000113c   Data          32  emm_v5.o(.bss)
    cmd                                      0x2000115c   Data          16  emm_v5.o(.bss)
    cmd                                      0x2000116c   Data          16  emm_v5.o(.bss)
    cmd                                      0x2000117c   Data          16  emm_v5.o(.bss)
    cmd                                      0x2000118c   Data          16  emm_v5.o(.bss)
    cmd                                      0x2000119c   Data          16  emm_v5.o(.bss)
    cmd                                      0x200011ac   Data          16  emm_v5.o(.bss)
    cmd                                      0x200011bc   Data          16  emm_v5.o(.bss)
    cmd                                      0x200011cc   Data          16  emm_v5.o(.bss)
    cmd                                      0x200011dc   Data          16  emm_v5.o(.bss)
    cmd                                      0x200011ec   Data          16  emm_v5.o(.bss)
    cmd                                      0x200011fc   Data          16  emm_v5.o(.bss)
    cmd                                      0x2000120c   Data          16  emm_v5.o(.bss)
    STACK                                    0x20001220   Section     1024  startup_stm32f103xb.o(STACK)

    Global Symbols

    Symbol Name                              Value     Ov Type        Size  Object(Section)

    BuildAttributes$$THM_ISAv4$P$D$K$B$S$PE$A:L22UL41UL21$X:L11$S22US41US21$IEEE1$IW$USESV6$~STKCKD$USESV7$~SHL$OTIME$ROPI$IEEEX$EBA8$MICROLIB$REQ8$PRES8$EABIv2 0x00000000   Number         0  anon$$obj.o ABSOLUTE
    __ARM_use_no_argv                        0x00000000   Number         0  main.o ABSOLUTE
    _printf_a                                0x00000000   Number         0  stubs.o ABSOLUTE
    _printf_c                                0x00000000   Number         0  stubs.o ABSOLUTE
    _printf_charcount                        0x00000000   Number         0  stubs.o ABSOLUTE
    _printf_d                                0x00000000   Number         0  stubs.o ABSOLUTE
    _printf_e                                0x00000000   Number         0  stubs.o ABSOLUTE
    _printf_f                                0x00000000   Number         0  stubs.o ABSOLUTE
    _printf_flags                            0x00000000   Number         0  stubs.o ABSOLUTE
    _printf_fp_dec                           0x00000000   Number         0  stubs.o ABSOLUTE
    _printf_fp_hex                           0x00000000   Number         0  stubs.o ABSOLUTE
    _printf_g                                0x00000000   Number         0  stubs.o ABSOLUTE
    _printf_i                                0x00000000   Number         0  stubs.o ABSOLUTE
    _printf_int_dec                          0x00000000   Number         0  stubs.o ABSOLUTE
    _printf_l                                0x00000000   Number         0  stubs.o ABSOLUTE
    _printf_lc                               0x00000000   Number         0  stubs.o ABSOLUTE
    _printf_ll                               0x00000000   Number         0  stubs.o ABSOLUTE
    _printf_lld                              0x00000000   Number         0  stubs.o ABSOLUTE
    _printf_lli                              0x00000000   Number         0  stubs.o ABSOLUTE
    _printf_llo                              0x00000000   Number         0  stubs.o ABSOLUTE
    _printf_llu                              0x00000000   Number         0  stubs.o ABSOLUTE
    _printf_llx                              0x00000000   Number         0  stubs.o ABSOLUTE
    _printf_longlong_dec                     0x00000000   Number         0  stubs.o ABSOLUTE
    _printf_longlong_hex                     0x00000000   Number         0  stubs.o ABSOLUTE
    _printf_longlong_oct                     0x00000000   Number         0  stubs.o ABSOLUTE
    _printf_ls                               0x00000000   Number         0  stubs.o ABSOLUTE
    _printf_mbtowc                           0x00000000   Number         0  stubs.o ABSOLUTE
    _printf_n                                0x00000000   Number         0  stubs.o ABSOLUTE
    _printf_o                                0x00000000   Number         0  stubs.o ABSOLUTE
    _printf_p                                0x00000000   Number         0  stubs.o ABSOLUTE
    _printf_percent                          0x00000000   Number         0  stubs.o ABSOLUTE
    _printf_pre_padding                      0x00000000   Number         0  stubs.o ABSOLUTE
    _printf_return_value                     0x00000000   Number         0  stubs.o ABSOLUTE
    _printf_s                                0x00000000   Number         0  stubs.o ABSOLUTE
    _printf_sizespec                         0x00000000   Number         0  stubs.o ABSOLUTE
    _printf_str                              0x00000000   Number         0  stubs.o ABSOLUTE
    _printf_truncate_signed                  0x00000000   Number         0  stubs.o ABSOLUTE
    _printf_truncate_unsigned                0x00000000   Number         0  stubs.o ABSOLUTE
    _printf_u                                0x00000000   Number         0  stubs.o ABSOLUTE
    _printf_wc                               0x00000000   Number         0  stubs.o ABSOLUTE
    _printf_wctomb                           0x00000000   Number         0  stubs.o ABSOLUTE
    _printf_widthprec                        0x00000000   Number         0  stubs.o ABSOLUTE
    _printf_x                                0x00000000   Number         0  stubs.o ABSOLUTE
    __arm_fini_                               - Undefined Weak Reference
    __cpp_initialize__aeabi_                  - Undefined Weak Reference
    __cxa_finalize                            - Undefined Weak Reference
    __decompress                              - Undefined Weak Reference
    _clock_init                               - Undefined Weak Reference
    _microlib_exit                            - Undefined Weak Reference
    __Vectors_Size                           0x000000ec   Number         0  startup_stm32f103xb.o ABSOLUTE
    __Vectors                                0x08000000   Data           4  startup_stm32f103xb.o(RESET)
    __Vectors_End                            0x080000ec   Data           0  startup_stm32f103xb.o(RESET)
    __main                                   0x080000ed   Thumb Code     0  entry.o(.ARM.Collect$$$$00000000)
    _main_stk                                0x080000ed   Thumb Code     0  entry2.o(.ARM.Collect$$$$00000001)
    _main_scatterload                        0x080000f1   Thumb Code     0  entry5.o(.ARM.Collect$$$$00000004)
    __main_after_scatterload                 0x080000f5   Thumb Code     0  entry5.o(.ARM.Collect$$$$00000004)
    _main_clock                              0x080000f5   Thumb Code     0  entry7b.o(.ARM.Collect$$$$00000008)
    _main_cpp_init                           0x080000f5   Thumb Code     0  entry8b.o(.ARM.Collect$$$$0000000A)
    _main_init                               0x080000f5   Thumb Code     0  entry9a.o(.ARM.Collect$$$$0000000B)
    __rt_lib_shutdown_fini                   0x080000fd   Thumb Code     0  entry12b.o(.ARM.Collect$$$$0000000E)
    __rt_final_cpp                           0x08000101   Thumb Code     0  entry10a.o(.ARM.Collect$$$$0000000F)
    __rt_final_exit                          0x08000101   Thumb Code     0  entry11a.o(.ARM.Collect$$$$00000011)
    Reset_Handler                            0x08000105   Thumb Code     8  startup_stm32f103xb.o(.text)
    ADC1_2_IRQHandler                        0x0800011f   Thumb Code     0  startup_stm32f103xb.o(.text)
    CAN1_RX1_IRQHandler                      0x0800011f   Thumb Code     0  startup_stm32f103xb.o(.text)
    CAN1_SCE_IRQHandler                      0x0800011f   Thumb Code     0  startup_stm32f103xb.o(.text)
    DMA1_Channel1_IRQHandler                 0x0800011f   Thumb Code     0  startup_stm32f103xb.o(.text)
    DMA1_Channel2_IRQHandler                 0x0800011f   Thumb Code     0  startup_stm32f103xb.o(.text)
    DMA1_Channel3_IRQHandler                 0x0800011f   Thumb Code     0  startup_stm32f103xb.o(.text)
    DMA1_Channel7_IRQHandler                 0x0800011f   Thumb Code     0  startup_stm32f103xb.o(.text)
    EXTI0_IRQHandler                         0x0800011f   Thumb Code     0  startup_stm32f103xb.o(.text)
    EXTI15_10_IRQHandler                     0x0800011f   Thumb Code     0  startup_stm32f103xb.o(.text)
    EXTI1_IRQHandler                         0x0800011f   Thumb Code     0  startup_stm32f103xb.o(.text)
    EXTI2_IRQHandler                         0x0800011f   Thumb Code     0  startup_stm32f103xb.o(.text)
    EXTI3_IRQHandler                         0x0800011f   Thumb Code     0  startup_stm32f103xb.o(.text)
    EXTI4_IRQHandler                         0x0800011f   Thumb Code     0  startup_stm32f103xb.o(.text)
    EXTI9_5_IRQHandler                       0x0800011f   Thumb Code     0  startup_stm32f103xb.o(.text)
    FLASH_IRQHandler                         0x0800011f   Thumb Code     0  startup_stm32f103xb.o(.text)
    I2C2_ER_IRQHandler                       0x0800011f   Thumb Code     0  startup_stm32f103xb.o(.text)
    I2C2_EV_IRQHandler                       0x0800011f   Thumb Code     0  startup_stm32f103xb.o(.text)
    PVD_IRQHandler                           0x0800011f   Thumb Code     0  startup_stm32f103xb.o(.text)
    RCC_IRQHandler                           0x0800011f   Thumb Code     0  startup_stm32f103xb.o(.text)
    RTC_Alarm_IRQHandler                     0x0800011f   Thumb Code     0  startup_stm32f103xb.o(.text)
    RTC_IRQHandler                           0x0800011f   Thumb Code     0  startup_stm32f103xb.o(.text)
    SPI1_IRQHandler                          0x0800011f   Thumb Code     0  startup_stm32f103xb.o(.text)
    SPI2_IRQHandler                          0x0800011f   Thumb Code     0  startup_stm32f103xb.o(.text)
    TAMPER_IRQHandler                        0x0800011f   Thumb Code     0  startup_stm32f103xb.o(.text)
    TIM1_BRK_IRQHandler                      0x0800011f   Thumb Code     0  startup_stm32f103xb.o(.text)
    TIM1_CC_IRQHandler                       0x0800011f   Thumb Code     0  startup_stm32f103xb.o(.text)
    TIM1_TRG_COM_IRQHandler                  0x0800011f   Thumb Code     0  startup_stm32f103xb.o(.text)
    TIM3_IRQHandler                          0x0800011f   Thumb Code     0  startup_stm32f103xb.o(.text)
    TIM4_IRQHandler                          0x0800011f   Thumb Code     0  startup_stm32f103xb.o(.text)
    USART2_IRQHandler                        0x0800011f   Thumb Code     0  startup_stm32f103xb.o(.text)
    USART3_IRQHandler                        0x0800011f   Thumb Code     0  startup_stm32f103xb.o(.text)
    USBWakeUp_IRQHandler                     0x0800011f   Thumb Code     0  startup_stm32f103xb.o(.text)
    USB_HP_CAN1_TX_IRQHandler                0x0800011f   Thumb Code     0  startup_stm32f103xb.o(.text)
    USB_LP_CAN1_RX0_IRQHandler               0x0800011f   Thumb Code     0  startup_stm32f103xb.o(.text)
    WWDG_IRQHandler                          0x0800011f   Thumb Code     0  startup_stm32f103xb.o(.text)
    __aeabi_llsr                             0x08000129   Thumb Code    32  llushr.o(.text)
    _ll_ushift_r                             0x08000129   Thumb Code     0  llushr.o(.text)
    __aeabi_memset                           0x08000149   Thumb Code    14  memseta.o(.text)
    __aeabi_memset4                          0x08000149   Thumb Code     0  memseta.o(.text)
    __aeabi_memset8                          0x08000149   Thumb Code     0  memseta.o(.text)
    __aeabi_memclr                           0x08000157   Thumb Code     4  memseta.o(.text)
    __aeabi_memclr4                          0x08000157   Thumb Code     0  memseta.o(.text)
    __aeabi_memclr8                          0x08000157   Thumb Code     0  memseta.o(.text)
    _memset$wrapper                          0x0800015b   Thumb Code    18  memseta.o(.text)
    __aeabi_fadd                             0x0800016d   Thumb Code   164  fadd.o(.text)
    __aeabi_fsub                             0x08000211   Thumb Code     6  fadd.o(.text)
    __aeabi_frsub                            0x08000217   Thumb Code     6  fadd.o(.text)
    __aeabi_fmul                             0x0800021d   Thumb Code   100  fmul.o(.text)
    __aeabi_fdiv                             0x08000281   Thumb Code   124  fdiv.o(.text)
    __aeabi_dadd                             0x080002fd   Thumb Code   322  dadd.o(.text)
    __aeabi_dsub                             0x0800043f   Thumb Code     6  dadd.o(.text)
    __aeabi_drsub                            0x08000445   Thumb Code     6  dadd.o(.text)
    __aeabi_dmul                             0x0800044b   Thumb Code   228  dmul.o(.text)
    __aeabi_ddiv                             0x0800052f   Thumb Code   222  ddiv.o(.text)
    __ARM_scalbn                             0x0800060d   Thumb Code    46  dscalb.o(.text)
    scalbn                                   0x0800060d   Thumb Code     0  dscalb.o(.text)
    __aeabi_i2f                              0x0800063b   Thumb Code    18  fflti.o(.text)
    __aeabi_i2d                              0x0800064d   Thumb Code    34  dflti.o(.text)
    __aeabi_ui2d                             0x0800066f   Thumb Code    26  dfltui.o(.text)
    __aeabi_l2d                              0x08000689   Thumb Code    40  dfltl.o(.text)
    __aeabi_f2iz                             0x080006b1   Thumb Code    50  ffixi.o(.text)
    __aeabi_cdcmpeq                          0x080006e5   Thumb Code     0  cdcmple.o(.text)
    __aeabi_cdcmple                          0x080006e5   Thumb Code    48  cdcmple.o(.text)
    __aeabi_cdrcmple                         0x08000715   Thumb Code    48  cdrcmple.o(.text)
    __aeabi_d2f                              0x08000745   Thumb Code    56  d2f.o(.text)
    __aeabi_cfcmpeq                          0x0800077d   Thumb Code     0  cfcmple.o(.text)
    __aeabi_cfcmple                          0x0800077d   Thumb Code    20  cfcmple.o(.text)
    __aeabi_cfrcmple                         0x08000791   Thumb Code    20  cfrcmple.o(.text)
    __aeabi_uidiv                            0x080007a5   Thumb Code     0  uidiv.o(.text)
    __aeabi_uidivmod                         0x080007a5   Thumb Code    44  uidiv.o(.text)
    __aeabi_uldivmod                         0x080007d1   Thumb Code    98  uldiv.o(.text)
    __aeabi_llsl                             0x08000833   Thumb Code    30  llshl.o(.text)
    _ll_shift_l                              0x08000833   Thumb Code     0  llshl.o(.text)
    __aeabi_lasr                             0x08000851   Thumb Code    36  llsshr.o(.text)
    _ll_sshift_r                             0x08000851   Thumb Code     0  llsshr.o(.text)
    __I$use$fp                               0x08000875   Thumb Code     0  iusefp.o(.text)
    _float_round                             0x08000875   Thumb Code    18  fepilogue.o(.text)
    _float_epilogue                          0x08000887   Thumb Code    92  fepilogue.o(.text)
    _double_round                            0x080008e3   Thumb Code    30  depilogue.o(.text)
    _double_epilogue                         0x08000901   Thumb Code   156  depilogue.o(.text)
    _dsqrt                                   0x0800099d   Thumb Code   162  dsqrt.o(.text)
    __aeabi_d2ulz                            0x08000a3f   Thumb Code    48  dfixul.o(.text)
    __scatterload                            0x08000a71   Thumb Code    28  init.o(.text)
    __scatterload_rt2                        0x08000a71   Thumb Code     0  init.o(.text)
    __ARM_scalbnf                            0x08000a95   Thumb Code    24  fscalb.o(.text)
    scalbnf                                  0x08000a95   Thumb Code     0  fscalb.o(.text)
    BSP_Emm_V5_Pos_Control                   0x08000aad   Thumb Code     8  bsp_emm_v5.o(i.BSP_Emm_V5_Pos_Control)
    BSP_Emm_V5_Pos_Init                      0x08000ab5   Thumb Code    22  bsp_emm_v5.o(i.BSP_Emm_V5_Pos_Init)
    BusFault_Handler                         0x08000acb   Thumb Code     2  stm32f1xx_it.o(i.BusFault_Handler)
    DMA1_Channel4_IRQHandler                 0x08000d6d   Thumb Code     6  stm32f1xx_it.o(i.DMA1_Channel4_IRQHandler)
    DMA1_Channel5_IRQHandler                 0x08000d79   Thumb Code     6  stm32f1xx_it.o(i.DMA1_Channel5_IRQHandler)
    DMA1_Channel6_IRQHandler                 0x08000d85   Thumb Code     6  stm32f1xx_it.o(i.DMA1_Channel6_IRQHandler)
    DebugMon_Handler                         0x08000dbb   Thumb Code     2  stm32f1xx_it.o(i.DebugMon_Handler)
    Emm_V5_QPos_Control                      0x08000dbd   Thumb Code    36  emm_v5.o(i.Emm_V5_QPos_Control)
    Emm_V5_Set_QPos_Params                   0x08000de9   Thumb Code    40  emm_v5.o(i.Emm_V5_Set_QPos_Params)
    Error_Handler                            0x08000e19   Thumb Code     4  main.o(i.Error_Handler)
    HAL_DMA_Abort                            0x08000e1d   Thumb Code    70  stm32f1xx_hal_dma.o(i.HAL_DMA_Abort)
    HAL_DMA_Abort_IT                         0x08000e65   Thumb Code   148  stm32f1xx_hal_dma.o(i.HAL_DMA_Abort_IT)
    HAL_DMA_GetState                         0x08000efd   Thumb Code     6  stm32f1xx_hal_dma.o(i.HAL_DMA_GetState)
    HAL_DMA_IRQHandler                       0x08000f05   Thumb Code   316  stm32f1xx_hal_dma.o(i.HAL_DMA_IRQHandler)
    HAL_DMA_Init                             0x08001059   Thumb Code    84  stm32f1xx_hal_dma.o(i.HAL_DMA_Init)
    HAL_DMA_Start_IT                         0x080010b5   Thumb Code   112  stm32f1xx_hal_dma.o(i.HAL_DMA_Start_IT)
    HAL_Delay                                0x08001125   Thumb Code    32  stm32f1xx_hal.o(i.HAL_Delay)
    HAL_GPIO_Init                            0x08001149   Thumb Code   446  stm32f1xx_hal_gpio.o(i.HAL_GPIO_Init)
    HAL_GPIO_ReadPin                         0x08001329   Thumb Code    10  stm32f1xx_hal_gpio.o(i.HAL_GPIO_ReadPin)
    HAL_GPIO_TogglePin                       0x08001333   Thumb Code    16  stm32f1xx_hal_gpio.o(i.HAL_GPIO_TogglePin)
    HAL_GPIO_WritePin                        0x08001343   Thumb Code    10  stm32f1xx_hal_gpio.o(i.HAL_GPIO_WritePin)
    HAL_GetTick                              0x0800134d   Thumb Code     6  stm32f1xx_hal.o(i.HAL_GetTick)
    HAL_I2C_AbortCpltCallback                0x08001359   Thumb Code     2  stm32f1xx_hal_i2c.o(i.HAL_I2C_AbortCpltCallback)
    HAL_I2C_AddrCallback                     0x0800135b   Thumb Code     2  stm32f1xx_hal_i2c.o(i.HAL_I2C_AddrCallback)
    HAL_I2C_ER_IRQHandler                    0x0800135d   Thumb Code   196  stm32f1xx_hal_i2c.o(i.HAL_I2C_ER_IRQHandler)
    HAL_I2C_EV_IRQHandler                    0x08001421   Thumb Code   560  stm32f1xx_hal_i2c.o(i.HAL_I2C_EV_IRQHandler)
    HAL_I2C_ErrorCallback                    0x08001651   Thumb Code     2  stm32f1xx_hal_i2c.o(i.HAL_I2C_ErrorCallback)
    HAL_I2C_Init                             0x08001655   Thumb Code   376  stm32f1xx_hal_i2c.o(i.HAL_I2C_Init)
    HAL_I2C_ListenCpltCallback               0x080017dd   Thumb Code     2  stm32f1xx_hal_i2c.o(i.HAL_I2C_ListenCpltCallback)
    HAL_I2C_MasterRxCpltCallback             0x080017df   Thumb Code     2  stm32f1xx_hal_i2c.o(i.HAL_I2C_MasterRxCpltCallback)
    HAL_I2C_MasterTxCpltCallback             0x080017e1   Thumb Code     2  stm32f1xx_hal_i2c.o(i.HAL_I2C_MasterTxCpltCallback)
    HAL_I2C_MemRxCpltCallback                0x080017e3   Thumb Code     2  stm32f1xx_hal_i2c.o(i.HAL_I2C_MemRxCpltCallback)
    HAL_I2C_MemTxCpltCallback                0x080017e5   Thumb Code    18  ssd1306.o(i.HAL_I2C_MemTxCpltCallback)
    HAL_I2C_Mem_Read                         0x08001801   Thumb Code   586  stm32f1xx_hal_i2c.o(i.HAL_I2C_Mem_Read)
    HAL_I2C_Mem_Write                        0x08001a5d   Thumb Code   294  stm32f1xx_hal_i2c.o(i.HAL_I2C_Mem_Write)
    HAL_I2C_Mem_Write_DMA                    0x08001b8d   Thumb Code   384  stm32f1xx_hal_i2c.o(i.HAL_I2C_Mem_Write_DMA)
    HAL_I2C_MspInit                          0x08001d1d   Thumb Code   228  i2c.o(i.HAL_I2C_MspInit)
    HAL_I2C_SlaveRxCpltCallback              0x08001e1d   Thumb Code     2  stm32f1xx_hal_i2c.o(i.HAL_I2C_SlaveRxCpltCallback)
    HAL_I2C_SlaveTxCpltCallback              0x08001e1f   Thumb Code     2  stm32f1xx_hal_i2c.o(i.HAL_I2C_SlaveTxCpltCallback)
    HAL_IncTick                              0x08001e21   Thumb Code    12  stm32f1xx_hal.o(i.HAL_IncTick)
    HAL_Init                                 0x08001e31   Thumb Code    32  stm32f1xx_hal.o(i.HAL_Init)
    HAL_InitTick                             0x08001e55   Thumb Code    54  stm32f1xx_hal.o(i.HAL_InitTick)
    HAL_MspInit                              0x08001e95   Thumb Code    52  stm32f1xx_hal_msp.o(i.HAL_MspInit)
    HAL_NVIC_EnableIRQ                       0x08001ed1   Thumb Code    26  stm32f1xx_hal_cortex.o(i.HAL_NVIC_EnableIRQ)
    HAL_NVIC_SetPriority                     0x08001eed   Thumb Code    60  stm32f1xx_hal_cortex.o(i.HAL_NVIC_SetPriority)
    HAL_NVIC_SetPriorityGrouping             0x08001f2d   Thumb Code    26  stm32f1xx_hal_cortex.o(i.HAL_NVIC_SetPriorityGrouping)
    HAL_RCC_ClockConfig                      0x08001f51   Thumb Code   280  stm32f1xx_hal_rcc.o(i.HAL_RCC_ClockConfig)
    HAL_RCC_GetPCLK1Freq                     0x0800207d   Thumb Code    20  stm32f1xx_hal_rcc.o(i.HAL_RCC_GetPCLK1Freq)
    HAL_RCC_GetPCLK2Freq                     0x0800209d   Thumb Code    20  stm32f1xx_hal_rcc.o(i.HAL_RCC_GetPCLK2Freq)
    HAL_RCC_GetSysClockFreq                  0x080020bd   Thumb Code    58  stm32f1xx_hal_rcc.o(i.HAL_RCC_GetSysClockFreq)
    HAL_RCC_OscConfig                        0x08002109   Thumb Code   778  stm32f1xx_hal_rcc.o(i.HAL_RCC_OscConfig)
    HAL_SYSTICK_Config                       0x08002429   Thumb Code    40  stm32f1xx_hal_cortex.o(i.HAL_SYSTICK_Config)
    HAL_TIMEx_BreakCallback                  0x08002451   Thumb Code     2  stm32f1xx_hal_tim_ex.o(i.HAL_TIMEx_BreakCallback)
    HAL_TIMEx_CommutCallback                 0x08002453   Thumb Code     2  stm32f1xx_hal_tim_ex.o(i.HAL_TIMEx_CommutCallback)
    HAL_TIMEx_MasterConfigSynchronization    0x08002455   Thumb Code    92  stm32f1xx_hal_tim_ex.o(i.HAL_TIMEx_MasterConfigSynchronization)
    HAL_TIM_Base_Init                        0x080024bd   Thumb Code    90  stm32f1xx_hal_tim.o(i.HAL_TIM_Base_Init)
    HAL_TIM_Base_MspInit                     0x08002519   Thumb Code    86  tim.o(i.HAL_TIM_Base_MspInit)
    HAL_TIM_Base_Start_IT                    0x08002579   Thumb Code    76  stm32f1xx_hal_tim.o(i.HAL_TIM_Base_Start_IT)
    HAL_TIM_ConfigClockSource                0x080025d1   Thumb Code   220  stm32f1xx_hal_tim.o(i.HAL_TIM_ConfigClockSource)
    HAL_TIM_IC_CaptureCallback               0x080026ad   Thumb Code     2  stm32f1xx_hal_tim.o(i.HAL_TIM_IC_CaptureCallback)
    HAL_TIM_IRQHandler                       0x080026af   Thumb Code   304  stm32f1xx_hal_tim.o(i.HAL_TIM_IRQHandler)
    HAL_TIM_OC_DelayElapsedCallback          0x080027df   Thumb Code     2  stm32f1xx_hal_tim.o(i.HAL_TIM_OC_DelayElapsedCallback)
    HAL_TIM_PWM_PulseFinishedCallback        0x080027e1   Thumb Code     2  stm32f1xx_hal_tim.o(i.HAL_TIM_PWM_PulseFinishedCallback)
    HAL_TIM_PeriodElapsedCallback            0x080027e5   Thumb Code    34  main.o(i.HAL_TIM_PeriodElapsedCallback)
    HAL_TIM_TriggerCallback                  0x0800280d   Thumb Code     2  stm32f1xx_hal_tim.o(i.HAL_TIM_TriggerCallback)
    HAL_UARTEx_RxEventCallback               0x0800280f   Thumb Code     2  stm32f1xx_hal_uart.o(i.HAL_UARTEx_RxEventCallback)
    HAL_UART_ErrorCallback                   0x08002811   Thumb Code     2  stm32f1xx_hal_uart.o(i.HAL_UART_ErrorCallback)
    HAL_UART_IRQHandler                      0x08002815   Thumb Code   616  stm32f1xx_hal_uart.o(i.HAL_UART_IRQHandler)
    HAL_UART_Init                            0x08002a81   Thumb Code   100  stm32f1xx_hal_uart.o(i.HAL_UART_Init)
    HAL_UART_MspInit                         0x08002ae5   Thumb Code   196  usart.o(i.HAL_UART_MspInit)
    HAL_UART_RxCpltCallback                  0x08002bbd   Thumb Code     2  stm32f1xx_hal_uart.o(i.HAL_UART_RxCpltCallback)
    HAL_UART_Transmit_DMA                    0x08002bc1   Thumb Code   106  stm32f1xx_hal_uart.o(i.HAL_UART_Transmit_DMA)
    HAL_UART_TxCpltCallback                  0x08002c39   Thumb Code     2  stm32f1xx_hal_uart.o(i.HAL_UART_TxCpltCallback)
    HAL_UART_TxHalfCpltCallback              0x08002c3b   Thumb Code     2  stm32f1xx_hal_uart.o(i.HAL_UART_TxHalfCpltCallback)
    HardFault_Handler                        0x08002c3d   Thumb Code     2  stm32f1xx_it.o(i.HardFault_Handler)
    I2C1_ER_IRQHandler                       0x08002c41   Thumb Code     6  stm32f1xx_it.o(i.I2C1_ER_IRQHandler)
    I2C1_EV_IRQHandler                       0x08002c4d   Thumb Code     6  stm32f1xx_it.o(i.I2C1_EV_IRQHandler)
    Kalman_getAngle                          0x08003bcb   Thumb Code   396  mpu6050.o(i.Kalman_getAngle)
    MPU6050_CalibrateGyro                    0x08003d59   Thumb Code   282  mpu6050.o(i.MPU6050_CalibrateGyro)
    MPU6050_Init                             0x08003e79   Thumb Code   196  mpu6050.o(i.MPU6050_Init)
    MPU6050_Read_All                         0x08003f3d   Thumb Code   632  mpu6050.o(i.MPU6050_Read_All)
    MX_DMA_Init                              0x080041d9   Thumb Code    72  dma.o(i.MX_DMA_Init)
    MX_GPIO_Init                             0x08004225   Thumb Code   162  gpio.o(i.MX_GPIO_Init)
    MX_I2C1_Init                             0x080042d5   Thumb Code    50  i2c.o(i.MX_I2C1_Init)
    MX_I2C2_Init                             0x08004315   Thumb Code    50  i2c.o(i.MX_I2C2_Init)
    MX_TIM1_Init                             0x08004355   Thumb Code    96  tim.o(i.MX_TIM1_Init)
    MX_TIM2_Init                             0x080043bd   Thumb Code    96  tim.o(i.MX_TIM2_Init)
    MX_USART1_UART_Init                      0x08004421   Thumb Code    48  usart.o(i.MX_USART1_UART_Init)
    MemManage_Handler                        0x08004459   Thumb Code     2  stm32f1xx_it.o(i.MemManage_Handler)
    NMI_Handler                              0x0800445b   Thumb Code     2  stm32f1xx_it.o(i.NMI_Handler)
    PendSV_Handler                           0x0800445d   Thumb Code     2  stm32f1xx_it.o(i.PendSV_Handler)
    SVC_Handler                              0x0800445f   Thumb Code     2  stm32f1xx_it.o(i.SVC_Handler)
    SysTick_Handler                          0x08004461   Thumb Code     4  stm32f1xx_it.o(i.SysTick_Handler)
    SystemClock_Config                       0x08004465   Thumb Code    94  main.o(i.SystemClock_Config)
    SystemInit                               0x080044c3   Thumb Code     2  system_stm32f1xx.o(i.SystemInit)
    TIM1_UP_IRQHandler                       0x080044c5   Thumb Code     6  stm32f1xx_it.o(i.TIM1_UP_IRQHandler)
    TIM2_IRQHandler                          0x080044d1   Thumb Code     6  stm32f1xx_it.o(i.TIM2_IRQHandler)
    TIM_Base_SetConfig                       0x080044dd   Thumb Code   108  stm32f1xx_hal_tim.o(i.TIM_Base_SetConfig)
    TIM_ETR_SetConfig                        0x08004555   Thumb Code    20  stm32f1xx_hal_tim.o(i.TIM_ETR_SetConfig)
    USART1_IRQHandler                        0x08004849   Thumb Code     6  stm32f1xx_it.o(i.USART1_IRQHandler)
    UsageFault_Handler                       0x08004855   Thumb Code     2  stm32f1xx_it.o(i.UsageFault_Handler)
    User_Task_Control                        0x08004859   Thumb Code   108  user_task.o(i.User_Task_Control)
    User_Task_Init                           0x080048cd   Thumb Code    58  user_task.o(i.User_Task_Init)
    User_Task_MPU6050_Init                   0x08004911   Thumb Code    50  user_task.o(i.User_Task_MPU6050_Init)
    User_Task_MPU6050_Update                 0x080049b5   Thumb Code    60  user_task.o(i.User_Task_MPU6050_Update)
    User_Task_OLED_Init                      0x08004a41   Thumb Code    16  user_task.o(i.User_Task_OLED_Init)
    User_Task_OLED_Update                    0x08004a51   Thumb Code    82  user_task.o(i.User_Task_OLED_Update)
    User_Task_Param_Update                   0x08004abd   Thumb Code    22  user_task.o(i.User_Task_Param_Update)
    User_Task_key                            0x08004ad9   Thumb Code   202  user_task.o(i.User_Task_key)
    __0sprintf                               0x08004bb1   Thumb Code    34  printfa.o(i.__0sprintf)
    __1sprintf                               0x08004bb1   Thumb Code     0  printfa.o(i.__0sprintf)
    __2sprintf                               0x08004bb1   Thumb Code     0  printfa.o(i.__0sprintf)
    __c89sprintf                             0x08004bb1   Thumb Code     0  printfa.o(i.__0sprintf)
    sprintf                                  0x08004bb1   Thumb Code     0  printfa.o(i.__0sprintf)
    __0vsnprintf                             0x08004bd9   Thumb Code    46  printfa.o(i.__0vsnprintf)
    __1vsnprintf                             0x08004bd9   Thumb Code     0  printfa.o(i.__0vsnprintf)
    __2vsnprintf                             0x08004bd9   Thumb Code     0  printfa.o(i.__0vsnprintf)
    __c89vsnprintf                           0x08004bd9   Thumb Code     0  printfa.o(i.__0vsnprintf)
    vsnprintf                                0x08004bd9   Thumb Code     0  printfa.o(i.__0vsnprintf)
    __ARM_fpclassify                         0x08004c0d   Thumb Code    40  fpclassify.o(i.__ARM_fpclassify)
    __ARM_fpclassifyf                        0x08004c35   Thumb Code    38  fpclassifyf.o(i.__ARM_fpclassifyf)
    __kernel_poly                            0x08004c7b   Thumb Code   170  poly.o(i.__kernel_poly)
    __mathlib_dbl_infnan                     0x08004d25   Thumb Code     6  dunder.o(i.__mathlib_dbl_infnan)
    __mathlib_dbl_infnan2                    0x08004d2b   Thumb Code     4  dunder.o(i.__mathlib_dbl_infnan2)
    __mathlib_dbl_underflow                  0x08004d31   Thumb Code    10  dunder.o(i.__mathlib_dbl_underflow)
    __mathlib_flt_infnan2                    0x08004d41   Thumb Code     4  funder.o(i.__mathlib_flt_infnan2)
    __mathlib_flt_underflow                  0x08004d45   Thumb Code    10  funder.o(i.__mathlib_flt_underflow)
    __scatterload_copy                       0x08004d4f   Thumb Code    14  handlers.o(i.__scatterload_copy)
    __scatterload_null                       0x08004d5d   Thumb Code     2  handlers.o(i.__scatterload_null)
    __scatterload_zeroinit                   0x08004d5f   Thumb Code    14  handlers.o(i.__scatterload_zeroinit)
    __set_errno                              0x08004d6d   Thumb Code     6  errno.o(i.__set_errno)
    atan                                     0x08005625   Thumb Code   474  atan.o(i.atan)
    atan2                                    0x08005845   Thumb Code   374  atan2.o(i.atan2)
    atan2f                                   0x080059e1   Thumb Code   598  atan2f.o(i.atan2f)
    main                                     0x08005c85   Thumb Code    84  main.o(i.main)
    printf_dma                               0x08005ce5   Thumb Code    48  printf_dma.o(i.printf_dma)
    sqrt                                     0x08005d1d   Thumb Code    76  sqrt.o(i.sqrt)
    ssd1306_DrawPixel                        0x08005d69   Thumb Code    42  ssd1306.o(i.ssd1306_DrawPixel)
    ssd1306_Fill                             0x08005d99   Thumb Code    18  ssd1306.o(i.ssd1306_Fill)
    ssd1306_Init                             0x08005db1   Thumb Code   194  ssd1306.o(i.ssd1306_Init)
    ssd1306_SetContrast                      0x08005e79   Thumb Code    20  ssd1306.o(i.ssd1306_SetContrast)
    ssd1306_SetCursor                        0x08005e8d   Thumb Code     8  ssd1306.o(i.ssd1306_SetCursor)
    ssd1306_SetDisplayOn                     0x08005e99   Thumb Code    20  ssd1306.o(i.ssd1306_SetDisplayOn)
    ssd1306_UpdateScreen                     0x08005eb1   Thumb Code    50  ssd1306.o(i.ssd1306_UpdateScreen)
    ssd1306_UpdateScreen_DMA                 0x08005ee9   Thumb Code    46  ssd1306.o(i.ssd1306_UpdateScreen_DMA)
    ssd1306_WriteChar                        0x08005f25   Thumb Code   162  ssd1306.o(i.ssd1306_WriteChar)
    ssd1306_WriteCommand                     0x08005fcd   Thumb Code    32  ssd1306.o(i.ssd1306_WriteCommand)
    ssd1306_WriteData                        0x08005ff1   Thumb Code    26  ssd1306.o(i.ssd1306_WriteData)
    ssd1306_WriteString                      0x08006011   Thumb Code    52  ssd1306.o(i.ssd1306_WriteString)
    AHBPrescTable                            0x08006056   Data          16  system_stm32f1xx.o(.constdata)
    APBPrescTable                            0x08006066   Data           8  system_stm32f1xx.o(.constdata)
    Font_7x10                                0x08006814   Data          12  ssd1306_fonts.o(.constdata)
    __mathlib_zero                           0x080068b8   Data           8  qnan.o(.constdata)
    Region$$Table$$Base                      0x080068c0   Number         0  anon$$obj.o(Region$$Table)
    Region$$Table$$Limit                     0x080068e0   Number         0  anon$$obj.o(Region$$Table)
    uwTickFreq                               0x20000000   Data           1  stm32f1xx_hal.o(.data)
    uwTickPrio                               0x20000004   Data           4  stm32f1xx_hal.o(.data)
    uwTick                                   0x20000008   Data           4  stm32f1xx_hal.o(.data)
    SystemCoreClock                          0x2000000c   Data           4  system_stm32f1xx.o(.data)
    control_automatic_enabled                0x20000010   Data           1  user_task.o(.data)
    UPdate_Accel_Param                       0x20000013   Data           1  user_task.o(.data)
    UPdate_Speed_RPM                         0x20000016   Data           2  user_task.o(.data)
    UPdate_Manual_PULSE                      0x20000018   Data           2  user_task.o(.data)
    control_debug_ay_filtered_g              0x2000001c   Data           4  user_task.o(.data)
    control_debug_az_filtered_g              0x20000020   Data           4  user_task.o(.data)
    control_debug_target_angle_deg           0x20000024   Data           4  user_task.o(.data)
    control_debug_target_pulse               0x20000028   Data           4  user_task.o(.data)
    control_debug_command_pulse              0x2000002c   Data           4  user_task.o(.data)
    control_debug_profile_speed              0x20000030   Data           4  user_task.o(.data)
    KalmanX                                  0x20000068   Data          72  mpu6050.o(.data)
    KalmanY                                  0x200000b0   Data          72  mpu6050.o(.data)
    hi2c1                                    0x200000fc   Data          84  i2c.o(.bss)
    hi2c2                                    0x20000150   Data          84  i2c.o(.bss)
    hdma_i2c1_tx                             0x200001a4   Data          68  i2c.o(.bss)
    htim1                                    0x200001e8   Data          72  tim.o(.bss)
    htim2                                    0x20000230   Data          72  tim.o(.bss)
    huart1                                   0x20000278   Data          72  usart.o(.bss)
    hdma_usart1_tx                           0x200002c0   Data          68  usart.o(.bss)
    hdma_usart1_rx                           0x20000304   Data          68  usart.o(.bss)
    MMCL_cmd                                 0x200008e8   Data        1024  emm_v5.o(.bss)
    __initial_sp                             0x20001620   Data           0  startup_stm32f103xb.o(STACK)



==============================================================================

Memory Map of the image

  Image Entry point : 0x080000ed

  Load Region LR_IROM1 (Base: 0x08000000, Size: 0x000069dc, Max: 0x00010000, ABSOLUTE)

    Execution Region ER_IROM1 (Exec base: 0x08000000, Load base: 0x08000000, Size: 0x000068e0, Max: 0x00010000, ABSOLUTE)

    Exec Addr    Load Addr    Size         Type   Attr      Idx    E Section Name        Object

    0x08000000   0x08000000   0x000000ec   Data   RO            3    RESET               startup_stm32f103xb.o
    0x080000ec   0x080000ec   0x00000000   Code   RO         4510  * .ARM.Collect$$$$00000000  mc_w.l(entry.o)
    0x080000ec   0x080000ec   0x00000004   Code   RO         4864    .ARM.Collect$$$$00000001  mc_w.l(entry2.o)
    0x080000f0   0x080000f0   0x00000004   Code   RO         4867    .ARM.Collect$$$$00000004  mc_w.l(entry5.o)
    0x080000f4   0x080000f4   0x00000000   Code   RO         4869    .ARM.Collect$$$$00000008  mc_w.l(entry7b.o)
    0x080000f4   0x080000f4   0x00000000   Code   RO         4871    .ARM.Collect$$$$0000000A  mc_w.l(entry8b.o)
    0x080000f4   0x080000f4   0x00000008   Code   RO         4872    .ARM.Collect$$$$0000000B  mc_w.l(entry9a.o)
    0x080000fc   0x080000fc   0x00000004   Code   RO         4879    .ARM.Collect$$$$0000000E  mc_w.l(entry12b.o)
    0x08000100   0x08000100   0x00000000   Code   RO         4874    .ARM.Collect$$$$0000000F  mc_w.l(entry10a.o)
    0x08000100   0x08000100   0x00000000   Code   RO         4876    .ARM.Collect$$$$00000011  mc_w.l(entry11a.o)
    0x08000100   0x08000100   0x00000004   Code   RO         4865    .ARM.Collect$$$$00002712  mc_w.l(entry2.o)
    0x08000104   0x08000104   0x00000024   Code   RO            4    .text               startup_stm32f103xb.o
    0x08000128   0x08000128   0x00000020   Code   RO         4513    .text               mc_w.l(llushr.o)
    0x08000148   0x08000148   0x00000024   Code   RO         4519    .text               mc_w.l(memseta.o)
    0x0800016c   0x0800016c   0x000000b0   Code   RO         4786    .text               mf_w.l(fadd.o)
    0x0800021c   0x0800021c   0x00000064   Code   RO         4788    .text               mf_w.l(fmul.o)
    0x08000280   0x08000280   0x0000007c   Code   RO         4790    .text               mf_w.l(fdiv.o)
    0x080002fc   0x080002fc   0x0000014e   Code   RO         4792    .text               mf_w.l(dadd.o)
    0x0800044a   0x0800044a   0x000000e4   Code   RO         4794    .text               mf_w.l(dmul.o)
    0x0800052e   0x0800052e   0x000000de   Code   RO         4796    .text               mf_w.l(ddiv.o)
    0x0800060c   0x0800060c   0x0000002e   Code   RO         4798    .text               mf_w.l(dscalb.o)
    0x0800063a   0x0800063a   0x00000012   Code   RO         4800    .text               mf_w.l(fflti.o)
    0x0800064c   0x0800064c   0x00000022   Code   RO         4804    .text               mf_w.l(dflti.o)
    0x0800066e   0x0800066e   0x0000001a   Code   RO         4806    .text               mf_w.l(dfltui.o)
    0x08000688   0x08000688   0x00000028   Code   RO         4808    .text               mf_w.l(dfltl.o)
    0x080006b0   0x080006b0   0x00000032   Code   RO         4810    .text               mf_w.l(ffixi.o)
    0x080006e2   0x080006e2   0x00000002   PAD
    0x080006e4   0x080006e4   0x00000030   Code   RO         4816    .text               mf_w.l(cdcmple.o)
    0x08000714   0x08000714   0x00000030   Code   RO         4818    .text               mf_w.l(cdrcmple.o)
    0x08000744   0x08000744   0x00000038   Code   RO         4820    .text               mf_w.l(d2f.o)
    0x0800077c   0x0800077c   0x00000014   Code   RO         4822    .text               mf_w.l(cfcmple.o)
    0x08000790   0x08000790   0x00000014   Code   RO         4824    .text               mf_w.l(cfrcmple.o)
    0x080007a4   0x080007a4   0x0000002c   Code   RO         4883    .text               mc_w.l(uidiv.o)
    0x080007d0   0x080007d0   0x00000062   Code   RO         4885    .text               mc_w.l(uldiv.o)
    0x08000832   0x08000832   0x0000001e   Code   RO         4887    .text               mc_w.l(llshl.o)
    0x08000850   0x08000850   0x00000024   Code   RO         4889    .text               mc_w.l(llsshr.o)
    0x08000874   0x08000874   0x00000000   Code   RO         4898    .text               mc_w.l(iusefp.o)
    0x08000874   0x08000874   0x0000006e   Code   RO         4899    .text               mf_w.l(fepilogue.o)
    0x080008e2   0x080008e2   0x000000ba   Code   RO         4903    .text               mf_w.l(depilogue.o)
    0x0800099c   0x0800099c   0x000000a2   Code   RO         4905    .text               mf_w.l(dsqrt.o)
    0x08000a3e   0x08000a3e   0x00000030   Code   RO         4907    .text               mf_w.l(dfixul.o)
    0x08000a6e   0x08000a6e   0x00000002   PAD
    0x08000a70   0x08000a70   0x00000024   Code   RO         4909    .text               mc_w.l(init.o)
    0x08000a94   0x08000a94   0x00000018   Code   RO         4913    .text               mf_w.l(fscalb.o)
    0x08000aac   0x08000aac   0x00000008   Code   RO         3368    i.BSP_Emm_V5_Pos_Control  bsp_emm_v5.o
    0x08000ab4   0x08000ab4   0x00000016   Code   RO         3369    i.BSP_Emm_V5_Pos_Init  bsp_emm_v5.o
    0x08000aca   0x08000aca   0x00000002   Code   RO          396    i.BusFault_Handler  stm32f1xx_it.o
    0x08000acc   0x08000acc   0x00000024   Code   RO         3408    i.Control_Clamp     user_task.o
    0x08000af0   0x08000af0   0x00000090   Code   RO         3409    i.Control_Input_Update  user_task.o
    0x08000b80   0x08000b80   0x00000084   Code   RO         3410    i.Control_Linkage_Angle_To_Pulse  user_task.o
    0x08000c04   0x08000c04   0x0000004c   Code   RO         3411    i.Control_LowPass_Update  user_task.o
    0x08000c50   0x08000c50   0x0000011c   Code   RO         3412    i.Control_Motion_Update  user_task.o
    0x08000d6c   0x08000d6c   0x0000000c   Code   RO          397    i.DMA1_Channel4_IRQHandler  stm32f1xx_it.o
    0x08000d78   0x08000d78   0x0000000c   Code   RO          398    i.DMA1_Channel5_IRQHandler  stm32f1xx_it.o
    0x08000d84   0x08000d84   0x0000000c   Code   RO          399    i.DMA1_Channel6_IRQHandler  stm32f1xx_it.o
    0x08000d90   0x08000d90   0x0000002a   Code   RO         1397    i.DMA_SetConfig     stm32f1xx_hal_dma.o
    0x08000dba   0x08000dba   0x00000002   Code   RO          400    i.DebugMon_Handler  stm32f1xx_it.o
    0x08000dbc   0x08000dbc   0x0000002c   Code   RO         4074    i.Emm_V5_QPos_Control  emm_v5.o
    0x08000de8   0x08000de8   0x00000030   Code   RO         4089    i.Emm_V5_Set_QPos_Params  emm_v5.o
    0x08000e18   0x08000e18   0x00000004   Code   RO           13    i.Error_Handler     main.o
    0x08000e1c   0x08000e1c   0x00000046   Code   RO         1398    i.HAL_DMA_Abort     stm32f1xx_hal_dma.o
    0x08000e62   0x08000e62   0x00000002   PAD
    0x08000e64   0x08000e64   0x00000098   Code   RO         1399    i.HAL_DMA_Abort_IT  stm32f1xx_hal_dma.o
    0x08000efc   0x08000efc   0x00000006   Code   RO         1402    i.HAL_DMA_GetState  stm32f1xx_hal_dma.o
    0x08000f02   0x08000f02   0x00000002   PAD
    0x08000f04   0x08000f04   0x00000154   Code   RO         1403    i.HAL_DMA_IRQHandler  stm32f1xx_hal_dma.o
    0x08001058   0x08001058   0x0000005c   Code   RO         1404    i.HAL_DMA_Init      stm32f1xx_hal_dma.o
    0x080010b4   0x080010b4   0x00000070   Code   RO         1408    i.HAL_DMA_Start_IT  stm32f1xx_hal_dma.o
    0x08001124   0x08001124   0x00000024   Code   RO         1024    i.HAL_Delay         stm32f1xx_hal.o
    0x08001148   0x08001148   0x000001e0   Code   RO         1334    i.HAL_GPIO_Init     stm32f1xx_hal_gpio.o
    0x08001328   0x08001328   0x0000000a   Code   RO         1336    i.HAL_GPIO_ReadPin  stm32f1xx_hal_gpio.o
    0x08001332   0x08001332   0x00000010   Code   RO         1337    i.HAL_GPIO_TogglePin  stm32f1xx_hal_gpio.o
    0x08001342   0x08001342   0x0000000a   Code   RO         1338    i.HAL_GPIO_WritePin  stm32f1xx_hal_gpio.o
    0x0800134c   0x0800134c   0x0000000c   Code   RO         1028    i.HAL_GetTick       stm32f1xx_hal.o
    0x08001358   0x08001358   0x00000002   Code   RO          580    i.HAL_I2C_AbortCpltCallback  stm32f1xx_hal_i2c.o
    0x0800135a   0x0800135a   0x00000002   Code   RO          581    i.HAL_I2C_AddrCallback  stm32f1xx_hal_i2c.o
    0x0800135c   0x0800135c   0x000000c4   Code   RO          584    i.HAL_I2C_ER_IRQHandler  stm32f1xx_hal_i2c.o
    0x08001420   0x08001420   0x00000230   Code   RO          585    i.HAL_I2C_EV_IRQHandler  stm32f1xx_hal_i2c.o
    0x08001650   0x08001650   0x00000002   Code   RO          587    i.HAL_I2C_ErrorCallback  stm32f1xx_hal_i2c.o
    0x08001652   0x08001652   0x00000002   PAD
    0x08001654   0x08001654   0x00000188   Code   RO          591    i.HAL_I2C_Init      stm32f1xx_hal_i2c.o
    0x080017dc   0x080017dc   0x00000002   Code   RO          593    i.HAL_I2C_ListenCpltCallback  stm32f1xx_hal_i2c.o
    0x080017de   0x080017de   0x00000002   Code   RO          594    i.HAL_I2C_MasterRxCpltCallback  stm32f1xx_hal_i2c.o
    0x080017e0   0x080017e0   0x00000002   Code   RO          595    i.HAL_I2C_MasterTxCpltCallback  stm32f1xx_hal_i2c.o
    0x080017e2   0x080017e2   0x00000002   Code   RO          607    i.HAL_I2C_MemRxCpltCallback  stm32f1xx_hal_i2c.o
    0x080017e4   0x080017e4   0x0000001c   Code   RO         3567    i.HAL_I2C_MemTxCpltCallback  ssd1306.o
    0x08001800   0x08001800   0x0000025c   Code   RO          609    i.HAL_I2C_Mem_Read  stm32f1xx_hal_i2c.o
    0x08001a5c   0x08001a5c   0x00000130   Code   RO          612    i.HAL_I2C_Mem_Write  stm32f1xx_hal_i2c.o
    0x08001b8c   0x08001b8c   0x00000190   Code   RO          613    i.HAL_I2C_Mem_Write_DMA  stm32f1xx_hal_i2c.o
    0x08001d1c   0x08001d1c   0x00000100   Code   RO          256    i.HAL_I2C_MspInit   i2c.o
    0x08001e1c   0x08001e1c   0x00000002   Code   RO          617    i.HAL_I2C_SlaveRxCpltCallback  stm32f1xx_hal_i2c.o
    0x08001e1e   0x08001e1e   0x00000002   Code   RO          618    i.HAL_I2C_SlaveTxCpltCallback  stm32f1xx_hal_i2c.o
    0x08001e20   0x08001e20   0x00000010   Code   RO         1034    i.HAL_IncTick       stm32f1xx_hal.o
    0x08001e30   0x08001e30   0x00000024   Code   RO         1035    i.HAL_Init          stm32f1xx_hal.o
    0x08001e54   0x08001e54   0x00000040   Code   RO         1036    i.HAL_InitTick      stm32f1xx_hal.o
    0x08001e94   0x08001e94   0x0000003c   Code   RO          520    i.HAL_MspInit       stm32f1xx_hal_msp.o
    0x08001ed0   0x08001ed0   0x0000001a   Code   RO         1494    i.HAL_NVIC_EnableIRQ  stm32f1xx_hal_cortex.o
    0x08001eea   0x08001eea   0x00000002   PAD
    0x08001eec   0x08001eec   0x00000040   Code   RO         1500    i.HAL_NVIC_SetPriority  stm32f1xx_hal_cortex.o
    0x08001f2c   0x08001f2c   0x00000024   Code   RO         1501    i.HAL_NVIC_SetPriorityGrouping  stm32f1xx_hal_cortex.o
    0x08001f50   0x08001f50   0x0000012c   Code   RO         1192    i.HAL_RCC_ClockConfig  stm32f1xx_hal_rcc.o
    0x0800207c   0x0800207c   0x00000020   Code   RO         1199    i.HAL_RCC_GetPCLK1Freq  stm32f1xx_hal_rcc.o
    0x0800209c   0x0800209c   0x00000020   Code   RO         1200    i.HAL_RCC_GetPCLK2Freq  stm32f1xx_hal_rcc.o
    0x080020bc   0x080020bc   0x0000004c   Code   RO         1201    i.HAL_RCC_GetSysClockFreq  stm32f1xx_hal_rcc.o
    0x08002108   0x08002108   0x00000320   Code   RO         1204    i.HAL_RCC_OscConfig  stm32f1xx_hal_rcc.o
    0x08002428   0x08002428   0x00000028   Code   RO         1505    i.HAL_SYSTICK_Config  stm32f1xx_hal_cortex.o
    0x08002450   0x08002450   0x00000002   Code   RO         2700    i.HAL_TIMEx_BreakCallback  stm32f1xx_hal_tim_ex.o
    0x08002452   0x08002452   0x00000002   Code   RO         2701    i.HAL_TIMEx_CommutCallback  stm32f1xx_hal_tim_ex.o
    0x08002454   0x08002454   0x00000068   Code   RO         2719    i.HAL_TIMEx_MasterConfigSynchronization  stm32f1xx_hal_tim_ex.o
    0x080024bc   0x080024bc   0x0000005a   Code   RO         1996    i.HAL_TIM_Base_Init  stm32f1xx_hal_tim.o
    0x08002516   0x08002516   0x00000002   PAD
    0x08002518   0x08002518   0x00000060   Code   RO          304    i.HAL_TIM_Base_MspInit  tim.o
    0x08002578   0x08002578   0x00000058   Code   RO         2001    i.HAL_TIM_Base_Start_IT  stm32f1xx_hal_tim.o
    0x080025d0   0x080025d0   0x000000dc   Code   RO         2005    i.HAL_TIM_ConfigClockSource  stm32f1xx_hal_tim.o
    0x080026ac   0x080026ac   0x00000002   Code   RO         2030    i.HAL_TIM_IC_CaptureCallback  stm32f1xx_hal_tim.o
    0x080026ae   0x080026ae   0x00000130   Code   RO         2044    i.HAL_TIM_IRQHandler  stm32f1xx_hal_tim.o
    0x080027de   0x080027de   0x00000002   Code   RO         2047    i.HAL_TIM_OC_DelayElapsedCallback  stm32f1xx_hal_tim.o
    0x080027e0   0x080027e0   0x00000002   Code   RO         2074    i.HAL_TIM_PWM_PulseFinishedCallback  stm32f1xx_hal_tim.o
    0x080027e2   0x080027e2   0x00000002   PAD
    0x080027e4   0x080027e4   0x00000028   Code   RO           14    i.HAL_TIM_PeriodElapsedCallback  main.o
    0x0800280c   0x0800280c   0x00000002   Code   RO         2087    i.HAL_TIM_TriggerCallback  stm32f1xx_hal_tim.o
    0x0800280e   0x0800280e   0x00000002   Code   RO         2979    i.HAL_UARTEx_RxEventCallback  stm32f1xx_hal_uart.o
    0x08002810   0x08002810   0x00000002   Code   RO         2993    i.HAL_UART_ErrorCallback  stm32f1xx_hal_uart.o
    0x08002812   0x08002812   0x00000002   PAD
    0x08002814   0x08002814   0x0000026c   Code   RO         2996    i.HAL_UART_IRQHandler  stm32f1xx_hal_uart.o
    0x08002a80   0x08002a80   0x00000064   Code   RO         2997    i.HAL_UART_Init     stm32f1xx_hal_uart.o
    0x08002ae4   0x08002ae4   0x000000d8   Code   RO          352    i.HAL_UART_MspInit  usart.o
    0x08002bbc   0x08002bbc   0x00000002   Code   RO         3003    i.HAL_UART_RxCpltCallback  stm32f1xx_hal_uart.o
    0x08002bbe   0x08002bbe   0x00000002   PAD
    0x08002bc0   0x08002bc0   0x00000078   Code   RO         3006    i.HAL_UART_Transmit_DMA  stm32f1xx_hal_uart.o
    0x08002c38   0x08002c38   0x00000002   Code   RO         3008    i.HAL_UART_TxCpltCallback  stm32f1xx_hal_uart.o
    0x08002c3a   0x08002c3a   0x00000002   Code   RO         3009    i.HAL_UART_TxHalfCpltCallback  stm32f1xx_hal_uart.o
    0x08002c3c   0x08002c3c   0x00000002   Code   RO          401    i.HardFault_Handler  stm32f1xx_it.o
    0x08002c3e   0x08002c3e   0x00000002   PAD
    0x08002c40   0x08002c40   0x0000000c   Code   RO          402    i.I2C1_ER_IRQHandler  stm32f1xx_it.o
    0x08002c4c   0x08002c4c   0x0000000c   Code   RO          403    i.I2C1_EV_IRQHandler  stm32f1xx_it.o
    0x08002c58   0x08002c58   0x000000bc   Code   RO          629    i.I2C_DMAAbort      stm32f1xx_hal_i2c.o
    0x08002d14   0x08002d14   0x00000036   Code   RO          630    i.I2C_DMAError      stm32f1xx_hal_i2c.o
    0x08002d4a   0x08002d4a   0x00000112   Code   RO          631    i.I2C_DMAXferCplt   stm32f1xx_hal_i2c.o
    0x08002e5c   0x08002e5c   0x00000010   Code   RO          632    i.I2C_Flush_DR      stm32f1xx_hal_i2c.o
    0x08002e6c   0x08002e6c   0x00000158   Code   RO          633    i.I2C_ITError       stm32f1xx_hal_i2c.o
    0x08002fc4   0x08002fc4   0x0000002e   Code   RO          634    i.I2C_IsAcknowledgeFailed  stm32f1xx_hal_i2c.o
    0x08002ff2   0x08002ff2   0x000000da   Code   RO          635    i.I2C_MasterReceive_BTF  stm32f1xx_hal_i2c.o
    0x080030cc   0x080030cc   0x000000f4   Code   RO          636    i.I2C_MasterReceive_RXNE  stm32f1xx_hal_i2c.o
    0x080031c0   0x080031c0   0x00000082   Code   RO          639    i.I2C_MasterTransmit_BTF  stm32f1xx_hal_i2c.o
    0x08003242   0x08003242   0x00000002   PAD
    0x08003244   0x08003244   0x000000b6   Code   RO          640    i.I2C_MasterTransmit_TXE  stm32f1xx_hal_i2c.o
    0x080032fa   0x080032fa   0x00000002   PAD
    0x080032fc   0x080032fc   0x00000158   Code   RO          641    i.I2C_Master_ADDR   stm32f1xx_hal_i2c.o
    0x08003454   0x08003454   0x0000008c   Code   RO          642    i.I2C_Master_SB     stm32f1xx_hal_i2c.o
    0x080034e0   0x080034e0   0x000000a8   Code   RO          643    i.I2C_MemoryTransmit_TXE_BTF  stm32f1xx_hal_i2c.o
    0x08003588   0x08003588   0x000000fc   Code   RO          644    i.I2C_RequestMemoryRead  stm32f1xx_hal_i2c.o
    0x08003684   0x08003684   0x000000a8   Code   RO          645    i.I2C_RequestMemoryWrite  stm32f1xx_hal_i2c.o
    0x0800372c   0x0800372c   0x00000046   Code   RO          646    i.I2C_Slave_ADDR    stm32f1xx_hal_i2c.o
    0x08003772   0x08003772   0x00000002   PAD
    0x08003774   0x08003774   0x00000090   Code   RO          647    i.I2C_Slave_AF      stm32f1xx_hal_i2c.o
    0x08003804   0x08003804   0x0000015c   Code   RO          648    i.I2C_Slave_STOPF   stm32f1xx_hal_i2c.o
    0x08003960   0x08003960   0x00000056   Code   RO          649    i.I2C_WaitOnBTFFlagUntilTimeout  stm32f1xx_hal_i2c.o
    0x080039b6   0x080039b6   0x00000002   PAD
    0x080039b8   0x080039b8   0x00000090   Code   RO          650    i.I2C_WaitOnFlagUntilTimeout  stm32f1xx_hal_i2c.o
    0x08003a48   0x08003a48   0x000000bc   Code   RO          651    i.I2C_WaitOnMasterAddressFlagUntilTimeout  stm32f1xx_hal_i2c.o
    0x08003b04   0x08003b04   0x00000070   Code   RO          652    i.I2C_WaitOnRXNEFlagUntilTimeout  stm32f1xx_hal_i2c.o
    0x08003b74   0x08003b74   0x00000056   Code   RO          653    i.I2C_WaitOnTXEFlagUntilTimeout  stm32f1xx_hal_i2c.o
    0x08003bca   0x08003bca   0x0000018c   Code   RO         3962    i.Kalman_getAngle   mpu6050.o
    0x08003d56   0x08003d56   0x00000002   PAD
    0x08003d58   0x08003d58   0x00000120   Code   RO         3963    i.MPU6050_CalibrateGyro  mpu6050.o
    0x08003e78   0x08003e78   0x000000c4   Code   RO         3964    i.MPU6050_Init      mpu6050.o
    0x08003f3c   0x08003f3c   0x0000029c   Code   RO         3966    i.MPU6050_Read_All  mpu6050.o
    0x080041d8   0x080041d8   0x0000004c   Code   RO          231    i.MX_DMA_Init       dma.o
    0x08004224   0x08004224   0x000000b0   Code   RO          207    i.MX_GPIO_Init      gpio.o
    0x080042d4   0x080042d4   0x00000040   Code   RO          257    i.MX_I2C1_Init      i2c.o
    0x08004314   0x08004314   0x00000040   Code   RO          258    i.MX_I2C2_Init      i2c.o
    0x08004354   0x08004354   0x00000068   Code   RO          305    i.MX_TIM1_Init      tim.o
    0x080043bc   0x080043bc   0x00000064   Code   RO          306    i.MX_TIM2_Init      tim.o
    0x08004420   0x08004420   0x00000038   Code   RO          353    i.MX_USART1_UART_Init  usart.o
    0x08004458   0x08004458   0x00000002   Code   RO          404    i.MemManage_Handler  stm32f1xx_it.o
    0x0800445a   0x0800445a   0x00000002   Code   RO          405    i.NMI_Handler       stm32f1xx_it.o
    0x0800445c   0x0800445c   0x00000002   Code   RO          406    i.PendSV_Handler    stm32f1xx_it.o
    0x0800445e   0x0800445e   0x00000002   Code   RO          407    i.SVC_Handler       stm32f1xx_it.o
    0x08004460   0x08004460   0x00000004   Code   RO          408    i.SysTick_Handler   stm32f1xx_it.o
    0x08004464   0x08004464   0x0000005e   Code   RO           15    i.SystemClock_Config  main.o
    0x080044c2   0x080044c2   0x00000002   Code   RO         3331    i.SystemInit        system_stm32f1xx.o
    0x080044c4   0x080044c4   0x0000000c   Code   RO          409    i.TIM1_UP_IRQHandler  stm32f1xx_it.o
    0x080044d0   0x080044d0   0x0000000c   Code   RO          410    i.TIM2_IRQHandler   stm32f1xx_it.o
    0x080044dc   0x080044dc   0x00000078   Code   RO         2089    i.TIM_Base_SetConfig  stm32f1xx_hal_tim.o
    0x08004554   0x08004554   0x00000014   Code   RO         2100    i.TIM_ETR_SetConfig  stm32f1xx_hal_tim.o
    0x08004568   0x08004568   0x00000010   Code   RO         2101    i.TIM_ITRx_SetConfig  stm32f1xx_hal_tim.o
    0x08004578   0x08004578   0x00000022   Code   RO         2107    i.TIM_TI1_ConfigInputStage  stm32f1xx_hal_tim.o
    0x0800459a   0x0800459a   0x00000024   Code   RO         2109    i.TIM_TI2_ConfigInputStage  stm32f1xx_hal_tim.o
    0x080045be   0x080045be   0x00000010   Code   RO         3010    i.UART_DMAAbortOnError  stm32f1xx_hal_uart.o
    0x080045ce   0x080045ce   0x0000004a   Code   RO         3011    i.UART_DMAError     stm32f1xx_hal_uart.o
    0x08004618   0x08004618   0x00000042   Code   RO         3016    i.UART_DMATransmitCplt  stm32f1xx_hal_uart.o
    0x0800465a   0x0800465a   0x0000000a   Code   RO         3018    i.UART_DMATxHalfCplt  stm32f1xx_hal_uart.o
    0x08004664   0x08004664   0x0000004e   Code   RO         3020    i.UART_EndRxTransfer  stm32f1xx_hal_uart.o
    0x080046b2   0x080046b2   0x0000001c   Code   RO         3021    i.UART_EndTxTransfer  stm32f1xx_hal_uart.o
    0x080046ce   0x080046ce   0x000000c2   Code   RO         3022    i.UART_Receive_IT   stm32f1xx_hal_uart.o
    0x08004790   0x08004790   0x000000b8   Code   RO         3023    i.UART_SetConfig    stm32f1xx_hal_uart.o
    0x08004848   0x08004848   0x0000000c   Code   RO          411    i.USART1_IRQHandler  stm32f1xx_it.o
    0x08004854   0x08004854   0x00000002   Code   RO          412    i.UsageFault_Handler  stm32f1xx_it.o
    0x08004856   0x08004856   0x00000002   PAD
    0x08004858   0x08004858   0x00000074   Code   RO         3413    i.User_Task_Control  user_task.o
    0x080048cc   0x080048cc   0x00000044   Code   RO         3414    i.User_Task_Init    user_task.o
    0x08004910   0x08004910   0x000000a4   Code   RO         3416    i.User_Task_MPU6050_Init  user_task.o
    0x080049b4   0x080049b4   0x0000008c   Code   RO         3417    i.User_Task_MPU6050_Update  user_task.o
    0x08004a40   0x08004a40   0x00000010   Code   RO         3418    i.User_Task_OLED_Init  user_task.o
    0x08004a50   0x08004a50   0x0000006c   Code   RO         3419    i.User_Task_OLED_Update  user_task.o
    0x08004abc   0x08004abc   0x0000001c   Code   RO         3420    i.User_Task_Param_Update  user_task.o
    0x08004ad8   0x08004ad8   0x000000d8   Code   RO         3422    i.User_Task_key     user_task.o
    0x08004bb0   0x08004bb0   0x00000028   Code   RO         4760    i.__0sprintf        mc_w.l(printfa.o)
    0x08004bd8   0x08004bd8   0x00000034   Code   RO         4763    i.__0vsnprintf      mc_w.l(printfa.o)
    0x08004c0c   0x08004c0c   0x00000028   Code   RO         4840    i.__ARM_fpclassify  m_ws.l(fpclassify.o)
    0x08004c34   0x08004c34   0x00000026   Code   RO         4842    i.__ARM_fpclassifyf  m_ws.l(fpclassifyf.o)
    0x08004c5a   0x08004c5a   0x00000020   Code   RO         1507    i.__NVIC_SetPriority  stm32f1xx_hal_cortex.o
    0x08004c7a   0x08004c7a   0x000000aa   Code   RO         4858    i.__kernel_poly     m_ws.l(poly.o)
    0x08004d24   0x08004d24   0x00000006   Code   RO         4827    i.__mathlib_dbl_infnan  m_ws.l(dunder.o)
    0x08004d2a   0x08004d2a   0x00000004   Code   RO         4828    i.__mathlib_dbl_infnan2  m_ws.l(dunder.o)
    0x08004d2e   0x08004d2e   0x00000002   PAD
    0x08004d30   0x08004d30   0x00000010   Code   RO         4832    i.__mathlib_dbl_underflow  m_ws.l(dunder.o)
    0x08004d40   0x08004d40   0x00000004   Code   RO         4846    i.__mathlib_flt_infnan2  m_ws.l(funder.o)
    0x08004d44   0x08004d44   0x0000000a   Code   RO         4850    i.__mathlib_flt_underflow  m_ws.l(funder.o)
    0x08004d4e   0x08004d4e   0x0000000e   Code   RO         4917    i.__scatterload_copy  mc_w.l(handlers.o)
    0x08004d5c   0x08004d5c   0x00000002   Code   RO         4918    i.__scatterload_null  mc_w.l(handlers.o)
    0x08004d5e   0x08004d5e   0x0000000e   Code   RO         4919    i.__scatterload_zeroinit  mc_w.l(handlers.o)
    0x08004d6c   0x08004d6c   0x0000000c   Code   RO         4893    i.__set_errno       mc_w.l(errno.o)
    0x08004d78   0x08004d78   0x00000184   Code   RO         4765    i._fp_digits        mc_w.l(printfa.o)
    0x08004efc   0x08004efc   0x000006b4   Code   RO         4766    i._printf_core      mc_w.l(printfa.o)
    0x080055b0   0x080055b0   0x00000024   Code   RO         4767    i._printf_post_padding  mc_w.l(printfa.o)
    0x080055d4   0x080055d4   0x0000002e   Code   RO         4768    i._printf_pre_padding  mc_w.l(printfa.o)
    0x08005602   0x08005602   0x00000016   Code   RO         4769    i._snputc           mc_w.l(printfa.o)
    0x08005618   0x08005618   0x0000000a   Code   RO         4770    i._sputc            mc_w.l(printfa.o)
    0x08005622   0x08005622   0x00000002   PAD
    0x08005624   0x08005624   0x00000220   Code   RO         4461    i.atan              m_ws.l(atan.o)
    0x08005844   0x08005844   0x0000019c   Code   RO         4471    i.atan2             m_ws.l(atan2.o)
    0x080059e0   0x080059e0   0x000002a4   Code   RO         4479    i.atan2f            m_ws.l(atan2f.o)
    0x08005c84   0x08005c84   0x00000060   Code   RO           16    i.main              main.o
    0x08005ce4   0x08005ce4   0x00000038   Code   RO         3926    i.printf_dma        printf_dma.o
    0x08005d1c   0x08005d1c   0x0000004c   Code   RO         4503    i.sqrt              m_ws.l(sqrt.o)
    0x08005d68   0x08005d68   0x00000030   Code   RO         3573    i.ssd1306_DrawPixel  ssd1306.o
    0x08005d98   0x08005d98   0x00000018   Code   RO         3575    i.ssd1306_Fill      ssd1306.o
    0x08005db0   0x08005db0   0x000000c8   Code   RO         3580    i.ssd1306_Init      ssd1306.o
    0x08005e78   0x08005e78   0x00000014   Code   RO         3586    i.ssd1306_SetContrast  ssd1306.o
    0x08005e8c   0x08005e8c   0x0000000c   Code   RO         3587    i.ssd1306_SetCursor  ssd1306.o
    0x08005e98   0x08005e98   0x00000018   Code   RO         3588    i.ssd1306_SetDisplayOn  ssd1306.o
    0x08005eb0   0x08005eb0   0x00000038   Code   RO         3589    i.ssd1306_UpdateScreen  ssd1306.o
    0x08005ee8   0x08005ee8   0x0000003c   Code   RO         3590    i.ssd1306_UpdateScreen_DMA  ssd1306.o
    0x08005f24   0x08005f24   0x000000a8   Code   RO         3591    i.ssd1306_WriteChar  ssd1306.o
    0x08005fcc   0x08005fcc   0x00000024   Code   RO         3592    i.ssd1306_WriteCommand  ssd1306.o
    0x08005ff0   0x08005ff0   0x00000020   Code   RO         3593    i.ssd1306_WriteData  ssd1306.o
    0x08006010   0x08006010   0x00000034   Code   RO         3594    i.ssd1306_WriteString  ssd1306.o
    0x08006044   0x08006044   0x00000012   Data   RO         1205    .constdata          stm32f1xx_hal_rcc.o
    0x08006056   0x08006056   0x00000010   Data   RO         3332    .constdata          system_stm32f1xx.o
    0x08006066   0x08006066   0x00000008   Data   RO         3333    .constdata          system_stm32f1xx.o
    0x0800606e   0x0800606e   0x00000002   PAD
    0x08006070   0x08006070   0x00000038   Data   RO         3424    .constdata          user_task.o
    0x080060a8   0x080060a8   0x0000076c   Data   RO         3769    .constdata          ssd1306_fonts.o
    0x08006814   0x08006814   0x0000000c   Data   RO         3777    .constdata          ssd1306_fonts.o
    0x08006820   0x08006820   0x00000098   Data   RO         4462    .constdata          m_ws.l(atan.o)
    0x080068b8   0x080068b8   0x00000008   Data   RO         4860    .constdata          m_ws.l(qnan.o)
    0x080068c0   0x080068c0   0x00000020   Data   RO         4915    Region$$Table       anon$$obj.o


    Execution Region RW_IRAM1 (Exec base: 0x20000000, Load base: 0x080068e0, Size: 0x00001620, Max: 0x00005000, ABSOLUTE)

    Exec Addr    Load Addr    Size         Type   Attr      Idx    E Section Name        Object

    0x20000000   0x080068e0   0x0000000c   Data   RW         1042    .data               stm32f1xx_hal.o
    0x2000000c   0x080068ec   0x00000004   Data   RW         3334    .data               system_stm32f1xx.o
    0x20000010   0x080068f0   0x0000002c   Data   RW         3425    .data               user_task.o
    0x2000003c   0x0800691c   0x00000008   Data   RW         3596    .data               ssd1306.o
    0x20000044   0x08006924   0x00000004   PAD
    0x20000048   0x08006928   0x000000b0   Data   RW         3971    .data               mpu6050.o
    0x200000f8   0x080069d8   0x00000004   Data   RW         4894    .data               mc_w.l(errno.o)
    0x200000fc        -       0x000000ec   Zero   RW          259    .bss                i2c.o
    0x200001e8        -       0x00000090   Zero   RW          307    .bss                tim.o
    0x20000278        -       0x000000d0   Zero   RW          355    .bss                usart.o
    0x20000348        -       0x000000a0   Zero   RW         3423    .bss                user_task.o
    0x200003e8        -       0x00000400   Zero   RW         3595    .bss                ssd1306.o
    0x200007e8        -       0x00000100   Zero   RW         3927    .bss                printf_dma.o
    0x200008e8        -       0x00000934   Zero   RW         4098    .bss                emm_v5.o
    0x2000121c   0x080069dc   0x00000004   PAD
    0x20001220        -       0x00000400   Zero   RW            1    STACK               startup_stm32f103xb.o


==============================================================================

Image component sizes


      Code (inc. data)   RO Data    RW Data    ZI Data      Debug   Object Name

        30          0          0          0          0        899   bsp_emm_v5.o
        76          4          0          0          0        730   dma.o
        92         16          0          0       2356      26927   emm_v5.o
       176         14          0          0          0        895   gpio.o
       384         56          0          0        236       2339   i2c.o
       234         18          0          0          0     436576   main.o
      1548         42          0        176          0       5596   mpu6050.o
        56          8          0          0        256       1781   printf_dma.o
       760         72          0          8       1024       9388   ssd1306.o
         0          0       1912          0          0        929   ssd1306_fonts.o
        36          8        236          0       1024        780   startup_stm32f103xb.o
       164         28          0         12          0       5729   stm32f1xx_hal.o
       198         14          0          0          0      28835   stm32f1xx_hal_cortex.o
       814         36          0          0          0       5373   stm32f1xx_hal_dma.o
       516         34          0          0          0       4020   stm32f1xx_hal_gpio.o
      6420        112          0          0          0      34240   stm32f1xx_hal_i2c.o
        60          8          0          0          0        830   stm32f1xx_hal_msp.o
      1240         84         18          0          0       4992   stm32f1xx_hal_rcc.o
       936         24          0          0          0       9569   stm32f1xx_hal_tim.o
       108         12          0          0          0       2321   stm32f1xx_hal_tim_ex.o
      1500         24          0          0          0      11258   stm32f1xx_hal_uart.o
       116         48          0          0          0       7040   stm32f1xx_it.o
         2          0         24          4          0       1055   system_stm32f1xx.o
       300         22          0          0        144       2243   tim.o
       272         28          0          0        208       1934   usart.o
      1528        366         56         44        160      11172   user_task.o

    ----------------------------------------------------------------------
     17596       1078       2280        248       5412     617451   Object Totals
         0          0         32          0          0          0   (incl. Generated)
        30          0          2          4          4          0   (incl. Padding)

    ----------------------------------------------------------------------

      Code (inc. data)   RO Data    RW Data    ZI Data      Debug   Library Member Name

       544         70        152          0          0        124   atan.o
       412         38          0          0          0        144   atan2.o
       676         78          0          0          0        116   atan2f.o
        26          6          0          0          0        204   dunder.o
        40          0          0          0          0         68   fpclassify.o
        38          0          0          0          0         68   fpclassifyf.o
        14          0          0          0          0        136   funder.o
       170          0          0          0          0         96   poly.o
         0          0          8          0          0          0   qnan.o
        76          0          0          0          0         84   sqrt.o
         0          0          0          0          0          0   entry.o
         0          0          0          0          0          0   entry10a.o
         0          0          0          0          0          0   entry11a.o
         4          0          0          0          0          0   entry12b.o
         8          4          0          0          0          0   entry2.o
         4          0          0          0          0          0   entry5.o
         0          0          0          0          0          0   entry7b.o
         0          0          0          0          0          0   entry8b.o
         8          4          0          0          0          0   entry9a.o
        12          6          0          4          0         68   errno.o
        30          0          0          0          0          0   handlers.o
        36          8          0          0          0         68   init.o
         0          0          0          0          0          0   iusefp.o
        30          0          0          0          0         68   llshl.o
        36          0          0          0          0         68   llsshr.o
        32          0          0          0          0         68   llushr.o
        36          0          0          0          0        108   memseta.o
      2310         92          0          0          0        680   printfa.o
        44          0          0          0          0         80   uidiv.o
        98          0          0          0          0         92   uldiv.o
        48          0          0          0          0         68   cdcmple.o
        48          0          0          0          0         68   cdrcmple.o
        20          0          0          0          0         68   cfcmple.o
        20          0          0          0          0         68   cfrcmple.o
        56          0          0          0          0         88   d2f.o
       334          0          0          0          0        148   dadd.o
       222          0          0          0          0        100   ddiv.o
       186          0          0          0          0        176   depilogue.o
        48          0          0          0          0         68   dfixul.o
        34          0          0          0          0         76   dflti.o
        40          0          0          0          0         80   dfltl.o
        26          0          0          0          0         76   dfltui.o
       228          0          0          0          0         96   dmul.o
        46          0          0          0          0         80   dscalb.o
       162          0          0          0          0        100   dsqrt.o
       176          0          0          0          0        140   fadd.o
       124          0          0          0          0         88   fdiv.o
       110          0          0          0          0        168   fepilogue.o
        50          0          0          0          0         68   ffixi.o
        18          0          0          0          0         68   fflti.o
       100          0          0          0          0         76   fmul.o
        24          0          0          0          0         68   fscalb.o

    ----------------------------------------------------------------------
      6812        306        160          4          0       4376   Library Totals
         8          0          0          0          0          0   (incl. Padding)

    ----------------------------------------------------------------------

      Code (inc. data)   RO Data    RW Data    ZI Data      Debug   Library Name

      1996        192        160          0          0       1040   m_ws.l
      2688        114          0          4          0       1300   mc_w.l
      2120          0          0          0          0       2036   mf_w.l

    ----------------------------------------------------------------------
      6812        306        160          4          0       4376   Library Totals

    ----------------------------------------------------------------------

==============================================================================


      Code (inc. data)   RO Data    RW Data    ZI Data      Debug   

     24408       1384       2440        252       5412     611163   Grand Totals
     24408       1384       2440        252       5412     611163   ELF Image Totals
     24408       1384       2440        252          0          0   ROM Totals

==============================================================================

    Total RO  Size (Code + RO Data)                26848 (  26.22kB)
    Total RW  Size (RW Data + ZI Data)              5664 (   5.53kB)
    Total ROM Size (Code + RO Data + RW Data)      27100 (  26.46kB)

==============================================================================

